Archive member included to satisfy reference by file (symbol)

/usr/lib/gcc/arm-none-eabi/9.2.1/thumb/v6-m/nofp/libgcc.a(_dvmd_tls.o)
                              CMakeFiles/interruptConfigure.dir/home/l00ser/git_codes/raspberry_pico/pico_sdk_lib/pico-sdk/src/rp2_common/pico_divider/divider.S.obj (__aeabi_idiv0)
/usr/lib/gcc/arm-none-eabi/9.2.1/../../../arm-none-eabi/lib/thumb/v6-m/nofp/libc.a(lib_a-atexit.o)
                              /usr/lib/gcc/arm-none-eabi/9.2.1/../../../arm-none-eabi/lib/thumb/v6-m/nofp/crt0.o (atexit)
/usr/lib/gcc/arm-none-eabi/9.2.1/../../../arm-none-eabi/lib/thumb/v6-m/nofp/libc.a(lib_a-calloc.o)
                              CMakeFiles/interruptConfigure.dir/home/l00ser/git_codes/raspberry_pico/pico_sdk_lib/pico-sdk/src/rp2_common/pico_malloc/pico_malloc.c.obj (calloc)
/usr/lib/gcc/arm-none-eabi/9.2.1/../../../arm-none-eabi/lib/thumb/v6-m/nofp/libc.a(lib_a-callocr.o)
                              /usr/lib/gcc/arm-none-eabi/9.2.1/../../../arm-none-eabi/lib/thumb/v6-m/nofp/libc.a(lib_a-calloc.o) (_calloc_r)
/usr/lib/gcc/arm-none-eabi/9.2.1/../../../arm-none-eabi/lib/thumb/v6-m/nofp/libc.a(lib_a-fini.o)
                              /usr/lib/gcc/arm-none-eabi/9.2.1/../../../arm-none-eabi/lib/thumb/v6-m/nofp/crt0.o (__libc_fini_array)
/usr/lib/gcc/arm-none-eabi/9.2.1/../../../arm-none-eabi/lib/thumb/v6-m/nofp/libc.a(lib_a-impure.o)
                              /usr/lib/gcc/arm-none-eabi/9.2.1/../../../arm-none-eabi/lib/thumb/v6-m/nofp/libc.a(lib_a-calloc.o) (_impure_ptr)
/usr/lib/gcc/arm-none-eabi/9.2.1/../../../arm-none-eabi/lib/thumb/v6-m/nofp/libc.a(lib_a-init.o)
                              /usr/lib/gcc/arm-none-eabi/9.2.1/../../../arm-none-eabi/lib/thumb/v6-m/nofp/crt0.o (__libc_init_array)
/usr/lib/gcc/arm-none-eabi/9.2.1/../../../arm-none-eabi/lib/thumb/v6-m/nofp/libc.a(lib_a-malloc.o)
                              CMakeFiles/interruptConfigure.dir/home/l00ser/git_codes/raspberry_pico/pico_sdk_lib/pico-sdk/src/rp2_common/pico_malloc/pico_malloc.c.obj (malloc)
/usr/lib/gcc/arm-none-eabi/9.2.1/../../../arm-none-eabi/lib/thumb/v6-m/nofp/libc.a(lib_a-mallocr.o)
                              /usr/lib/gcc/arm-none-eabi/9.2.1/../../../arm-none-eabi/lib/thumb/v6-m/nofp/libc.a(lib_a-callocr.o) (_malloc_r)
/usr/lib/gcc/arm-none-eabi/9.2.1/../../../arm-none-eabi/lib/thumb/v6-m/nofp/libc.a(lib_a-mlock.o)
                              /usr/lib/gcc/arm-none-eabi/9.2.1/../../../arm-none-eabi/lib/thumb/v6-m/nofp/libc.a(lib_a-mallocr.o) (__malloc_lock)
/usr/lib/gcc/arm-none-eabi/9.2.1/../../../arm-none-eabi/lib/thumb/v6-m/nofp/libc.a(lib_a-sbrkr.o)
                              /usr/lib/gcc/arm-none-eabi/9.2.1/../../../arm-none-eabi/lib/thumb/v6-m/nofp/libc.a(lib_a-mallocr.o) (_sbrk_r)
/usr/lib/gcc/arm-none-eabi/9.2.1/../../../arm-none-eabi/lib/thumb/v6-m/nofp/libc.a(lib_a-strlen-stub.o)
                              CMakeFiles/interruptConfigure.dir/home/l00ser/git_codes/raspberry_pico/pico_sdk_lib/pico-sdk/src/rp2_common/pico_stdio/stdio.c.obj (strlen)
/usr/lib/gcc/arm-none-eabi/9.2.1/../../../arm-none-eabi/lib/thumb/v6-m/nofp/libc.a(lib_a-__atexit.o)
                              /usr/lib/gcc/arm-none-eabi/9.2.1/../../../arm-none-eabi/lib/thumb/v6-m/nofp/libc.a(lib_a-atexit.o) (__register_exitproc)
/usr/lib/gcc/arm-none-eabi/9.2.1/../../../arm-none-eabi/lib/thumb/v6-m/nofp/libc.a(lib_a-freer.o)
                              /usr/lib/gcc/arm-none-eabi/9.2.1/../../../arm-none-eabi/lib/thumb/v6-m/nofp/libc.a(lib_a-malloc.o) (_free_r)
/usr/lib/gcc/arm-none-eabi/9.2.1/../../../arm-none-eabi/lib/thumb/v6-m/nofp/libc.a(lib_a-reent.o)
                              /usr/lib/gcc/arm-none-eabi/9.2.1/../../../arm-none-eabi/lib/thumb/v6-m/nofp/libc.a(lib_a-sbrkr.o) (errno)

Allocating common symbols
Common symbol       size              file

sf_table            0x100             CMakeFiles/interruptConfigure.dir/home/l00ser/git_codes/raspberry_pico/pico_sdk_lib/pico-sdk/src/rp2_common/pico_float/float_init_rom.c.obj
errno               0x4               /usr/lib/gcc/arm-none-eabi/9.2.1/../../../arm-none-eabi/lib/thumb/v6-m/nofp/libc.a(lib_a-reent.o)
_usbd_qdef_buf      0xc0              CMakeFiles/interruptConfigure.dir/home/l00ser/git_codes/raspberry_pico/pico_sdk_lib/pico-sdk/lib/tinyusb/src/device/usbd.c.obj
sd_table            0x100             CMakeFiles/interruptConfigure.dir/home/l00ser/git_codes/raspberry_pico/pico_sdk_lib/pico-sdk/src/rp2_common/pico_double/double_init_rom.c.obj
uart_char_to_line_feed
                    0x4               CMakeFiles/interruptConfigure.dir/home/l00ser/git_codes/raspberry_pico/pico_sdk_lib/pico-sdk/src/rp2_common/hardware_uart/uart.c.obj

Discarded input sections

 .text          0x0000000000000000        0x0 /usr/lib/gcc/arm-none-eabi/9.2.1/thumb/v6-m/nofp/crti.o
 .data          0x0000000000000000        0x0 /usr/lib/gcc/arm-none-eabi/9.2.1/thumb/v6-m/nofp/crti.o
[...]
Memory Configuration

Name             Origin             Length             Attributes
FLASH            0x0000000010000000 0x0000000000200000 xr
RAM              0x0000000020000000 0x0000000000040000 xrw
SCRATCH_X        0x0000000020040000 0x0000000000001000 xrw
SCRATCH_Y        0x0000000020041000 0x0000000000001000 xrw
*default*        0x0000000000000000 0xffffffffffffffff

Linker script and memory map

LOAD /usr/lib/gcc/arm-none-eabi/9.2.1/thumb/v6-m/nofp/crti.o
LOAD /usr/lib/gcc/arm-none-eabi/9.2.1/thumb/v6-m/nofp/crtbegin.o
LOAD /usr/lib/gcc/arm-none-eabi/9.2.1/../../../arm-none-eabi/lib/thumb/v6-m/nofp/crt0.o

.flash_begin    0x0000000010000000        0x0
                0x0000000010000000                __flash_binary_start = .

.boot2          0x0000000010000000      0x100
                0x0000000010000000                __boot2_start__ = .
 *(.boot2)
 .boot2         0x0000000010000000      0x100 /tmp/cc7eTvqC.o
                0x0000000010000100                __boot2_end__ = .
                0x0000000000000001                ASSERT (((__boot2_end__ - __boot2_start__) == 0x100), ERROR: Pico second stage bootloader must be 256 bytes in size)

.text           0x0000000010000100     0x9b08
                0x0000000010000100                __logical_binary_start = .
 *(.vectors)
 .vectors       0x0000000010000100       0xd4 CMakeFiles/interruptConfigure.dir/home/l00ser/git_codes/raspberry_pico/pico_sdk_lib/pico-sdk/src/rp2_common/pico_standard_link/crt0.S.obj
                0x0000000010000100                __vectors
                0x0000000010000100                __VECTOR_TABLE
                0x00000000100001c0                isr_invalid
                0x00000000100001c0                __default_isrs_start
                0x00000000100001c2                isr_nmi
                0x00000000100001c4                isr_hardfault
                0x00000000100001c6                isr_svcall
                0x00000000100001c8                isr_pendsv
                0x00000000100001ca                isr_systick
                0x00000000100001cc                isr_irq30
                0x00000000100001cc                __unhandled_user_irq
                0x00000000100001cc                isr_irq13
                0x00000000100001cc                isr_irq27
                0x00000000100001cc                isr_irq31
                0x00000000100001cc                isr_irq5
                0x00000000100001cc                isr_irq11
                0x00000000100001cc                isr_irq23
                0x00000000100001cc                isr_irq18
                0x00000000100001cc                isr_irq28
                0x00000000100001cc                isr_irq19
                0x00000000100001cc                isr_irq0
                0x00000000100001cc                isr_irq6
                0x00000000100001cc                isr_irq22
                0x00000000100001cc                isr_irq17
                0x00000000100001cc                isr_irq14
                0x00000000100001cc                isr_irq2
                0x00000000100001cc                isr_irq10
                0x00000000100001cc                isr_irq8
                0x00000000100001cc                isr_irq24
                0x00000000100001cc                isr_irq1
                0x00000000100001cc                isr_irq7
                0x00000000100001cc                isr_irq21
                0x00000000100001cc                isr_irq20
                0x00000000100001cc                isr_irq15
                0x00000000100001cc                isr_irq25
                0x00000000100001cc                isr_irq4
                0x00000000100001cc                isr_irq16
                0x00000000100001cc                isr_irq29
                0x00000000100001cc                isr_irq26
                0x00000000100001cc                __default_isrs_end
                0x00000000100001cc                isr_irq3
                0x00000000100001cc                isr_irq12
                0x00000000100001cc                isr_irq9
                0x00000000100001d2                unhandled_user_irq_num_in_r0
 *(.binary_info_header)
 .binary_info_header
                0x00000000100001d4       0x14 CMakeFiles/interruptConfigure.dir/home/l00ser/git_codes/raspberry_pico/pico_sdk_lib/pico-sdk/src/rp2_common/pico_standard_link/crt0.S.obj
                0x00000000100001e8                __binary_info_header_end = .
 *(.reset)
 .reset         0x00000000100001e8       0xa8 CMakeFiles/interruptConfigure.dir/home/l00ser/git_codes/raspberry_pico/pico_sdk_lib/pico-sdk/src/rp2_common/pico_standard_link/crt0.S.obj
                0x00000000100001e8                _entry_point
                0x0000000010000266                __get_current_exception
 .reset         0x0000000010000290       0x30 CMakeFiles/interruptConfigure.dir/home/l00ser/git_codes/raspberry_pico/pico_sdk_lib/pico-sdk/src/rp2_common/pico_standard_link/binary_info.c.obj
 *(.init)
 .init          0x00000000100002c0        0x4 /usr/lib/gcc/arm-none-eabi/9.2.1/thumb/v6-m/nofp/crti.o
                0x00000000100002c0                _init
 *(EXCLUDE_FILE(*libm.a: *libc.a:*lib_a-mem*.o *libgcc.a:) .text*)
 .text          0x00000000100002c4       0x98 /usr/lib/gcc/arm-none-eabi/9.2.1/thumb/v6-m/nofp/crtbegin.o
 .text._Z16interruptHandlerjm
                0x000000001000035c      0x108 CMakeFiles/interruptConfigure.dir/interruptConfigure.cpp.obj
                0x000000001000035c                interruptHandler(unsigned int, unsigned long)
 .text._Z5setupv
                0x0000000010000464      0x124 CMakeFiles/interruptConfigure.dir/interruptConfigure.cpp.obj
                0x0000000010000464                setup()
 .text._Z11printRxFifov
                0x0000000010000588       0xc8 CMakeFiles/interruptConfigure.dir/interruptConfigure.cpp.obj
                0x0000000010000588                printRxFifo()
 .text._Z4loopv
                0x0000000010000650      0x284 CMakeFiles/interruptConfigure.dir/interruptConfigure.cpp.obj
                0x0000000010000650                loop()
 .text.startup.main
                0x00000000100008d4       0x18 CMakeFiles/interruptConfigure.dir/interruptConfigure.cpp.obj
                0x00000000100008d4                main
 .text.startup._GLOBAL__sub_I_wait_for_event
                0x00000000100008ec       0x24 CMakeFiles/interruptConfigure.dir/interruptConfigure.cpp.obj
 .text._ZN4RF2413write_payloadEPKvhh
                0x0000000010000910      0x158 CMakeFiles/interruptConfigure.dir/home/l00ser/git_codes/raspberry_pico/test/RF24/RF24.cpp.obj
                0x0000000010000910                RF24::write_payload(void const*, unsigned char, unsigned char)
 .text._ZN4RF2412read_payloadEPvh
                0x0000000010000a68      0x144 CMakeFiles/interruptConfigure.dir/home/l00ser/git_codes/raspberry_pico/test/RF24/RF24.cpp.obj
                0x0000000010000a68                RF24::read_payload(void*, unsigned char)
 .text._ZN4RF248flush_txEv
                0x0000000010000bac       0x3c CMakeFiles/interruptConfigure.dir/home/l00ser/git_codes/raspberry_pico/test/RF24/RF24.cpp.obj
                0x0000000010000bac                RF24::flush_tx()
 .text._ZN4RF24C2Ettm
                0x0000000010000be8       0x4c CMakeFiles/interruptConfigure.dir/home/l00ser/git_codes/raspberry_pico/test/RF24/RF24.cpp.obj
                0x0000000010000be8                RF24::RF24(unsigned short, unsigned short, unsigned long)
                0x0000000010000be8                RF24::RF24(unsigned short, unsigned short, unsigned long)
 .text._ZN4RF2411_init_radioEv
                0x0000000010000c34      0x5c4 CMakeFiles/interruptConfigure.dir/home/l00ser/git_codes/raspberry_pico/test/RF24/RF24.cpp.obj
                0x0000000010000c34                RF24::_init_radio()
 .text._ZN4RF245beginEv
                0x00000000100011f8       0x60 CMakeFiles/interruptConfigure.dir/home/l00ser/git_codes/raspberry_pico/test/RF24/RF24.cpp.obj
                0x00000000100011f8                RF24::begin()
 .text._ZN4RF2414startListeningEv
                0x0000000010001258      0x2d8 CMakeFiles/interruptConfigure.dir/home/l00ser/git_codes/raspberry_pico/test/RF24/RF24.cpp.obj
                0x0000000010001258                RF24::startListening()
 .text._ZN4RF2413stopListeningEv
                0x0000000010001530      0x15c CMakeFiles/interruptConfigure.dir/home/l00ser/git_codes/raspberry_pico/test/RF24/RF24.cpp.obj
                0x0000000010001530                RF24::stopListening()
 .text._ZN4RF249powerDownEv
                0x000000001000168c       0x68 CMakeFiles/interruptConfigure.dir/home/l00ser/git_codes/raspberry_pico/test/RF24/RF24.cpp.obj
                0x000000001000168c                RF24::powerDown()
 .text._ZN4RF245writeEPKvhb
                0x00000000100016f4      0x14c CMakeFiles/interruptConfigure.dir/home/l00ser/git_codes/raspberry_pico/test/RF24/RF24.cpp.obj
                0x00000000100016f4                RF24::write(void const*, unsigned char, bool)
 .text._ZN4RF245writeEPKvh
                0x0000000010001840        0xc CMakeFiles/interruptConfigure.dir/home/l00ser/git_codes/raspberry_pico/test/RF24/RF24.cpp.obj
                0x0000000010001840                RF24::write(void const*, unsigned char)
 .text._ZN4RF2414startFastWriteEPKvhbb
                0x000000001000184c       0x30 CMakeFiles/interruptConfigure.dir/home/l00ser/git_codes/raspberry_pico/test/RF24/RF24.cpp.obj
                0x000000001000184c                RF24::startFastWrite(void const*, unsigned char, bool, bool)
 .text._ZN4RF2410rxFifoFullEv
                0x000000001000187c       0x58 CMakeFiles/interruptConfigure.dir/home/l00ser/git_codes/raspberry_pico/test/RF24/RF24.cpp.obj
                0x000000001000187c                RF24::rxFifoFull()
 .text._ZN4RF247maskIRQEbbb
                0x00000000100018d4       0x68 CMakeFiles/interruptConfigure.dir/home/l00ser/git_codes/raspberry_pico/test/RF24/RF24.cpp.obj
                0x00000000100018d4                RF24::maskIRQ(bool, bool, bool)
 .text._ZN4RF249availableEv
                0x000000001000193c       0x48 CMakeFiles/interruptConfigure.dir/home/l00ser/git_codes/raspberry_pico/test/RF24/RF24.cpp.obj
                0x000000001000193c                RF24::available()
 .text._ZN4RF244readEPvh
                0x0000000010001984       0x54 CMakeFiles/interruptConfigure.dir/home/l00ser/git_codes/raspberry_pico/test/RF24/RF24.cpp.obj
                0x0000000010001984                RF24::read(void*, unsigned char)
 .text._ZN4RF2412whatHappenedERbS0_S0_
                0x00000000100019d8       0x7c CMakeFiles/interruptConfigure.dir/home/l00ser/git_codes/raspberry_pico/test/RF24/RF24.cpp.obj
                0x00000000100019d8                RF24::whatHappened(bool&, bool&, bool&)
 .text._ZN4RF2415openWritingPipeEPKh
                0x0000000010001a54      0x1b0 CMakeFiles/interruptConfigure.dir/home/l00ser/git_codes/raspberry_pico/test/RF24/RF24.cpp.obj
                0x0000000010001a54                RF24::openWritingPipe(unsigned char const*)
 .text._ZN4RF2415openReadingPipeEhPKh
                0x0000000010001c04      0x220 CMakeFiles/interruptConfigure.dir/home/l00ser/git_codes/raspberry_pico/test/RF24/RF24.cpp.obj
                0x0000000010001c04                RF24::openReadingPipe(unsigned char, unsigned char const*)
 .text._ZN4RF2421enableDynamicPayloadsEv
                0x0000000010001e24      0x158 CMakeFiles/interruptConfigure.dir/home/l00ser/git_codes/raspberry_pico/test/RF24/RF24.cpp.obj
                0x0000000010001e24                RF24::enableDynamicPayloads()
 .text._ZN4RF2416enableAckPayloadEv
                0x0000000010001f7c      0x168 CMakeFiles/interruptConfigure.dir/home/l00ser/git_codes/raspberry_pico/test/RF24/RF24.cpp.obj
                0x0000000010001f7c                RF24::enableAckPayload()
 .text._ZN4RF2415writeAckPayloadEhPKvh
                0x00000000100020e4       0x2c CMakeFiles/interruptConfigure.dir/home/l00ser/git_codes/raspberry_pico/test/RF24/RF24.cpp.obj
                0x00000000100020e4                RF24::writeAckPayload(unsigned char, void const*, unsigned char)
 .text._ZN4RF2410setPALevelEhb
                0x0000000010002110       0xc4 CMakeFiles/interruptConfigure.dir/home/l00ser/git_codes/raspberry_pico/test/RF24/RF24.cpp.obj
                0x0000000010002110                RF24::setPALevel(unsigned char, bool)
 .text.startup._GLOBAL__sub_I__ZN4RF243csnEb
                0x00000000100021d4       0x10 CMakeFiles/interruptConfigure.dir/home/l00ser/git_codes/raspberry_pico/test/RF24/RF24.cpp.obj
 .text._ZN4GPIO4openEii
                0x00000000100021e4       0x20 CMakeFiles/interruptConfigure.dir/home/l00ser/git_codes/raspberry_pico/test/RF24/utility/rp2/gpio.cpp.obj
                0x00000000100021e4                GPIO::open(int, int)
 .text._ZN4GPIO5writeEii
                0x0000000010002204       0x14 CMakeFiles/interruptConfigure.dir/home/l00ser/git_codes/raspberry_pico/test/RF24/utility/rp2/gpio.cpp.obj
                0x0000000010002204                GPIO::write(int, int)
 .text._ZN3SPID2Ev
                0x0000000010002218        0x4 CMakeFiles/interruptConfigure.dir/home/l00ser/git_codes/raspberry_pico/test/RF24/utility/rp2/spi.cpp.obj
                0x0000000010002218                SPI::~SPI()
                0x0000000010002218                SPI::~SPI()
 .text._ZN3SPID0Ev
                0x000000001000221c       0x10 CMakeFiles/interruptConfigure.dir/home/l00ser/git_codes/raspberry_pico/test/RF24/utility/rp2/spi.cpp.obj
                0x000000001000221c                SPI::~SPI()
 .text._ZN3SPIC2Ev
                0x000000001000222c        0xc CMakeFiles/interruptConfigure.dir/home/l00ser/git_codes/raspberry_pico/test/RF24/utility/rp2/spi.cpp.obj
                0x000000001000222c                SPI::SPI()
                0x000000001000222c                SPI::SPI()
 .text._ZN3SPI5beginEP8spi_inst
                0x0000000010002238       0x24 CMakeFiles/interruptConfigure.dir/home/l00ser/git_codes/raspberry_pico/test/RF24/utility/rp2/spi.cpp.obj
                0x0000000010002238                SPI::begin(spi_inst*)
 .text._ZN3SPI8transferEh
                0x000000001000225c       0x2c CMakeFiles/interruptConfigure.dir/home/l00ser/git_codes/raspberry_pico/test/RF24/utility/rp2/spi.cpp.obj
                0x000000001000225c                SPI::transfer(unsigned char)
 .text._ZN3SPI10transfernbEPKhPhm
                0x0000000010002288       0x18 CMakeFiles/interruptConfigure.dir/home/l00ser/git_codes/raspberry_pico/test/RF24/utility/rp2/spi.cpp.obj
                0x0000000010002288                SPI::transfernb(unsigned char const*, unsigned char*, unsigned long)
 .text._ZN3SPI16beginTransactionEm
                0x00000000100022a0       0x28 CMakeFiles/interruptConfigure.dir/home/l00ser/git_codes/raspberry_pico/test/RF24/utility/rp2/spi.cpp.obj
                0x00000000100022a0                SPI::beginTransaction(unsigned long)
 .text._ZN3SPI14endTransactionEv
                0x00000000100022c8       0x10 CMakeFiles/interruptConfigure.dir/home/l00ser/git_codes/raspberry_pico/test/RF24/utility/rp2/spi.cpp.obj
                0x00000000100022c8                SPI::endTransaction()
 .text.gpio_irq_handler
                0x00000000100022d8       0x7c CMakeFiles/interruptConfigure.dir/home/l00ser/git_codes/raspberry_pico/pico_sdk_lib/pico-sdk/src/rp2_common/hardware_gpio/gpio.c.obj
 .text.gpio_set_function
                0x0000000010002354       0x30 CMakeFiles/interruptConfigure.dir/home/l00ser/git_codes/raspberry_pico/pico_sdk_lib/pico-sdk/src/rp2_common/hardware_gpio/gpio.c.obj
                0x0000000010002354                gpio_set_function
 .text.gpio_set_irq_enabled_with_callback
                0x0000000010002384       0x78 CMakeFiles/interruptConfigure.dir/home/l00ser/git_codes/raspberry_pico/pico_sdk_lib/pico-sdk/src/rp2_common/hardware_gpio/gpio.c.obj
                0x0000000010002384                gpio_set_irq_enabled_with_callback
 .text.gpio_init
                0x00000000100023fc       0x3c CMakeFiles/interruptConfigure.dir/home/l00ser/git_codes/raspberry_pico/pico_sdk_lib/pico-sdk/src/rp2_common/hardware_gpio/gpio.c.obj
                0x00000000100023fc                gpio_init
 .text.hw_claim_or_assert
                0x0000000010002438       0x48 CMakeFiles/interruptConfigure.dir/home/l00ser/git_codes/raspberry_pico/pico_sdk_lib/pico-sdk/src/rp2_common/hardware_claim/claim.c.obj
                0x0000000010002438                hw_claim_or_assert
 .text.hw_claim_unused_from_range
                0x0000000010002480       0x9c CMakeFiles/interruptConfigure.dir/home/l00ser/git_codes/raspberry_pico/pico_sdk_lib/pico-sdk/src/rp2_common/hardware_claim/claim.c.obj
                0x0000000010002480                hw_claim_unused_from_range
 .text.running_on_fpga
                0x000000001000251c       0x10 CMakeFiles/interruptConfigure.dir/home/l00ser/git_codes/raspberry_pico/pico_sdk_lib/pico-sdk/src/rp2_common/pico_platform/platform.c.obj
                0x000000001000251c                running_on_fpga
 .text.spin_locks_reset
                0x000000001000252c       0x1c CMakeFiles/interruptConfigure.dir/home/l00ser/git_codes/raspberry_pico/pico_sdk_lib/pico-sdk/src/rp2_common/hardware_sync/sync.c.obj
                0x000000001000252c                spin_locks_reset
 .text.next_striped_spin_lock_num
                0x0000000010002548       0x18 CMakeFiles/interruptConfigure.dir/home/l00ser/git_codes/raspberry_pico/pico_sdk_lib/pico-sdk/src/rp2_common/hardware_sync/sync.c.obj
                0x0000000010002548                next_striped_spin_lock_num
 .text.spin_lock_claim_unused
                0x0000000010002560       0x20 CMakeFiles/interruptConfigure.dir/home/l00ser/git_codes/raspberry_pico/pico_sdk_lib/pico-sdk/src/rp2_common/hardware_sync/sync.c.obj
                0x0000000010002560                spin_lock_claim_unused
 .text.timer_pool_entry_comparator
                0x0000000010002580       0x34 CMakeFiles/interruptConfigure.dir/home/l00ser/git_codes/raspberry_pico/pico_sdk_lib/pico-sdk/src/common/pico_time/time.c.obj
                0x0000000010002580                timer_pool_entry_comparator
 .text.sleep_until_callback
                0x00000000100025b4       0x30 CMakeFiles/interruptConfigure.dir/home/l00ser/git_codes/raspberry_pico/pico_sdk_lib/pico-sdk/src/common/pico_time/time.c.obj
 .text.alarm_pool_add_alarm_at.constprop.0
                0x00000000100025e4      0x128 CMakeFiles/interruptConfigure.dir/home/l00ser/git_codes/raspberry_pico/pico_sdk_lib/pico-sdk/src/common/pico_time/time.c.obj
 .text.add_alarm_under_lock
                0x000000001000270c      0x108 CMakeFiles/interruptConfigure.dir/home/l00ser/git_codes/raspberry_pico/pico_sdk_lib/pico-sdk/src/common/pico_time/time.c.obj
 .text.alarm_pool_alarm_callback
                0x0000000010002814      0x1c8 CMakeFiles/interruptConfigure.dir/home/l00ser/git_codes/raspberry_pico/pico_sdk_lib/pico-sdk/src/common/pico_time/time.c.obj
 .text.alarm_pool_init_default
                0x00000000100029dc       0x64 CMakeFiles/interruptConfigure.dir/home/l00ser/git_codes/raspberry_pico/pico_sdk_lib/pico-sdk/src/common/pico_time/time.c.obj
                0x00000000100029dc                alarm_pool_init_default
 .text.alarm_pool_get_default
                0x0000000010002a40        0x8 CMakeFiles/interruptConfigure.dir/home/l00ser/git_codes/raspberry_pico/pico_sdk_lib/pico-sdk/src/common/pico_time/time.c.obj
                0x0000000010002a40                alarm_pool_get_default
 .text.alarm_pool_add_alarm_at
                0x0000000010002a48      0x1ac CMakeFiles/interruptConfigure.dir/home/l00ser/git_codes/raspberry_pico/pico_sdk_lib/pico-sdk/src/common/pico_time/time.c.obj
                0x0000000010002a48                alarm_pool_add_alarm_at
 .text.sleep_until
                0x0000000010002bf4       0xac CMakeFiles/interruptConfigure.dir/home/l00ser/git_codes/raspberry_pico/pico_sdk_lib/pico-sdk/src/common/pico_time/time.c.obj
                0x0000000010002bf4                sleep_until
 .text.sleep_us
                0x0000000010002ca0       0x30 CMakeFiles/interruptConfigure.dir/home/l00ser/git_codes/raspberry_pico/pico_sdk_lib/pico-sdk/src/common/pico_time/time.c.obj
                0x0000000010002ca0                sleep_us
 .text.sleep_ms
                0x0000000010002cd0       0x38 CMakeFiles/interruptConfigure.dir/home/l00ser/git_codes/raspberry_pico/pico_sdk_lib/pico-sdk/src/common/pico_time/time.c.obj
                0x0000000010002cd0                sleep_ms
 .text.best_effort_wfe_or_timeout
                0x0000000010002d08       0xd4 CMakeFiles/interruptConfigure.dir/home/l00ser/git_codes/raspberry_pico/pico_sdk_lib/pico-sdk/src/common/pico_time/time.c.obj
                0x0000000010002d08                best_effort_wfe_or_timeout
 .text.hardware_alarm_irq_handler
                0x0000000010002ddc       0xb8 CMakeFiles/interruptConfigure.dir/home/l00ser/git_codes/raspberry_pico/pico_sdk_lib/pico-sdk/src/rp2_common/hardware_timer/timer.c.obj
 .text.hardware_alarm_claim
                0x0000000010002e94       0x18 CMakeFiles/interruptConfigure.dir/home/l00ser/git_codes/raspberry_pico/pico_sdk_lib/pico-sdk/src/rp2_common/hardware_timer/timer.c.obj
                0x0000000010002e94                hardware_alarm_claim
 .text.time_us_64
                0x0000000010002eac       0x14 CMakeFiles/interruptConfigure.dir/home/l00ser/git_codes/raspberry_pico/pico_sdk_lib/pico-sdk/src/rp2_common/hardware_timer/timer.c.obj
                0x0000000010002eac                time_us_64
 .text.busy_wait_us
                0x0000000010002ec0       0x54 CMakeFiles/interruptConfigure.dir/home/l00ser/git_codes/raspberry_pico/pico_sdk_lib/pico-sdk/src/rp2_common/hardware_timer/timer.c.obj
                0x0000000010002ec0                busy_wait_us
 .text.busy_wait_until
                0x0000000010002f14       0x20 CMakeFiles/interruptConfigure.dir/home/l00ser/git_codes/raspberry_pico/pico_sdk_lib/pico-sdk/src/rp2_common/hardware_timer/timer.c.obj
                0x0000000010002f14                busy_wait_until
 .text.hardware_alarm_set_callback
                0x0000000010002f34       0x8c CMakeFiles/interruptConfigure.dir/home/l00ser/git_codes/raspberry_pico/pico_sdk_lib/pico-sdk/src/rp2_common/hardware_timer/timer.c.obj
                0x0000000010002f34                hardware_alarm_set_callback
 .text.hardware_alarm_set_target
                0x0000000010002fc0       0xe4 CMakeFiles/interruptConfigure.dir/home/l00ser/git_codes/raspberry_pico/pico_sdk_lib/pico-sdk/src/rp2_common/hardware_timer/timer.c.obj
                0x0000000010002fc0                hardware_alarm_set_target
 .text.hardware_alarm_cancel
                0x00000000100030a4       0x40 CMakeFiles/interruptConfigure.dir/home/l00ser/git_codes/raspberry_pico/pico_sdk_lib/pico-sdk/src/rp2_common/hardware_timer/timer.c.obj
                0x00000000100030a4                hardware_alarm_cancel
 .text.lock_init
                0x00000000100030e4       0x10 CMakeFiles/interruptConfigure.dir/home/l00ser/git_codes/raspberry_pico/pico_sdk_lib/pico-sdk/src/common/pico_sync/lock_core.c.obj
                0x00000000100030e4                lock_init
 .text.mutex_init
                0x00000000100030f4       0x1c CMakeFiles/interruptConfigure.dir/home/l00ser/git_codes/raspberry_pico/pico_sdk_lib/pico-sdk/src/common/pico_sync/mutex.c.obj
                0x00000000100030f4                mutex_init
 .text.recursive_mutex_init
                0x0000000010003110       0x1c CMakeFiles/interruptConfigure.dir/home/l00ser/git_codes/raspberry_pico/pico_sdk_lib/pico-sdk/src/common/pico_sync/mutex.c.obj
                0x0000000010003110                recursive_mutex_init
 .text.critical_section_init
                0x000000001000312c       0x1c CMakeFiles/interruptConfigure.dir/home/l00ser/git_codes/raspberry_pico/pico_sdk_lib/pico-sdk/src/common/pico_sync/critical_section.c.obj
                0x000000001000312c                critical_section_init
 .text.ph_merge_nodes
                0x0000000010003148       0x68 CMakeFiles/interruptConfigure.dir/home/l00ser/git_codes/raspberry_pico/pico_sdk_lib/pico-sdk/src/common/pico_util/pheap.c.obj
 .text.ph_post_alloc_init
                0x00000000100031b0       0x3c CMakeFiles/interruptConfigure.dir/home/l00ser/git_codes/raspberry_pico/pico_sdk_lib/pico-sdk/src/common/pico_util/pheap.c.obj
                0x00000000100031b0                ph_post_alloc_init
 .text.ph_merge_two_pass
                0x00000000100031ec       0x90 CMakeFiles/interruptConfigure.dir/home/l00ser/git_codes/raspberry_pico/pico_sdk_lib/pico-sdk/src/common/pico_util/pheap.c.obj
                0x00000000100031ec                ph_merge_two_pass
 .text.ph_remove_any_head
                0x000000001000327c       0xf8 CMakeFiles/interruptConfigure.dir/home/l00ser/git_codes/raspberry_pico/pico_sdk_lib/pico-sdk/src/common/pico_util/pheap.c.obj
 .text.ph_remove_head
                0x0000000010003374      0x13c CMakeFiles/interruptConfigure.dir/home/l00ser/git_codes/raspberry_pico/pico_sdk_lib/pico-sdk/src/common/pico_util/pheap.c.obj
                0x0000000010003374                ph_remove_head
 .text.ph_remove_and_free_node
                0x00000000100034b0       0x7c CMakeFiles/interruptConfigure.dir/home/l00ser/git_codes/raspberry_pico/pico_sdk_lib/pico-sdk/src/common/pico_util/pheap.c.obj
                0x00000000100034b0                ph_remove_and_free_node
 .text.runtime_init
                0x000000001000352c       0xf0 CMakeFiles/interruptConfigure.dir/home/l00ser/git_codes/raspberry_pico/pico_sdk_lib/pico-sdk/src/rp2_common/pico_runtime/runtime.c.obj
                0x000000001000352c                runtime_init
 .text._sbrk    0x000000001000361c       0x34 CMakeFiles/interruptConfigure.dir/home/l00ser/git_codes/raspberry_pico/pico_sdk_lib/pico-sdk/src/rp2_common/pico_runtime/runtime.c.obj
                0x000000001000361c                _sbrk
 .text.exit     0x0000000010003650        0x4 CMakeFiles/interruptConfigure.dir/home/l00ser/git_codes/raspberry_pico/pico_sdk_lib/pico-sdk/src/rp2_common/pico_runtime/runtime.c.obj
                0x0000000010003650                exit
 .text.panic    0x0000000010003654       0x30 CMakeFiles/interruptConfigure.dir/home/l00ser/git_codes/raspberry_pico/pico_sdk_lib/pico-sdk/src/rp2_common/pico_runtime/runtime.c.obj
                0x0000000010003654                panic
 .text.hard_assertion_failure
                0x0000000010003684        0xc CMakeFiles/interruptConfigure.dir/home/l00ser/git_codes/raspberry_pico/pico_sdk_lib/pico-sdk/src/rp2_common/pico_runtime/runtime.c.obj
                0x0000000010003684                hard_assertion_failure
 .text.clocks_init
                0x0000000010003690      0x2bc CMakeFiles/interruptConfigure.dir/home/l00ser/git_codes/raspberry_pico/pico_sdk_lib/pico-sdk/src/rp2_common/hardware_clocks/clocks.c.obj
                0x0000000010003690                clocks_init
 .text.clock_get_hz
                0x000000001000394c        0xc CMakeFiles/interruptConfigure.dir/home/l00ser/git_codes/raspberry_pico/pico_sdk_lib/pico-sdk/src/rp2_common/hardware_clocks/clocks.c.obj
                0x000000001000394c                clock_get_hz
 .text.irq_set_enabled
                0x0000000010003958       0x24 CMakeFiles/interruptConfigure.dir/home/l00ser/git_codes/raspberry_pico/pico_sdk_lib/pico-sdk/src/rp2_common/hardware_irq/irq.c.obj
                0x0000000010003958                irq_set_enabled
 .text.irq_set_pending
                0x000000001000397c       0x10 CMakeFiles/interruptConfigure.dir/home/l00ser/git_codes/raspberry_pico/pico_sdk_lib/pico-sdk/src/rp2_common/hardware_irq/irq.c.obj
                0x000000001000397c                irq_set_pending
 .text.irq_get_vtable_handler
                0x000000001000398c       0x10 CMakeFiles/interruptConfigure.dir/home/l00ser/git_codes/raspberry_pico/pico_sdk_lib/pico-sdk/src/rp2_common/hardware_irq/irq.c.obj
                0x000000001000398c                irq_get_vtable_handler
 .text.irq_set_exclusive_handler
                0x000000001000399c       0x54 CMakeFiles/interruptConfigure.dir/home/l00ser/git_codes/raspberry_pico/pico_sdk_lib/pico-sdk/src/rp2_common/hardware_irq/irq.c.obj
                0x000000001000399c                irq_set_exclusive_handler
 .text.irq_remove_handler
                0x00000000100039f0      0x1b8 CMakeFiles/interruptConfigure.dir/home/l00ser/git_codes/raspberry_pico/pico_sdk_lib/pico-sdk/src/rp2_common/hardware_irq/irq.c.obj
                0x00000000100039f0                irq_remove_handler
 .text.irq_add_tail_to_free_list
                0x0000000010003ba8       0xb8 CMakeFiles/interruptConfigure.dir/home/l00ser/git_codes/raspberry_pico/pico_sdk_lib/pico-sdk/src/rp2_common/hardware_irq/irq.c.obj
                0x0000000010003ba8                irq_add_tail_to_free_list
 .text.irq_init_priorities
                0x0000000010003c60       0x24 CMakeFiles/interruptConfigure.dir/home/l00ser/git_codes/raspberry_pico/pico_sdk_lib/pico-sdk/src/rp2_common/hardware_irq/irq.c.obj
                0x0000000010003c60                irq_init_priorities
 .text.pll_init
                0x0000000010003c84       0xa4 CMakeFiles/interruptConfigure.dir/home/l00ser/git_codes/raspberry_pico/pico_sdk_lib/pico-sdk/src/rp2_common/hardware_pll/pll.c.obj
                0x0000000010003c84                pll_init
 .text.watchdog_start_tick
                0x0000000010003d28       0x10 CMakeFiles/interruptConfigure.dir/home/l00ser/git_codes/raspberry_pico/pico_sdk_lib/pico-sdk/src/rp2_common/hardware_watchdog/watchdog.c.obj
                0x0000000010003d28                watchdog_start_tick
 .text.watchdog_reboot
                0x0000000010003d38       0x98 CMakeFiles/interruptConfigure.dir/home/l00ser/git_codes/raspberry_pico/pico_sdk_lib/pico-sdk/src/rp2_common/hardware_watchdog/watchdog.c.obj
                0x0000000010003d38                watchdog_reboot
 .text.xosc_init
                0x0000000010003dd0       0x28 CMakeFiles/interruptConfigure.dir/home/l00ser/git_codes/raspberry_pico/pico_sdk_lib/pico-sdk/src/rp2_common/hardware_xosc/xosc.c.obj
                0x0000000010003dd0                xosc_init
 .text._out_null
                0x0000000010003df8        0x4 CMakeFiles/interruptConfigure.dir/home/l00ser/git_codes/raspberry_pico/pico_sdk_lib/pico-sdk/src/rp2_common/pico_printf/printf.c.obj
 .text._out_rev
                0x0000000010003dfc       0xd0 CMakeFiles/interruptConfigure.dir/home/l00ser/git_codes/raspberry_pico/pico_sdk_lib/pico-sdk/src/rp2_common/pico_printf/printf.c.obj
 .text._ntoa_format
                0x0000000010003ecc      0x1d0 CMakeFiles/interruptConfigure.dir/home/l00ser/git_codes/raspberry_pico/pico_sdk_lib/pico-sdk/src/rp2_common/pico_printf/printf.c.obj
 .text._out_char
                0x000000001000409c       0x10 CMakeFiles/interruptConfigure.dir/home/l00ser/git_codes/raspberry_pico/pico_sdk_lib/pico-sdk/src/rp2_common/pico_printf/printf.c.obj
 .text._out_fct
                0x00000000100040ac       0x10 CMakeFiles/interruptConfigure.dir/home/l00ser/git_codes/raspberry_pico/pico_sdk_lib/pico-sdk/src/rp2_common/pico_printf/printf.c.obj
 .text._etoa    0x00000000100040bc      0x478 CMakeFiles/interruptConfigure.dir/home/l00ser/git_codes/raspberry_pico/pico_sdk_lib/pico-sdk/src/rp2_common/pico_printf/printf.c.obj
 .text._ftoa    0x0000000010004534      0x3e0 CMakeFiles/interruptConfigure.dir/home/l00ser/git_codes/raspberry_pico/pico_sdk_lib/pico-sdk/src/rp2_common/pico_printf/printf.c.obj
 .text._vsnprintf
                0x0000000010004914      0xb08 CMakeFiles/interruptConfigure.dir/home/l00ser/git_codes/raspberry_pico/pico_sdk_lib/pico-sdk/src/rp2_common/pico_printf/printf.c.obj
 .text.vfctprintf
                0x000000001000541c       0x20 CMakeFiles/interruptConfigure.dir/home/l00ser/git_codes/raspberry_pico/pico_sdk_lib/pico-sdk/src/rp2_common/pico_printf/printf.c.obj
                0x000000001000541c                vfctprintf
 .text.weak_raw_vprintf
                0x000000001000543c       0x30 CMakeFiles/interruptConfigure.dir/home/l00ser/git_codes/raspberry_pico/pico_sdk_lib/pico-sdk/src/rp2_common/pico_printf/printf.c.obj
                0x000000001000543c                weak_raw_vprintf
 .text          0x000000001000546c       0x10 CMakeFiles/interruptConfigure.dir/home/l00ser/git_codes/raspberry_pico/pico_sdk_lib/pico-sdk/src/rp2_common/pico_bit_ops/bit_ops_aeabi.S.obj
 .text.rom_func_lookup
                0x000000001000547c       0x10 CMakeFiles/interruptConfigure.dir/home/l00ser/git_codes/raspberry_pico/pico_sdk_lib/pico-sdk/src/rp2_common/pico_bootrom/bootrom.c.obj
                0x000000001000547c                rom_func_lookup
 .text.rom_data_lookup
                0x000000001000548c       0x10 CMakeFiles/interruptConfigure.dir/home/l00ser/git_codes/raspberry_pico/pico_sdk_lib/pico-sdk/src/rp2_common/pico_bootrom/bootrom.c.obj
                0x000000001000548c                rom_data_lookup
 .text.rom_funcs_lookup
                0x000000001000549c       0x3c CMakeFiles/interruptConfigure.dir/home/l00ser/git_codes/raspberry_pico/pico_sdk_lib/pico-sdk/src/rp2_common/pico_bootrom/bootrom.c.obj
                0x000000001000549c                rom_funcs_lookup
 .text.__wrap___aeabi_idiv
                0x00000000100054d8       0x50 CMakeFiles/interruptConfigure.dir/home/l00ser/git_codes/raspberry_pico/pico_sdk_lib/pico-sdk/src/rp2_common/pico_divider/divider.S.obj
                0x00000000100054d8                __wrap___aeabi_idivmod
                0x00000000100054d8                divmod_s32s32
                0x00000000100054d8                div_s32s32
                0x00000000100054d8                __wrap___aeabi_idiv
                0x00000000100054e0                divmod_s32s32_unsafe
                0x000000001000550c                divmod_s32s32_savestate
 .text.__wrap___aeabi_uidiv
                0x0000000010005528       0x4c CMakeFiles/interruptConfigure.dir/home/l00ser/git_codes/raspberry_pico/pico_sdk_lib/pico-sdk/src/rp2_common/pico_divider/divider.S.obj
                0x0000000010005528                __wrap___aeabi_uidiv
                0x0000000010005528                __wrap___aeabi_uidivmod
                0x0000000010005528                div_u32u32
                0x0000000010005528                divmod_u32u32
                0x0000000010005530                divmod_u32u32_unsafe
                0x0000000010005558                divmod_u32u32_savestate
 .text.__wrap___aeabi_ldiv
                0x0000000010005574      0x434 CMakeFiles/interruptConfigure.dir/home/l00ser/git_codes/raspberry_pico/pico_sdk_lib/pico-sdk/src/rp2_common/pico_divider/divider.S.obj
                0x0000000010005574                div_s64s64
                0x0000000010005574                divmod_s64s64
                0x0000000010005574                __wrap___aeabi_ldivmod
                0x00000000100055ac                div_u64u64
                0x00000000100055ac                divmod_u64u64
                0x00000000100055ac                __wrap___aeabi_uldivmod
                0x00000000100055bc                divmod_u64u64_savestate
                0x00000000100055e4                divmod_s64s64_unsafe
                0x000000001000566c                divmod_u64u64_unsafe
 .text.__wrap___aeabi_darithmetic
                0x00000000100059a8       0x80 CMakeFiles/interruptConfigure.dir/home/l00ser/git_codes/raspberry_pico/pico_sdk_lib/pico-sdk/src/rp2_common/pico_double/double_aeabi.S.obj
                0x00000000100059a8                __wrap___aeabi_drsub
                0x00000000100059ae                __wrap___aeabi_dsub
                0x00000000100059c0                __wrap___aeabi_dadd
                0x00000000100059d2                __wrap___aeabi_ddiv
                0x0000000010005a0e                __wrap___aeabi_dmul
 .text.__wrap___aeabi_cdcmple
                0x0000000010005a28       0x6c CMakeFiles/interruptConfigure.dir/home/l00ser/git_codes/raspberry_pico/pico_sdk_lib/pico-sdk/src/rp2_common/pico_double/double_aeabi.S.obj
                0x0000000010005a28                __wrap___aeabi_cdrcmple
                0x0000000010005a38                __wrap___aeabi_cdcmple
                0x0000000010005a38                __wrap___aeabi_cdcmpeq
 .text.__wrap___aeabi_dcmplt
                0x0000000010005a94        0xc CMakeFiles/interruptConfigure.dir/home/l00ser/git_codes/raspberry_pico/pico_sdk_lib/pico-sdk/src/rp2_common/pico_double/double_aeabi.S.obj
                0x0000000010005a94                __wrap___aeabi_dcmplt
 .text.__wrap___aeabi_dcmple
                0x0000000010005aa0       0x10 CMakeFiles/interruptConfigure.dir/home/l00ser/git_codes/raspberry_pico/pico_sdk_lib/pico-sdk/src/rp2_common/pico_double/double_aeabi.S.obj
                0x0000000010005aa0                __wrap___aeabi_dcmple
 .text.__wrap___aeabi_dcmpge
                0x0000000010005ab0       0x10 CMakeFiles/interruptConfigure.dir/home/l00ser/git_codes/raspberry_pico/pico_sdk_lib/pico-sdk/src/rp2_common/pico_double/double_aeabi.S.obj
                0x0000000010005ab0                __wrap___aeabi_dcmpge
 .text.__wrap___aeabi_dcmpgt
                0x0000000010005ac0        0xa CMakeFiles/interruptConfigure.dir/home/l00ser/git_codes/raspberry_pico/pico_sdk_lib/pico-sdk/src/rp2_common/pico_double/double_aeabi.S.obj
                0x0000000010005ac0                __wrap___aeabi_dcmpgt
 .text.__wrap___aeabi_dcmpun
                0x0000000010005aca       0x1c CMakeFiles/interruptConfigure.dir/home/l00ser/git_codes/raspberry_pico/pico_sdk_lib/pico-sdk/src/rp2_common/pico_double/double_aeabi.S.obj
                0x0000000010005aca                __wrap___aeabi_dcmpun
 *fill*         0x0000000010005ae6        0x2 
 .text.__wrap___aeabi_i2d
                0x0000000010005ae8       0x38 CMakeFiles/interruptConfigure.dir/home/l00ser/git_codes/raspberry_pico/pico_sdk_lib/pico-sdk/src/rp2_common/pico_double/double_aeabi.S.obj
                0x0000000010005ae8                __wrap___aeabi_ui2d
                0x0000000010005af0                __wrap___aeabi_i2d
 .text.__wrap___aeabi_d2iz
                0x0000000010005b20       0x48 CMakeFiles/interruptConfigure.dir/home/l00ser/git_codes/raspberry_pico/pico_sdk_lib/pico-sdk/src/rp2_common/pico_double/double_aeabi.S.obj
                0x0000000010005b20                __wrap___aeabi_d2iz
                0x0000000010005b20                double2int_z
 .text.__wrap___aeabi_d2uiz
                0x0000000010005b68       0x18 CMakeFiles/interruptConfigure.dir/home/l00ser/git_codes/raspberry_pico/pico_sdk_lib/pico-sdk/src/rp2_common/pico_double/double_aeabi.S.obj
                0x0000000010005b68                double2uint
                0x0000000010005b68                __wrap___aeabi_d2uiz
 .text.__aeabi_double_init
                0x0000000010005b80       0xc0 CMakeFiles/interruptConfigure.dir/home/l00ser/git_codes/raspberry_pico/pico_sdk_lib/pico-sdk/src/rp2_common/pico_double/double_init_rom.c.obj
                0x0000000010005b80                __aeabi_double_init
 .text.double_table_shim_on_use_helper
                0x0000000010005c40       0x2c CMakeFiles/interruptConfigure.dir/home/l00ser/git_codes/raspberry_pico/pico_sdk_lib/pico-sdk/src/rp2_common/pico_double/double_v1_rom_shim.S.obj
                0x0000000010005c40                double_table_shim_on_use_helper
 .text.__wrap___aeabi_dsub
                0x0000000010005c6c       0x10 CMakeFiles/interruptConfigure.dir/home/l00ser/git_codes/raspberry_pico/pico_sdk_lib/pico-sdk/src/rp2_common/pico_double/double_v1_rom_shim.S.obj
                0x0000000010005c6c                drsub_shim
                0x0000000010005c72                dsub_shim
 .text.dadd_shim
                0x0000000010005c7c      0x15c CMakeFiles/interruptConfigure.dir/home/l00ser/git_codes/raspberry_pico/pico_sdk_lib/pico-sdk/src/rp2_common/pico_double/double_v1_rom_shim.S.obj
                0x0000000010005c7c                dadd_shim
 .text.dmul_shim
                0x0000000010005dd8      0x15c CMakeFiles/interruptConfigure.dir/home/l00ser/git_codes/raspberry_pico/pico_sdk_lib/pico-sdk/src/rp2_common/pico_double/double_v1_rom_shim.S.obj
                0x0000000010005dd8                dmul_shim
 .text.ddiv_shim
                0x0000000010005f34      0x1b0 CMakeFiles/interruptConfigure.dir/home/l00ser/git_codes/raspberry_pico/pico_sdk_lib/pico-sdk/src/rp2_common/pico_double/double_v1_rom_shim.S.obj
                0x0000000010005f34                ddiv_shim
 .text.double2uint_shim
                0x00000000100060e4        0xe CMakeFiles/interruptConfigure.dir/home/l00ser/git_codes/raspberry_pico/pico_sdk_lib/pico-sdk/src/rp2_common/pico_double/double_v1_rom_shim.S.obj
                0x00000000100060e4                double2uint_shim
                0x00000000100060e6                double2ufix_shim
 *fill*         0x00000000100060f2        0x2 
 .text.double2uint64_shim
                0x00000000100060f4       0x70 CMakeFiles/interruptConfigure.dir/home/l00ser/git_codes/raspberry_pico/pico_sdk_lib/pico-sdk/src/rp2_common/pico_double/double_v1_rom_shim.S.obj
                0x00000000100060f4                double2uint64_shim
                0x00000000100060f6                double2ufix64_shim
                0x0000000010006116                d2fix_a
 .text.dunpacks
                0x0000000010006164       0x3c CMakeFiles/interruptConfigure.dir/home/l00ser/git_codes/raspberry_pico/pico_sdk_lib/pico-sdk/src/rp2_common/pico_double/double_v1_rom_shim.S.obj
                0x0000000010006164                dunpacks
 .text.__aeabi_lmul
                0x00000000100061a0       0x32 CMakeFiles/interruptConfigure.dir/home/l00ser/git_codes/raspberry_pico/pico_sdk_lib/pico-sdk/src/rp2_common/pico_int64_ops/pico_int64_ops_aeabi.S.obj
                0x00000000100061a0                __wrap___aeabi_lmul
 *fill*         0x00000000100061d2        0x2 
 .text.__aeabi_float_init
                0x00000000100061d4       0x64 CMakeFiles/interruptConfigure.dir/home/l00ser/git_codes/raspberry_pico/pico_sdk_lib/pico-sdk/src/rp2_common/pico_float/float_init_rom.c.obj
                0x00000000100061d4                __aeabi_float_init
 .text.float_table_shim_on_use_helper
                0x0000000010006238       0x2c CMakeFiles/interruptConfigure.dir/home/l00ser/git_codes/raspberry_pico/pico_sdk_lib/pico-sdk/src/rp2_common/pico_float/float_v1_rom_shim.S.obj
                0x0000000010006238                float_table_shim_on_use_helper
 .text.__wrap_free
                0x0000000010006264        0x8 CMakeFiles/interruptConfigure.dir/home/l00ser/git_codes/raspberry_pico/pico_sdk_lib/pico-sdk/src/rp2_common/pico_malloc/pico_malloc.c.obj
                0x0000000010006264                __wrap_free
 .text          0x000000001000626c       0x10 CMakeFiles/interruptConfigure.dir/home/l00ser/git_codes/raspberry_pico/pico_sdk_lib/pico-sdk/src/rp2_common/pico_mem_ops/mem_ops_aeabi.S.obj
                0x000000001000626c                __aeabi_mem_init
 .text.memset   0x000000001000627c        0xc CMakeFiles/interruptConfigure.dir/home/l00ser/git_codes/raspberry_pico/pico_sdk_lib/pico-sdk/src/rp2_common/pico_mem_ops/mem_ops_aeabi.S.obj
                0x000000001000627c                __wrap_memset
 .text.memcpy   0x0000000010006288        0xc CMakeFiles/interruptConfigure.dir/home/l00ser/git_codes/raspberry_pico/pico_sdk_lib/pico-sdk/src/rp2_common/pico_mem_ops/mem_ops_aeabi.S.obj
                0x0000000010006288                __wrap___aeabi_memcpy
                0x0000000010006288                __wrap_memcpy
 .text._ZdlPvj  0x0000000010006294        0x8 CMakeFiles/interruptConfigure.dir/home/l00ser/git_codes/raspberry_pico/pico_sdk_lib/pico-sdk/src/rp2_common/pico_standard_link/new_delete.cpp.obj
                0x0000000010006294                operator delete(void*, unsigned int)
 .text.stdio_out_chars_no_crlf
                0x000000001000629c       0x10 CMakeFiles/interruptConfigure.dir/home/l00ser/git_codes/raspberry_pico/pico_sdk_lib/pico-sdk/src/rp2_common/pico_stdio/stdio.c.obj
 .text.stdio_out_chars_crlf
                0x00000000100062ac       0x94 CMakeFiles/interruptConfigure.dir/home/l00ser/git_codes/raspberry_pico/pico_sdk_lib/pico-sdk/src/rp2_common/pico_stdio/stdio.c.obj
 .text.stdio_buffered_printer
                0x0000000010006340       0x64 CMakeFiles/interruptConfigure.dir/home/l00ser/git_codes/raspberry_pico/pico_sdk_lib/pico-sdk/src/rp2_common/pico_stdio/stdio.c.obj
 .text.stdio_put_string
                0x00000000100063a4      0x100 CMakeFiles/interruptConfigure.dir/home/l00ser/git_codes/raspberry_pico/pico_sdk_lib/pico-sdk/src/rp2_common/pico_stdio/stdio.c.obj
 .text.__wrap_putchar
                0x00000000100064a4       0xa4 CMakeFiles/interruptConfigure.dir/home/l00ser/git_codes/raspberry_pico/pico_sdk_lib/pico-sdk/src/rp2_common/pico_stdio/stdio.c.obj
                0x00000000100064a4                __wrap_putchar
 .text.__wrap_puts
                0x0000000010006548       0x3c CMakeFiles/interruptConfigure.dir/home/l00ser/git_codes/raspberry_pico/pico_sdk_lib/pico-sdk/src/rp2_common/pico_stdio/stdio.c.obj
                0x0000000010006548                __wrap_puts
 .text.stdio_set_driver_enabled
                0x0000000010006584       0x3c CMakeFiles/interruptConfigure.dir/home/l00ser/git_codes/raspberry_pico/pico_sdk_lib/pico-sdk/src/rp2_common/pico_stdio/stdio.c.obj
                0x0000000010006584                stdio_set_driver_enabled
 .text.__wrap_vprintf
                0x00000000100065c0       0xd8 CMakeFiles/interruptConfigure.dir/home/l00ser/git_codes/raspberry_pico/pico_sdk_lib/pico-sdk/src/rp2_common/pico_stdio/stdio.c.obj
                0x00000000100065c0                __wrap_vprintf
 .text.__wrap_printf
                0x0000000010006698       0x18 CMakeFiles/interruptConfigure.dir/home/l00ser/git_codes/raspberry_pico/pico_sdk_lib/pico-sdk/src/rp2_common/pico_stdio/stdio.c.obj
                0x0000000010006698                __wrap_printf
 .text.stdio_init_all
                0x00000000100066b0        0x8 CMakeFiles/interruptConfigure.dir/home/l00ser/git_codes/raspberry_pico/pico_sdk_lib/pico-sdk/src/rp2_common/pico_stdio/stdio.c.obj
                0x00000000100066b0                stdio_init_all
 .text.__wrap_getchar
                0x00000000100066b8       0x78 CMakeFiles/interruptConfigure.dir/home/l00ser/git_codes/raspberry_pico/pico_sdk_lib/pico-sdk/src/rp2_common/pico_stdio/stdio.c.obj
                0x00000000100066b8                __wrap_getchar
 .text.getchar_timeout_us
                0x0000000010006730       0xa4 CMakeFiles/interruptConfigure.dir/home/l00ser/git_codes/raspberry_pico/pico_sdk_lib/pico-sdk/src/rp2_common/pico_stdio/stdio.c.obj
                0x0000000010006730                getchar_timeout_us
 .text.resetd_init
                0x00000000100067d4        0x4 CMakeFiles/interruptConfigure.dir/home/l00ser/git_codes/raspberry_pico/pico_sdk_lib/pico-sdk/src/rp2_common/pico_stdio_usb/reset_interface.c.obj
 .text.resetd_reset
                0x00000000100067d8        0xc CMakeFiles/interruptConfigure.dir/home/l00ser/git_codes/raspberry_pico/pico_sdk_lib/pico-sdk/src/rp2_common/pico_stdio_usb/reset_interface.c.obj
 .text.resetd_open
                0x00000000100067e4       0x28 CMakeFiles/interruptConfigure.dir/home/l00ser/git_codes/raspberry_pico/pico_sdk_lib/pico-sdk/src/rp2_common/pico_stdio_usb/reset_interface.c.obj
 .text.resetd_xfer_cb
                0x000000001000680c        0x4 CMakeFiles/interruptConfigure.dir/home/l00ser/git_codes/raspberry_pico/pico_sdk_lib/pico-sdk/src/rp2_common/pico_stdio_usb/reset_interface.c.obj
 .text.resetd_control_xfer_cb
                0x0000000010006810       0x64 CMakeFiles/interruptConfigure.dir/home/l00ser/git_codes/raspberry_pico/pico_sdk_lib/pico-sdk/src/rp2_common/pico_stdio_usb/reset_interface.c.obj
 .text.usbd_app_driver_get_cb
                0x0000000010006874        0xc CMakeFiles/interruptConfigure.dir/home/l00ser/git_codes/raspberry_pico/pico_sdk_lib/pico-sdk/src/rp2_common/pico_stdio_usb/reset_interface.c.obj
                0x0000000010006874                usbd_app_driver_get_cb
 .text.tud_cdc_line_coding_cb
                0x0000000010006880       0x34 CMakeFiles/interruptConfigure.dir/home/l00ser/git_codes/raspberry_pico/pico_sdk_lib/pico-sdk/src/rp2_common/pico_stdio_usb/reset_interface.c.obj
                0x0000000010006880                tud_cdc_line_coding_cb
 .text.stdio_usb_in_chars
                0x00000000100068b4       0x68 CMakeFiles/interruptConfigure.dir/home/l00ser/git_codes/raspberry_pico/pico_sdk_lib/pico-sdk/src/rp2_common/pico_stdio_usb/stdio_usb.c.obj
                0x00000000100068b4                stdio_usb_in_chars
 .text.stdio_usb_out_chars
                0x000000001000691c       0xec CMakeFiles/interruptConfigure.dir/home/l00ser/git_codes/raspberry_pico/pico_sdk_lib/pico-sdk/src/rp2_common/pico_stdio_usb/stdio_usb.c.obj
 .text.timer_task
                0x0000000010006a08       0x10 CMakeFiles/interruptConfigure.dir/home/l00ser/git_codes/raspberry_pico/pico_sdk_lib/pico-sdk/src/rp2_common/pico_stdio_usb/stdio_usb.c.obj
 .text.low_priority_worker_irq
                0x0000000010006a18       0x24 CMakeFiles/interruptConfigure.dir/home/l00ser/git_codes/raspberry_pico/pico_sdk_lib/pico-sdk/src/rp2_common/pico_stdio_usb/stdio_usb.c.obj
 .text.stdio_usb_init
                0x0000000010006a3c       0x90 CMakeFiles/interruptConfigure.dir/home/l00ser/git_codes/raspberry_pico/pico_sdk_lib/pico-sdk/src/rp2_common/pico_stdio_usb/stdio_usb.c.obj
                0x0000000010006a3c                stdio_usb_init
 .text.tud_descriptor_device_cb
                0x0000000010006acc        0x8 CMakeFiles/interruptConfigure.dir/home/l00ser/git_codes/raspberry_pico/pico_sdk_lib/pico-sdk/src/rp2_common/pico_stdio_usb/stdio_usb_descriptors.c.obj
                0x0000000010006acc                tud_descriptor_device_cb
 .text.tud_descriptor_configuration_cb
                0x0000000010006ad4        0x8 CMakeFiles/interruptConfigure.dir/home/l00ser/git_codes/raspberry_pico/pico_sdk_lib/pico-sdk/src/rp2_common/pico_stdio_usb/stdio_usb_descriptors.c.obj
                0x0000000010006ad4                tud_descriptor_configuration_cb
 .text.tud_descriptor_string_cb
                0x0000000010006adc       0x70 CMakeFiles/interruptConfigure.dir/home/l00ser/git_codes/raspberry_pico/pico_sdk_lib/pico-sdk/src/rp2_common/pico_stdio_usb/stdio_usb_descriptors.c.obj
                0x0000000010006adc                tud_descriptor_string_cb
 .text.dcd_rp2040_irq
                0x0000000010006b4c      0x21c CMakeFiles/interruptConfigure.dir/home/l00ser/git_codes/raspberry_pico/pico_sdk_lib/pico-sdk/lib/tinyusb/src/portable/raspberrypi/rp2040/dcd_rp2040.c.obj
 .text.dcd_int_enable
                0x0000000010006d68        0xc CMakeFiles/interruptConfigure.dir/home/l00ser/git_codes/raspberry_pico/pico_sdk_lib/pico-sdk/lib/tinyusb/src/portable/raspberrypi/rp2040/dcd_rp2040.c.obj
                0x0000000010006d68                dcd_int_enable
 .text.dcd_set_address
                0x0000000010006d74       0x14 CMakeFiles/interruptConfigure.dir/home/l00ser/git_codes/raspberry_pico/pico_sdk_lib/pico-sdk/lib/tinyusb/src/portable/raspberrypi/rp2040/dcd_rp2040.c.obj
                0x0000000010006d74                dcd_set_address
 .text.dcd_connect
                0x0000000010006d88       0x10 CMakeFiles/interruptConfigure.dir/home/l00ser/git_codes/raspberry_pico/pico_sdk_lib/pico-sdk/lib/tinyusb/src/portable/raspberrypi/rp2040/dcd_rp2040.c.obj
                0x0000000010006d88                dcd_connect
 .text.dcd_init
                0x0000000010006d98      0x148 CMakeFiles/interruptConfigure.dir/home/l00ser/git_codes/raspberry_pico/pico_sdk_lib/pico-sdk/lib/tinyusb/src/portable/raspberrypi/rp2040/dcd_rp2040.c.obj
                0x0000000010006d98                dcd_init
 .text.dcd_edpt0_status_complete
                0x0000000010006ee0       0x1c CMakeFiles/interruptConfigure.dir/home/l00ser/git_codes/raspberry_pico/pico_sdk_lib/pico-sdk/lib/tinyusb/src/portable/raspberrypi/rp2040/dcd_rp2040.c.obj
                0x0000000010006ee0                dcd_edpt0_status_complete
 .text.dcd_edpt_open
                0x0000000010006efc       0xf0 CMakeFiles/interruptConfigure.dir/home/l00ser/git_codes/raspberry_pico/pico_sdk_lib/pico-sdk/lib/tinyusb/src/portable/raspberrypi/rp2040/dcd_rp2040.c.obj
                0x0000000010006efc                dcd_edpt_open
 .text.dcd_edpt_close_all
                0x0000000010006fec       0xbc CMakeFiles/interruptConfigure.dir/home/l00ser/git_codes/raspberry_pico/pico_sdk_lib/pico-sdk/lib/tinyusb/src/portable/raspberrypi/rp2040/dcd_rp2040.c.obj
                0x0000000010006fec                dcd_edpt_close_all
 .text.dcd_edpt_xfer
                0x00000000100070a8       0x24 CMakeFiles/interruptConfigure.dir/home/l00ser/git_codes/raspberry_pico/pico_sdk_lib/pico-sdk/lib/tinyusb/src/portable/raspberrypi/rp2040/dcd_rp2040.c.obj
                0x00000000100070a8                dcd_edpt_xfer
 .text.dcd_edpt_stall
                0x00000000100070cc       0x38 CMakeFiles/interruptConfigure.dir/home/l00ser/git_codes/raspberry_pico/pico_sdk_lib/pico-sdk/lib/tinyusb/src/portable/raspberrypi/rp2040/dcd_rp2040.c.obj
                0x00000000100070cc                dcd_edpt_stall
 .text.dcd_edpt_clear_stall
                0x0000000010007104       0x30 CMakeFiles/interruptConfigure.dir/home/l00ser/git_codes/raspberry_pico/pico_sdk_lib/pico-sdk/lib/tinyusb/src/portable/raspberrypi/rp2040/dcd_rp2040.c.obj
                0x0000000010007104                dcd_edpt_clear_stall
 .text._hw_endpoint_buffer_control_update32.part.0
                0x0000000010007134       0x20 CMakeFiles/interruptConfigure.dir/home/l00ser/git_codes/raspberry_pico/pico_sdk_lib/pico-sdk/lib/tinyusb/src/portable/raspberrypi/rp2040/rp2040_usb.c.obj
 .text.rp2040_usb_init
                0x0000000010007154       0x4c CMakeFiles/interruptConfigure.dir/home/l00ser/git_codes/raspberry_pico/pico_sdk_lib/pico-sdk/lib/tinyusb/src/portable/raspberrypi/rp2040/rp2040_usb.c.obj
                0x0000000010007154                rp2040_usb_init
 .text.hw_endpoint_reset_transfer
                0x00000000100071a0        0xc CMakeFiles/interruptConfigure.dir/home/l00ser/git_codes/raspberry_pico/pico_sdk_lib/pico-sdk/lib/tinyusb/src/portable/raspberrypi/rp2040/rp2040_usb.c.obj
                0x00000000100071a0                hw_endpoint_reset_transfer
 .text._hw_endpoint_buffer_control_update32
                0x00000000100071ac       0x40 CMakeFiles/interruptConfigure.dir/home/l00ser/git_codes/raspberry_pico/pico_sdk_lib/pico-sdk/lib/tinyusb/src/portable/raspberrypi/rp2040/rp2040_usb.c.obj
                0x00000000100071ac                _hw_endpoint_buffer_control_update32
 .text.hw_endpoint_xfer_start
                0x00000000100071ec      0x138 CMakeFiles/interruptConfigure.dir/home/l00ser/git_codes/raspberry_pico/pico_sdk_lib/pico-sdk/lib/tinyusb/src/portable/raspberrypi/rp2040/rp2040_usb.c.obj
                0x00000000100071ec                hw_endpoint_xfer_start
 .text.hw_endpoint_xfer_continue
                0x0000000010007324      0x1e4 CMakeFiles/interruptConfigure.dir/home/l00ser/git_codes/raspberry_pico/pico_sdk_lib/pico-sdk/lib/tinyusb/src/portable/raspberrypi/rp2040/rp2040_usb.c.obj
                0x0000000010007324                hw_endpoint_xfer_continue
 .text.tud_mounted
                0x0000000010007508       0x10 CMakeFiles/interruptConfigure.dir/home/l00ser/git_codes/raspberry_pico/pico_sdk_lib/pico-sdk/lib/tinyusb/src/device/usbd.c.obj
                0x0000000010007508                tud_mounted
 .text.tud_suspended
                0x0000000010007518       0x10 CMakeFiles/interruptConfigure.dir/home/l00ser/git_codes/raspberry_pico/pico_sdk_lib/pico-sdk/lib/tinyusb/src/device/usbd.c.obj
                0x0000000010007518                tud_suspended
 .text.tud_inited
                0x0000000010007528        0xc CMakeFiles/interruptConfigure.dir/home/l00ser/git_codes/raspberry_pico/pico_sdk_lib/pico-sdk/lib/tinyusb/src/device/usbd.c.obj
                0x0000000010007528                tud_inited
 .text.tud_init
                0x0000000010007534       0xd8 CMakeFiles/interruptConfigure.dir/home/l00ser/git_codes/raspberry_pico/pico_sdk_lib/pico-sdk/lib/tinyusb/src/device/usbd.c.obj
                0x0000000010007534                tud_init
 .text.tud_task
                0x000000001000760c      0x8ec CMakeFiles/interruptConfigure.dir/home/l00ser/git_codes/raspberry_pico/pico_sdk_lib/pico-sdk/lib/tinyusb/src/device/usbd.c.obj
                0x000000001000760c                tud_task
 .text.dcd_event_bus_signal
                0x0000000010007ef8      0x120 CMakeFiles/interruptConfigure.dir/home/l00ser/git_codes/raspberry_pico/pico_sdk_lib/pico-sdk/lib/tinyusb/src/device/usbd.c.obj
                0x0000000010007ef8                dcd_event_bus_signal
 .text.dcd_event_bus_reset
                0x0000000010008018       0x54 CMakeFiles/interruptConfigure.dir/home/l00ser/git_codes/raspberry_pico/pico_sdk_lib/pico-sdk/lib/tinyusb/src/device/usbd.c.obj
                0x0000000010008018                dcd_event_bus_reset
 .text.dcd_event_setup_received
                0x000000001000806c       0x50 CMakeFiles/interruptConfigure.dir/home/l00ser/git_codes/raspberry_pico/pico_sdk_lib/pico-sdk/lib/tinyusb/src/device/usbd.c.obj
                0x000000001000806c                dcd_event_setup_received
 .text.dcd_event_xfer_complete
                0x00000000100080bc       0x68 CMakeFiles/interruptConfigure.dir/home/l00ser/git_codes/raspberry_pico/pico_sdk_lib/pico-sdk/lib/tinyusb/src/device/usbd.c.obj
                0x00000000100080bc                dcd_event_xfer_complete
 .text.usbd_open_edpt_pair
                0x0000000010008124       0x80 CMakeFiles/interruptConfigure.dir/home/l00ser/git_codes/raspberry_pico/pico_sdk_lib/pico-sdk/lib/tinyusb/src/device/usbd.c.obj
                0x0000000010008124                usbd_open_edpt_pair
 .text.usbd_edpt_open
                0x00000000100081a4       0x30 CMakeFiles/interruptConfigure.dir/home/l00ser/git_codes/raspberry_pico/pico_sdk_lib/pico-sdk/lib/tinyusb/src/device/usbd.c.obj
                0x00000000100081a4                usbd_edpt_open
 .text.usbd_edpt_claim
                0x00000000100081d4       0x64 CMakeFiles/interruptConfigure.dir/home/l00ser/git_codes/raspberry_pico/pico_sdk_lib/pico-sdk/lib/tinyusb/src/device/usbd.c.obj
                0x00000000100081d4                usbd_edpt_claim
 .text.usbd_edpt_release
                0x0000000010008238       0x4c CMakeFiles/interruptConfigure.dir/home/l00ser/git_codes/raspberry_pico/pico_sdk_lib/pico-sdk/lib/tinyusb/src/device/usbd.c.obj
                0x0000000010008238                usbd_edpt_release
 .text.usbd_edpt_xfer
                0x0000000010008284       0x48 CMakeFiles/interruptConfigure.dir/home/l00ser/git_codes/raspberry_pico/pico_sdk_lib/pico-sdk/lib/tinyusb/src/device/usbd.c.obj
                0x0000000010008284                usbd_edpt_xfer
 .text.tud_control_status
                0x00000000100082cc       0x30 CMakeFiles/interruptConfigure.dir/home/l00ser/git_codes/raspberry_pico/pico_sdk_lib/pico-sdk/lib/tinyusb/src/device/usbd_control.c.obj
                0x00000000100082cc                tud_control_status
 .text.tud_control_xfer
                0x00000000100082fc       0xb8 CMakeFiles/interruptConfigure.dir/home/l00ser/git_codes/raspberry_pico/pico_sdk_lib/pico-sdk/lib/tinyusb/src/device/usbd_control.c.obj
                0x00000000100082fc                tud_control_xfer
 .text.usbd_control_reset
                0x00000000100083b4       0x14 CMakeFiles/interruptConfigure.dir/home/l00ser/git_codes/raspberry_pico/pico_sdk_lib/pico-sdk/lib/tinyusb/src/device/usbd_control.c.obj
                0x00000000100083b4                usbd_control_reset
 .text.usbd_control_set_complete_callback
                0x00000000100083c8        0xc CMakeFiles/interruptConfigure.dir/home/l00ser/git_codes/raspberry_pico/pico_sdk_lib/pico-sdk/lib/tinyusb/src/device/usbd_control.c.obj
                0x00000000100083c8                usbd_control_set_complete_callback
 .text.usbd_control_set_request
                0x00000000100083d4       0x1c CMakeFiles/interruptConfigure.dir/home/l00ser/git_codes/raspberry_pico/pico_sdk_lib/pico-sdk/lib/tinyusb/src/device/usbd_control.c.obj
                0x00000000100083d4                usbd_control_set_request
 .text.usbd_control_xfer_cb
                0x00000000100083f0       0xf8 CMakeFiles/interruptConfigure.dir/home/l00ser/git_codes/raspberry_pico/pico_sdk_lib/pico-sdk/lib/tinyusb/src/device/usbd_control.c.obj
                0x00000000100083f0                usbd_control_xfer_cb
 .text.tud_cdc_n_connected
                0x00000000100084e8       0x30 CMakeFiles/interruptConfigure.dir/home/l00ser/git_codes/raspberry_pico/pico_sdk_lib/pico-sdk/lib/tinyusb/src/class/cdc/cdc_device.c.obj
                0x00000000100084e8                tud_cdc_n_connected
 .text.tud_cdc_n_available
                0x0000000010008518       0x18 CMakeFiles/interruptConfigure.dir/home/l00ser/git_codes/raspberry_pico/pico_sdk_lib/pico-sdk/lib/tinyusb/src/class/cdc/cdc_device.c.obj
                0x0000000010008518                tud_cdc_n_available
 .text.tud_cdc_n_read
                0x0000000010008530       0x70 CMakeFiles/interruptConfigure.dir/home/l00ser/git_codes/raspberry_pico/pico_sdk_lib/pico-sdk/lib/tinyusb/src/class/cdc/cdc_device.c.obj
                0x0000000010008530                tud_cdc_n_read
 .text.tud_cdc_n_write_flush
                0x00000000100085a0       0x78 CMakeFiles/interruptConfigure.dir/home/l00ser/git_codes/raspberry_pico/pico_sdk_lib/pico-sdk/lib/tinyusb/src/class/cdc/cdc_device.c.obj
                0x00000000100085a0                tud_cdc_n_write_flush
 .text.tud_cdc_n_write
                0x0000000010008618       0x34 CMakeFiles/interruptConfigure.dir/home/l00ser/git_codes/raspberry_pico/pico_sdk_lib/pico-sdk/lib/tinyusb/src/class/cdc/cdc_device.c.obj
                0x0000000010008618                tud_cdc_n_write
 .text.tud_cdc_n_write_available
                0x000000001000864c       0x18 CMakeFiles/interruptConfigure.dir/home/l00ser/git_codes/raspberry_pico/pico_sdk_lib/pico-sdk/lib/tinyusb/src/class/cdc/cdc_device.c.obj
                0x000000001000864c                tud_cdc_n_write_available
 .text.cdcd_init
                0x0000000010008664       0x7c CMakeFiles/interruptConfigure.dir/home/l00ser/git_codes/raspberry_pico/pico_sdk_lib/pico-sdk/lib/tinyusb/src/class/cdc/cdc_device.c.obj
                0x0000000010008664                cdcd_init
 .text.cdcd_reset
                0x00000000100086e0       0x2c CMakeFiles/interruptConfigure.dir/home/l00ser/git_codes/raspberry_pico/pico_sdk_lib/pico-sdk/lib/tinyusb/src/class/cdc/cdc_device.c.obj
                0x00000000100086e0                cdcd_reset
 .text.cdcd_open
                0x000000001000870c       0xe4 CMakeFiles/interruptConfigure.dir/home/l00ser/git_codes/raspberry_pico/pico_sdk_lib/pico-sdk/lib/tinyusb/src/class/cdc/cdc_device.c.obj
                0x000000001000870c                cdcd_open
 .text.cdcd_control_xfer_cb
                0x00000000100087f0       0xe4 CMakeFiles/interruptConfigure.dir/home/l00ser/git_codes/raspberry_pico/pico_sdk_lib/pico-sdk/lib/tinyusb/src/class/cdc/cdc_device.c.obj
                0x00000000100087f0                cdcd_control_xfer_cb
 .text.cdcd_xfer_cb
                0x00000000100088d4      0x198 CMakeFiles/interruptConfigure.dir/home/l00ser/git_codes/raspberry_pico/pico_sdk_lib/pico-sdk/lib/tinyusb/src/class/cdc/cdc_device.c.obj
                0x00000000100088d4                cdcd_xfer_cb
 .text.tusb_init
                0x0000000010008a6c        0xc CMakeFiles/interruptConfigure.dir/home/l00ser/git_codes/raspberry_pico/pico_sdk_lib/pico-sdk/lib/tinyusb/src/tusb.c.obj
                0x0000000010008a6c                tusb_init
 .text.tusb_inited
                0x0000000010008a78        0x8 CMakeFiles/interruptConfigure.dir/home/l00ser/git_codes/raspberry_pico/pico_sdk_lib/pico-sdk/lib/tinyusb/src/tusb.c.obj
                0x0000000010008a78                tusb_inited
 .text.tu_edpt_validate
                0x0000000010008a80       0x78 CMakeFiles/interruptConfigure.dir/home/l00ser/git_codes/raspberry_pico/pico_sdk_lib/pico-sdk/lib/tinyusb/src/tusb.c.obj
                0x0000000010008a80                tu_edpt_validate
 .text.tu_edpt_bind_driver
                0x0000000010008af8       0x2c CMakeFiles/interruptConfigure.dir/home/l00ser/git_codes/raspberry_pico/pico_sdk_lib/pico-sdk/lib/tinyusb/src/tusb.c.obj
                0x0000000010008af8                tu_edpt_bind_driver
 .text.tu_fifo_config
                0x0000000010008b24       0x78 CMakeFiles/interruptConfigure.dir/home/l00ser/git_codes/raspberry_pico/pico_sdk_lib/pico-sdk/lib/tinyusb/src/common/tusb_fifo.c.obj
                0x0000000010008b24                tu_fifo_config
 .text.tu_fifo_count
                0x0000000010008b9c       0x20 CMakeFiles/interruptConfigure.dir/home/l00ser/git_codes/raspberry_pico/pico_sdk_lib/pico-sdk/lib/tinyusb/src/common/tusb_fifo.c.obj
                0x0000000010008b9c                tu_fifo_count
 .text.tu_fifo_empty
                0x0000000010008bbc       0x10 CMakeFiles/interruptConfigure.dir/home/l00ser/git_codes/raspberry_pico/pico_sdk_lib/pico-sdk/lib/tinyusb/src/common/tusb_fifo.c.obj
                0x0000000010008bbc                tu_fifo_empty
 .text.tu_fifo_remaining
                0x0000000010008bcc       0x1c CMakeFiles/interruptConfigure.dir/home/l00ser/git_codes/raspberry_pico/pico_sdk_lib/pico-sdk/lib/tinyusb/src/common/tusb_fifo.c.obj
                0x0000000010008bcc                tu_fifo_remaining
 .text.tu_fifo_read
                0x0000000010008be8       0x9c CMakeFiles/interruptConfigure.dir/home/l00ser/git_codes/raspberry_pico/pico_sdk_lib/pico-sdk/lib/tinyusb/src/common/tusb_fifo.c.obj
                0x0000000010008be8                tu_fifo_read
 .text.tu_fifo_read_n
                0x0000000010008c84      0x100 CMakeFiles/interruptConfigure.dir/home/l00ser/git_codes/raspberry_pico/pico_sdk_lib/pico-sdk/lib/tinyusb/src/common/tusb_fifo.c.obj
                0x0000000010008c84                tu_fifo_read_n
 .text.tu_fifo_write
                0x0000000010008d84       0x7c CMakeFiles/interruptConfigure.dir/home/l00ser/git_codes/raspberry_pico/pico_sdk_lib/pico-sdk/lib/tinyusb/src/common/tusb_fifo.c.obj
                0x0000000010008d84                tu_fifo_write
 .text.tu_fifo_write_n
                0x0000000010008e00       0xf8 CMakeFiles/interruptConfigure.dir/home/l00ser/git_codes/raspberry_pico/pico_sdk_lib/pico-sdk/lib/tinyusb/src/common/tusb_fifo.c.obj
                0x0000000010008e00                tu_fifo_write_n
 .text.tu_fifo_clear
                0x0000000010008ef8       0x4c CMakeFiles/interruptConfigure.dir/home/l00ser/git_codes/raspberry_pico/pico_sdk_lib/pico-sdk/lib/tinyusb/src/common/tusb_fifo.c.obj
                0x0000000010008ef8                tu_fifo_clear
 .text.tu_fifo_set_overwritable
                0x0000000010008f44       0x3c CMakeFiles/interruptConfigure.dir/home/l00ser/git_codes/raspberry_pico/pico_sdk_lib/pico-sdk/lib/tinyusb/src/common/tusb_fifo.c.obj
                0x0000000010008f44                tu_fifo_set_overwritable
 .text.startup._retrieve_unique_id_on_boot
                0x0000000010008f80       0x10 CMakeFiles/interruptConfigure.dir/home/l00ser/git_codes/raspberry_pico/pico_sdk_lib/pico-sdk/src/rp2_common/pico_unique_id/unique_id.c.obj
 .text.pico_get_unique_board_id_string
                0x0000000010008f90      0x1bc CMakeFiles/interruptConfigure.dir/home/l00ser/git_codes/raspberry_pico/pico_sdk_lib/pico-sdk/src/rp2_common/pico_unique_id/unique_id.c.obj
                0x0000000010008f90                pico_get_unique_board_id_string
 .text.flash_get_unique_id
                0x000000001000914c       0x40 CMakeFiles/interruptConfigure.dir/home/l00ser/git_codes/raspberry_pico/pico_sdk_lib/pico-sdk/src/rp2_common/hardware_flash/flash.c.obj
                0x000000001000914c                flash_get_unique_id
 .text.spi_init
                0x000000001000918c       0xf4 CMakeFiles/interruptConfigure.dir/home/l00ser/git_codes/raspberry_pico/pico_sdk_lib/pico-sdk/src/rp2_common/hardware_spi/spi.c.obj
                0x000000001000918c                spi_init
 .text.spi_deinit
                0x0000000010009280       0x3c CMakeFiles/interruptConfigure.dir/home/l00ser/git_codes/raspberry_pico/pico_sdk_lib/pico-sdk/src/rp2_common/hardware_spi/spi.c.obj
                0x0000000010009280                spi_deinit
 .text          0x00000000100092bc       0x28 /usr/lib/gcc/arm-none-eabi/9.2.1/../../../arm-none-eabi/lib/thumb/v6-m/nofp/libc.a(lib_a-malloc.o)
                0x00000000100092bc                malloc
                0x00000000100092d0                free
 .text          0x00000000100092e4      0x58c /usr/lib/gcc/arm-none-eabi/9.2.1/../../../arm-none-eabi/lib/thumb/v6-m/nofp/libc.a(lib_a-mallocr.o)
                0x00000000100092e4                _malloc_r
 .text          0x0000000010009870        0x8 /usr/lib/gcc/arm-none-eabi/9.2.1/../../../arm-none-eabi/lib/thumb/v6-m/nofp/libc.a(lib_a-mlock.o)
                0x0000000010009870                __malloc_lock
                0x0000000010009874                __malloc_unlock
 .text          0x0000000010009878       0x24 /usr/lib/gcc/arm-none-eabi/9.2.1/../../../arm-none-eabi/lib/thumb/v6-m/nofp/libc.a(lib_a-sbrkr.o)
                0x0000000010009878                _sbrk_r
 .text          0x000000001000989c       0x68 /usr/lib/gcc/arm-none-eabi/9.2.1/../../../arm-none-eabi/lib/thumb/v6-m/nofp/libc.a(lib_a-strlen-stub.o)
                0x000000001000989c                strlen
 .text          0x0000000010009904      0x27c /usr/lib/gcc/arm-none-eabi/9.2.1/../../../arm-none-eabi/lib/thumb/v6-m/nofp/libc.a(lib_a-freer.o)
                0x0000000010009904                _malloc_trim_r
                0x00000000100099a4                _free_r
 *(.fini)
 .fini          0x0000000010009b80        0x4 /usr/lib/gcc/arm-none-eabi/9.2.1/thumb/v6-m/nofp/crti.o
                0x0000000010009b80                _fini
 *fill*         0x0000000010009b84        0x4 
 .fini.__stub   0x0000000010009b88       0x80 linker stubs
 *crtbegin.o(.ctors)
 *crtbegin?.o(.ctors)
 *(EXCLUDE_FILE(*crtend.o *crtend?.o) .ctors)
 *(SORT_BY_NAME(.ctors.*))
 *(.ctors)
 *crtbegin.o(.dtors)
 *crtbegin?.o(.dtors)
 *(EXCLUDE_FILE(*crtend.o *crtend?.o) .dtors)
 *(SORT_BY_NAME(.dtors.*))
 *(.dtors)
 *(.eh_frame*)
 .eh_frame      0x0000000010009c08        0x0 /usr/lib/gcc/arm-none-eabi/9.2.1/thumb/v6-m/nofp/crtbegin.o
                0x0000000010009c08                . = ALIGN (0x4)

.glue_7         0x0000000010009c08        0x0
 .glue_7        0x0000000010009c08        0x0 linker stubs

.glue_7t        0x0000000010009c08        0x0
 .glue_7t       0x0000000010009c08        0x0 linker stubs

.vfp11_veneer   0x0000000010009c08        0x0
 .vfp11_veneer  0x0000000010009c08        0x0 linker stubs

.v4_bx          0x0000000010009c08        0x0
 .v4_bx         0x0000000010009c08        0x0 linker stubs

.iplt           0x0000000010009c08        0x0
 .iplt          0x0000000010009c08        0x0 /usr/lib/gcc/arm-none-eabi/9.2.1/thumb/v6-m/nofp/crtbegin.o

.rodata         0x0000000010009c08      0xa08
 *(EXCLUDE_FILE(*libm.a: *libc.a:*lib_a-mem*.o *libgcc.a:) .rodata*)
 .rodata._Z16interruptHandlerjm.str1.4
                0x0000000010009c08       0xca CMakeFiles/interruptConfigure.dir/interruptConfigure.cpp.obj
 *fill*         0x0000000010009cd2        0x2 
 .rodata._Z5setupv.str1.4
                0x0000000010009cd4       0xce CMakeFiles/interruptConfigure.dir/interruptConfigure.cpp.obj
 *fill*         0x0000000010009da2        0x2 
 .rodata._Z11printRxFifov.str1.4
                0x0000000010009da4       0x16 CMakeFiles/interruptConfigure.dir/interruptConfigure.cpp.obj
 *fill*         0x0000000010009dba        0x2 
 .rodata._Z4loopv.str1.4
                0x0000000010009dbc      0x315 CMakeFiles/interruptConfigure.dir/interruptConfigure.cpp.obj
 *fill*         0x000000001000a0d1        0x3 
 .rodata        0x000000001000a0d4        0xc CMakeFiles/interruptConfigure.dir/interruptConfigure.cpp.obj
 .rodata._ZL10child_pipe
                0x000000001000a0e0        0x6 CMakeFiles/interruptConfigure.dir/home/l00ser/git_codes/raspberry_pico/test/RF24/RF24.cpp.obj
 *fill*         0x000000001000a0e6        0x2 
 .rodata._ZL17child_pipe_enable
                0x000000001000a0e8        0x6 CMakeFiles/interruptConfigure.dir/home/l00ser/git_codes/raspberry_pico/test/RF24/RF24.cpp.obj
 *fill*         0x000000001000a0ee        0x2 
 .rodata._ZTV3SPI
                0x000000001000a0f0       0x10 CMakeFiles/interruptConfigure.dir/home/l00ser/git_codes/raspberry_pico/test/RF24/utility/rp2/spi.cpp.obj
                0x000000001000a0f0                vtable for SPI
 .rodata.spin_lock_claim_unused.str1.4
                0x000000001000a100       0x1b CMakeFiles/interruptConfigure.dir/home/l00ser/git_codes/raspberry_pico/pico_sdk_lib/pico-sdk/src/rp2_common/hardware_sync/sync.c.obj
 *fill*         0x000000001000a11b        0x5 
 .rodata.at_the_end_of_time
                0x000000001000a120        0x8 CMakeFiles/interruptConfigure.dir/home/l00ser/git_codes/raspberry_pico/pico_sdk_lib/pico-sdk/src/common/pico_time/time.c.obj
                0x000000001000a120                at_the_end_of_time
 .rodata.hardware_alarm_claim.str1.4
                0x000000001000a128       0x22 CMakeFiles/interruptConfigure.dir/home/l00ser/git_codes/raspberry_pico/pico_sdk_lib/pico-sdk/src/rp2_common/hardware_timer/timer.c.obj
 *fill*         0x000000001000a14a        0x2 
 .rodata.panic.str1.4
                0x000000001000a14c       0x10 CMakeFiles/interruptConfigure.dir/home/l00ser/git_codes/raspberry_pico/pico_sdk_lib/pico-sdk/src/rp2_common/pico_runtime/runtime.c.obj
                                         0x12 (size before relaxing)
 .rodata.hard_assertion_failure.str1.4
                0x000000001000a15c        0xc CMakeFiles/interruptConfigure.dir/home/l00ser/git_codes/raspberry_pico/pico_sdk_lib/pico-sdk/src/rp2_common/pico_runtime/runtime.c.obj
 .rodata._ftoa.str1.4
                0x000000001000a168       0x15 CMakeFiles/interruptConfigure.dir/home/l00ser/git_codes/raspberry_pico/pico_sdk_lib/pico-sdk/src/rp2_common/pico_printf/printf.c.obj
 *fill*         0x000000001000a17d        0x3 
 .rodata._vsnprintf
                0x000000001000a180      0x1e0 CMakeFiles/interruptConfigure.dir/home/l00ser/git_codes/raspberry_pico/pico_sdk_lib/pico-sdk/src/rp2_common/pico_printf/printf.c.obj
 .rodata.pow10.5435
                0x000000001000a360       0x50 CMakeFiles/interruptConfigure.dir/home/l00ser/git_codes/raspberry_pico/pico_sdk_lib/pico-sdk/src/rp2_common/pico_printf/printf.c.obj
 .rodata.str1.4
                0x000000001000a3b0       0x48 CMakeFiles/interruptConfigure.dir/home/l00ser/git_codes/raspberry_pico/pico_sdk_lib/pico-sdk/src/rp2_common/pico_standard_link/binary_info.c.obj
 .rodata.__bi_44
                0x000000001000a3f8        0xc CMakeFiles/interruptConfigure.dir/home/l00ser/git_codes/raspberry_pico/pico_sdk_lib/pico-sdk/src/rp2_common/pico_standard_link/binary_info.c.obj
 .rodata.__bi_75
                0x000000001000a404        0xc CMakeFiles/interruptConfigure.dir/home/l00ser/git_codes/raspberry_pico/pico_sdk_lib/pico-sdk/src/rp2_common/pico_standard_link/binary_info.c.obj
 .rodata.__bi_81
                0x000000001000a410        0xc CMakeFiles/interruptConfigure.dir/home/l00ser/git_codes/raspberry_pico/pico_sdk_lib/pico-sdk/src/rp2_common/pico_standard_link/binary_info.c.obj
 .rodata.crlf_str.5904
                0x000000001000a41c        0x2 CMakeFiles/interruptConfigure.dir/home/l00ser/git_codes/raspberry_pico/pico_sdk_lib/pico-sdk/src/rp2_common/pico_stdio/stdio.c.obj
 *fill*         0x000000001000a41e        0x2 
 .rodata._resetd_driver
                0x000000001000a420       0x18 CMakeFiles/interruptConfigure.dir/home/l00ser/git_codes/raspberry_pico/pico_sdk_lib/pico-sdk/src/rp2_common/pico_stdio_usb/reset_interface.c.obj
 .rodata.str1.4
                0x000000001000a438       0x13 CMakeFiles/interruptConfigure.dir/home/l00ser/git_codes/raspberry_pico/pico_sdk_lib/pico-sdk/src/rp2_common/pico_stdio_usb/stdio_usb.c.obj
 *fill*         0x000000001000a44b        0x1 
 .rodata.__bi_93.7182
                0x000000001000a44c        0xc CMakeFiles/interruptConfigure.dir/home/l00ser/git_codes/raspberry_pico/pico_sdk_lib/pico-sdk/src/rp2_common/pico_stdio_usb/stdio_usb.c.obj
 .rodata.str1.4
                0x000000001000a458       0x2a CMakeFiles/interruptConfigure.dir/home/l00ser/git_codes/raspberry_pico/pico_sdk_lib/pico-sdk/src/rp2_common/pico_stdio_usb/stdio_usb_descriptors.c.obj
 *fill*         0x000000001000a482        0x2 
 .rodata.usbd_desc_cfg
                0x000000001000a484       0x54 CMakeFiles/interruptConfigure.dir/home/l00ser/git_codes/raspberry_pico/pico_sdk_lib/pico-sdk/src/rp2_common/pico_stdio_usb/stdio_usb_descriptors.c.obj
 .rodata.usbd_desc_device
                0x000000001000a4d8       0x12 CMakeFiles/interruptConfigure.dir/home/l00ser/git_codes/raspberry_pico/pico_sdk_lib/pico-sdk/src/rp2_common/pico_stdio_usb/stdio_usb_descriptors.c.obj
 *fill*         0x000000001000a4ea        0x2 
 .rodata.usbd_desc_str
                0x000000001000a4ec       0x18 CMakeFiles/interruptConfigure.dir/home/l00ser/git_codes/raspberry_pico/pico_sdk_lib/pico-sdk/src/rp2_common/pico_stdio_usb/stdio_usb_descriptors.c.obj
 .rodata.dcd_rp2040_irq.str1.4
                0x000000001000a504       0x14 CMakeFiles/interruptConfigure.dir/home/l00ser/git_codes/raspberry_pico/pico_sdk_lib/pico-sdk/lib/tinyusb/src/portable/raspberrypi/rp2040/dcd_rp2040.c.obj
 .rodata._hw_endpoint_buffer_control_update32.part.0.str1.4
                0x000000001000a518       0x1f CMakeFiles/interruptConfigure.dir/home/l00ser/git_codes/raspberry_pico/pico_sdk_lib/pico-sdk/lib/tinyusb/src/portable/raspberrypi/rp2040/rp2040_usb.c.obj
 *fill*         0x000000001000a537        0x1 
 .rodata.hw_endpoint_xfer_continue.str1.4
                0x000000001000a538       0x29 CMakeFiles/interruptConfigure.dir/home/l00ser/git_codes/raspberry_pico/pico_sdk_lib/pico-sdk/lib/tinyusb/src/portable/raspberrypi/rp2040/rp2040_usb.c.obj
 *fill*         0x000000001000a561        0x3 
 .rodata.str1.4
                0x000000001000a564        0x7 CMakeFiles/interruptConfigure.dir/home/l00ser/git_codes/raspberry_pico/pico_sdk_lib/pico-sdk/lib/tinyusb/src/portable/raspberrypi/rp2040/rp2040_usb.c.obj
 *fill*         0x000000001000a56b        0x1 
 .rodata.tud_task
                0x000000001000a56c       0x8c CMakeFiles/interruptConfigure.dir/home/l00ser/git_codes/raspberry_pico/pico_sdk_lib/pico-sdk/lib/tinyusb/src/device/usbd.c.obj
 .rodata._usbd_driver
                0x000000001000a5f8       0x18 CMakeFiles/interruptConfigure.dir/home/l00ser/git_codes/raspberry_pico/pico_sdk_lib/pico-sdk/lib/tinyusb/src/device/usbd.c.obj
                0x000000001000a610                . = ALIGN (0x4)
 *(SORT_BY_ALIGNMENT(SORT_BY_NAME(.flashdata*)))
                0x000000001000a610                . = ALIGN (0x4)

.rel.dyn        0x000000001000a610        0x0
 .rel.iplt      0x000000001000a610        0x0 /usr/lib/gcc/arm-none-eabi/9.2.1/thumb/v6-m/nofp/crtbegin.o

.ARM.extab
 *(.ARM.extab* .gnu.linkonce.armextab.*)
                0x000000001000a610                __exidx_start = .

.ARM.exidx
 *(.ARM.exidx* .gnu.linkonce.armexidx.*)
                0x000000001000a610                __exidx_end = .
                0x000000001000a610                . = ALIGN (0x4)
                0x000000001000a610                __binary_info_start = .

.binary_info    0x000000001000a610       0x20
 *(.binary_info.keep.*)
 .binary_info.keep.__bi_ptr22
                0x000000001000a610        0x4 CMakeFiles/interruptConfigure.dir/home/l00ser/git_codes/raspberry_pico/pico_sdk_lib/pico-sdk/src/rp2_common/pico_standard_link/binary_info.c.obj
 .binary_info.keep.__bi_ptr30
                0x000000001000a614        0x4 CMakeFiles/interruptConfigure.dir/home/l00ser/git_codes/raspberry_pico/pico_sdk_lib/pico-sdk/src/rp2_common/pico_standard_link/binary_info.c.obj
 .binary_info.keep.__bi_ptr38
                0x000000001000a618        0x4 CMakeFiles/interruptConfigure.dir/home/l00ser/git_codes/raspberry_pico/pico_sdk_lib/pico-sdk/src/rp2_common/pico_standard_link/binary_info.c.obj
 .binary_info.keep.__bi_ptr44
                0x000000001000a61c        0x4 CMakeFiles/interruptConfigure.dir/home/l00ser/git_codes/raspberry_pico/pico_sdk_lib/pico-sdk/src/rp2_common/pico_standard_link/binary_info.c.obj
 .binary_info.keep.__bi_ptr50
                0x000000001000a620        0x4 CMakeFiles/interruptConfigure.dir/home/l00ser/git_codes/raspberry_pico/pico_sdk_lib/pico-sdk/src/rp2_common/pico_standard_link/binary_info.c.obj
 .binary_info.keep.__bi_ptr75
                0x000000001000a624        0x4 CMakeFiles/interruptConfigure.dir/home/l00ser/git_codes/raspberry_pico/pico_sdk_lib/pico-sdk/src/rp2_common/pico_standard_link/binary_info.c.obj
 .binary_info.keep.__bi_ptr81
                0x000000001000a628        0x4 CMakeFiles/interruptConfigure.dir/home/l00ser/git_codes/raspberry_pico/pico_sdk_lib/pico-sdk/src/rp2_common/pico_standard_link/binary_info.c.obj
 *(.binary_info.*)
 .binary_info.__bi_ptr93
                0x000000001000a62c        0x4 CMakeFiles/interruptConfigure.dir/home/l00ser/git_codes/raspberry_pico/pico_sdk_lib/pico-sdk/src/rp2_common/pico_stdio_usb/stdio_usb.c.obj
                0x000000001000a630                __binary_info_end = .
                0x000000001000a630                . = ALIGN (0x4)
                0x000000001000a630                __etext = .

.ram_vector_table
                0x0000000020000000       0xc0
 *(.ram_vector_table)
 .ram_vector_table
                0x0000000020000000       0xc0 CMakeFiles/interruptConfigure.dir/home/l00ser/git_codes/raspberry_pico/pico_sdk_lib/pico-sdk/src/rp2_common/pico_runtime/runtime.c.obj
                0x0000000020000000                ram_vector_table

.data           0x00000000200000c0      0xca8 load address 0x000000001000a630
                0x00000000200000c0                __data_start__ = .
 *(vtable)
 *(.time_critical*)
 .time_critical.mutex_enter_blocking
                0x00000000200000c0       0x48 CMakeFiles/interruptConfigure.dir/home/l00ser/git_codes/raspberry_pico/pico_sdk_lib/pico-sdk/src/common/pico_sync/mutex.c.obj
                0x00000000200000c0                mutex_enter_blocking
 .time_critical.mutex_try_enter
                0x0000000020000108       0x48 CMakeFiles/interruptConfigure.dir/home/l00ser/git_codes/raspberry_pico/pico_sdk_lib/pico-sdk/src/common/pico_sync/mutex.c.obj
                0x0000000020000108                mutex_try_enter
 .time_critical.mutex_enter_timeout_ms
                0x0000000020000150       0x98 CMakeFiles/interruptConfigure.dir/home/l00ser/git_codes/raspberry_pico/pico_sdk_lib/pico-sdk/src/common/pico_sync/mutex.c.obj
                0x0000000020000150                mutex_enter_timeout_ms
 .time_critical.mutex_exit
                0x00000000200001e8       0x28 CMakeFiles/interruptConfigure.dir/home/l00ser/git_codes/raspberry_pico/pico_sdk_lib/pico-sdk/src/common/pico_sync/mutex.c.obj
                0x00000000200001e8                mutex_exit
 .time_critical.flash_init_boot2_copyout
                0x0000000020000210       0x30 CMakeFiles/interruptConfigure.dir/home/l00ser/git_codes/raspberry_pico/pico_sdk_lib/pico-sdk/src/rp2_common/hardware_flash/flash.c.obj
 .time_critical.flash_enable_xip_via_boot2
                0x0000000020000240       0x10 CMakeFiles/interruptConfigure.dir/home/l00ser/git_codes/raspberry_pico/pico_sdk_lib/pico-sdk/src/rp2_common/hardware_flash/flash.c.obj
 .time_critical.flash_cs_force
                0x0000000020000250       0x38 CMakeFiles/interruptConfigure.dir/home/l00ser/git_codes/raspberry_pico/pico_sdk_lib/pico-sdk/src/rp2_common/hardware_flash/flash.c.obj
 .time_critical.flash_do_cmd
                0x0000000020000288       0xc4 CMakeFiles/interruptConfigure.dir/home/l00ser/git_codes/raspberry_pico/pico_sdk_lib/pico-sdk/src/rp2_common/hardware_flash/flash.c.obj
                0x0000000020000288                flash_do_cmd
 .time_critical.spi_write_read_blocking
                0x000000002000034c       0x74 CMakeFiles/interruptConfigure.dir/home/l00ser/git_codes/raspberry_pico/pico_sdk_lib/pico-sdk/src/rp2_common/hardware_spi/spi.c.obj
                0x000000002000034c                spi_write_read_blocking
 *(.text*)
 .text          0x00000000200003c0        0x4 /usr/lib/gcc/arm-none-eabi/9.2.1/thumb/v6-m/nofp/libgcc.a(_dvmd_tls.o)
                0x00000000200003c0                __aeabi_ldiv0
                0x00000000200003c0                __aeabi_idiv0
 *fill*         0x00000000200003c4        0x4 
 .text.__stub   0x00000000200003c8       0x30 linker stubs
                0x00000000200003f8                . = ALIGN (0x4)
 *(.rodata*)
                0x00000000200003f8                . = ALIGN (0x4)
 *(.data*)
 .data.ack_payloads
                0x00000000200003f8        0xf CMakeFiles/interruptConfigure.dir/interruptConfigure.cpp.obj
                0x00000000200003f8                ack_payloads
 *fill*         0x0000000020000407        0x1 
 .data.tx_payloads
                0x0000000020000408       0x18 CMakeFiles/interruptConfigure.dir/interruptConfigure.cpp.obj
                0x0000000020000408                tx_payloads
 .data.striped_spin_lock_num
                0x0000000020000420        0x1 CMakeFiles/interruptConfigure.dir/home/l00ser/git_codes/raspberry_pico/pico_sdk_lib/pico-sdk/src/rp2_common/hardware_sync/sync.c.obj
 *fill*         0x0000000020000421        0x3 
 .data.default_alarm_pool
                0x0000000020000424       0x18 CMakeFiles/interruptConfigure.dir/home/l00ser/git_codes/raspberry_pico/pico_sdk_lib/pico-sdk/src/common/pico_time/time.c.obj
 .data.default_alarm_pool_heap
                0x000000002000043c       0x10 CMakeFiles/interruptConfigure.dir/home/l00ser/git_codes/raspberry_pico/pico_sdk_lib/pico-sdk/src/common/pico_time/time.c.obj
 .data          0x000000002000044c       0x48 CMakeFiles/interruptConfigure.dir/home/l00ser/git_codes/raspberry_pico/pico_sdk_lib/pico-sdk/src/rp2_common/hardware_irq/irq_handler_chain.S.obj
                0x000000002000044c                irq_handler_chain_slots
                0x000000002000047c                irq_handler_chain_first_slot
                0x0000000020000486                irq_handler_chain_remove_tail
 *fill*         0x0000000020000494        0xc 
 .data.aeabi_bits_funcs
                0x00000000200004a0       0x10 CMakeFiles/interruptConfigure.dir/home/l00ser/git_codes/raspberry_pico/pico_sdk_lib/pico-sdk/src/rp2_common/pico_bit_ops/bit_ops_aeabi.S.obj
                0x00000000200004a0                aeabi_bits_funcs
                0x00000000200004b0                aeabi_bits_funcs_end
 .data.aeabi_mem_funcs
                0x00000000200004b0       0x10 CMakeFiles/interruptConfigure.dir/home/l00ser/git_codes/raspberry_pico/pico_sdk_lib/pico-sdk/src/rp2_common/pico_mem_ops/mem_ops_aeabi.S.obj
                0x00000000200004b0                aeabi_mem_funcs
                0x00000000200004c0                aeabi_mem_funcs_end
 .data.stdio_usb
                0x00000000200004c0       0x14 CMakeFiles/interruptConfigure.dir/home/l00ser/git_codes/raspberry_pico/pico_sdk_lib/pico-sdk/src/rp2_common/pico_stdio_usb/stdio_usb.c.obj
                0x00000000200004c0                stdio_usb
 .data.ep_dir_string
                0x00000000200004d4        0x8 CMakeFiles/interruptConfigure.dir/home/l00ser/git_codes/raspberry_pico/pico_sdk_lib/pico-sdk/lib/tinyusb/src/portable/raspberrypi/rp2040/rp2040_usb.c.obj
                0x00000000200004d4                ep_dir_string
 .data._usbd_qdef
                0x00000000200004dc       0x24 CMakeFiles/interruptConfigure.dir/home/l00ser/git_codes/raspberry_pico/pico_sdk_lib/pico-sdk/lib/tinyusb/src/device/usbd.c.obj
                0x00000000200004dc                _usbd_qdef
 .data          0x0000000020000500      0x430 /usr/lib/gcc/arm-none-eabi/9.2.1/../../../arm-none-eabi/lib/thumb/v6-m/nofp/libc.a(lib_a-impure.o)
                0x0000000020000500                _impure_ptr
 .data          0x0000000020000930      0x410 /usr/lib/gcc/arm-none-eabi/9.2.1/../../../arm-none-eabi/lib/thumb/v6-m/nofp/libc.a(lib_a-mallocr.o)
                0x0000000020000930                __malloc_sbrk_base
                0x0000000020000934                __malloc_trim_threshold
                0x0000000020000938                __malloc_av_
                0x0000000020000d40                . = ALIGN (0x4)
 *(.after_data.*)
                0x0000000020000d40                . = ALIGN (0x4)
                0x0000000020000d40                PROVIDE (__mutex_array_start = .)
 *(SORT_BY_NAME(.mutex_array.*))
 *(.mutex_array)
 .mutex_array   0x0000000020000d40        0x8 CMakeFiles/interruptConfigure.dir/home/l00ser/git_codes/raspberry_pico/pico_sdk_lib/pico-sdk/src/rp2_common/pico_stdio/stdio.c.obj
                0x0000000020000d48                PROVIDE (__mutex_array_end = .)
                0x0000000020000d48                . = ALIGN (0x4)
                0x0000000020000d48                PROVIDE (__preinit_array_start = .)
 *(SORT_BY_NAME(.preinit_array.*))
 .preinit_array.00001
                0x0000000020000d48        0x4 CMakeFiles/interruptConfigure.dir/home/l00ser/git_codes/raspberry_pico/pico_sdk_lib/pico-sdk/src/rp2_common/pico_mem_ops/mem_ops_aeabi.S.obj
 .preinit_array.00010
                0x0000000020000d4c        0x4 CMakeFiles/interruptConfigure.dir/home/l00ser/git_codes/raspberry_pico/pico_sdk_lib/pico-sdk/src/rp2_common/pico_bit_ops/bit_ops_aeabi.S.obj
 .preinit_array.00020
                0x0000000020000d50        0x4 CMakeFiles/interruptConfigure.dir/home/l00ser/git_codes/raspberry_pico/pico_sdk_lib/pico-sdk/src/rp2_common/pico_double/double_aeabi.S.obj
 .preinit_array.00020
                0x0000000020000d54        0x4 CMakeFiles/interruptConfigure.dir/home/l00ser/git_codes/raspberry_pico/pico_sdk_lib/pico-sdk/src/rp2_common/pico_float/float_aeabi.S.obj
 *(.preinit_array)
                0x0000000020000d58                PROVIDE (__preinit_array_end = .)
                0x0000000020000d58                . = ALIGN (0x4)
                0x0000000020000d58                PROVIDE (__init_array_start = .)
 *(SORT_BY_NAME(.init_array.*))
 *(.init_array)
 .init_array    0x0000000020000d58        0x4 /usr/lib/gcc/arm-none-eabi/9.2.1/thumb/v6-m/nofp/crtbegin.o
 .init_array    0x0000000020000d5c        0x4 CMakeFiles/interruptConfigure.dir/interruptConfigure.cpp.obj
 .init_array    0x0000000020000d60        0x4 CMakeFiles/interruptConfigure.dir/home/l00ser/git_codes/raspberry_pico/test/RF24/RF24.cpp.obj
 .init_array    0x0000000020000d64        0x4 CMakeFiles/interruptConfigure.dir/home/l00ser/git_codes/raspberry_pico/pico_sdk_lib/pico-sdk/src/rp2_common/pico_unique_id/unique_id.c.obj
                0x0000000020000d68                PROVIDE (__init_array_end = .)
                0x0000000020000d68                . = ALIGN (0x4)
                0x0000000020000d68                PROVIDE (__fini_array_start = .)
 *(SORT_BY_NAME(.fini_array.*))
 *(.fini_array)
                0x0000000020000d68                PROVIDE (__fini_array_end = .)
 *(.jcr)
                0x0000000020000d68                . = ALIGN (0x4)
                0x0000000020000d68                __data_end__ = .

.tm_clone_table
                0x0000000020000d68        0x0 load address 0x000000001000b2d8
 .tm_clone_table
                0x0000000020000d68        0x0 /usr/lib/gcc/arm-none-eabi/9.2.1/thumb/v6-m/nofp/crtbegin.o
 .tm_clone_table
                0x0000000020000d68        0x0 /usr/lib/gcc/arm-none-eabi/9.2.1/thumb/v6-m/nofp/crtend.o

.igot.plt       0x0000000020000d68        0x0 load address 0x000000001000b2d8
 .igot.plt      0x0000000020000d68        0x0 /usr/lib/gcc/arm-none-eabi/9.2.1/thumb/v6-m/nofp/crtbegin.o

.uninitialized_data
                0x0000000020000d68        0x0 load address 0x000000001000b2d8
                0x0000000020000d68                . = ALIGN (0x4)
 *(.uninitialized_data*)

.scratch_x      0x0000000020040000        0x0 load address 0x000000001000b2d8
                0x0000000020040000                __scratch_x_start__ = .
 *(.scratch_x.*)
                0x0000000020040000                . = ALIGN (0x4)
                0x0000000020040000                __scratch_x_end__ = .
                0x000000001000b2d8                __scratch_x_source__ = LOADADDR (.scratch_x)

.scratch_y      0x0000000020041000        0x0 load address 0x000000001000b2d8
                0x0000000020041000                __scratch_y_start__ = .
 *(.scratch_y.*)
                0x0000000020041000                . = ALIGN (0x4)
                0x0000000020041000                __scratch_y_end__ = .
                0x000000001000b2d8                __scratch_y_source__ = LOADADDR (.scratch_y)

.bss            0x0000000020000d68      0xe3c
                0x0000000020000d68                . = ALIGN (0x4)
                0x0000000020000d68                __bss_start__ = .
 *(SORT_BY_ALIGNMENT(SORT_BY_NAME(.bss*)))
 .bss.default_alarm_pool_entries
                0x0000000020000d68      0x100 CMakeFiles/interruptConfigure.dir/home/l00ser/git_codes/raspberry_pico/pico_sdk_lib/pico-sdk/src/common/pico_time/time.c.obj
 .bss.last_avail_time.7161
                0x0000000020000e68        0x8 CMakeFiles/interruptConfigure.dir/home/l00ser/git_codes/raspberry_pico/pico_sdk_lib/pico-sdk/src/rp2_common/pico_stdio_usb/stdio_usb.c.obj
 .bss           0x0000000020000e70       0x1c /usr/lib/gcc/arm-none-eabi/9.2.1/thumb/v6-m/nofp/crtbegin.o
 .bss           0x0000000020000e8c       0x34 /usr/lib/gcc/arm-none-eabi/9.2.1/../../../arm-none-eabi/lib/thumb/v6-m/nofp/libc.a(lib_a-mallocr.o)
                0x0000000020000e8c                __malloc_top_pad
                0x0000000020000e90                __malloc_current_mallinfo
                0x0000000020000eb8                __malloc_max_sbrked_mem