Archive member included to satisfy reference by file (symbol)

/usr/lib/gcc/arm-none-eabi/9.2.1/thumb/v6-m/nofp/libgcc.a(_dvmd_tls.o)
                              CMakeFiles/multiceiverDemo.dir/home/l00ser/git_codes/raspberry_pico/pico_sdk_lib/pico-sdk/src/rp2_common/pico_divider/divider.S.obj (__aeabi_idiv0)
/usr/lib/gcc/arm-none-eabi/9.2.1/../../../arm-none-eabi/lib/thumb/v6-m/nofp/libc.a(lib_a-atexit.o)
                              /usr/lib/gcc/arm-none-eabi/9.2.1/../../../arm-none-eabi/lib/thumb/v6-m/nofp/crt0.o (atexit)
/usr/lib/gcc/arm-none-eabi/9.2.1/../../../arm-none-eabi/lib/thumb/v6-m/nofp/libc.a(lib_a-calloc.o)
                              CMakeFiles/multiceiverDemo.dir/home/l00ser/git_codes/raspberry_pico/pico_sdk_lib/pico-sdk/src/rp2_common/pico_malloc/pico_malloc.c.obj (calloc)
/usr/lib/gcc/arm-none-eabi/9.2.1/../../../arm-none-eabi/lib/thumb/v6-m/nofp/libc.a(lib_a-callocr.o)
                              /usr/lib/gcc/arm-none-eabi/9.2.1/../../../arm-none-eabi/lib/thumb/v6-m/nofp/libc.a(lib_a-calloc.o) (_calloc_r)
/usr/lib/gcc/arm-none-eabi/9.2.1/../../../arm-none-eabi/lib/thumb/v6-m/nofp/libc.a(lib_a-fini.o)
                              /usr/lib/gcc/arm-none-eabi/9.2.1/../../../arm-none-eabi/lib/thumb/v6-m/nofp/crt0.o (__libc_fini_array)
/usr/lib/gcc/arm-none-eabi/9.2.1/../../../arm-none-eabi/lib/thumb/v6-m/nofp/libc.a(lib_a-impure.o)
                              /usr/lib/gcc/arm-none-eabi/9.2.1/../../../arm-none-eabi/lib/thumb/v6-m/nofp/libc.a(lib_a-calloc.o) (_impure_ptr)
/usr/lib/gcc/arm-none-eabi/9.2.1/../../../arm-none-eabi/lib/thumb/v6-m/nofp/libc.a(lib_a-init.o)
                              /usr/lib/gcc/arm-none-eabi/9.2.1/../../../arm-none-eabi/lib/thumb/v6-m/nofp/crt0.o (__libc_init_array)
/usr/lib/gcc/arm-none-eabi/9.2.1/../../../arm-none-eabi/lib/thumb/v6-m/nofp/libc.a(lib_a-malloc.o)
                              CMakeFiles/multiceiverDemo.dir/home/l00ser/git_codes/raspberry_pico/pico_sdk_lib/pico-sdk/src/rp2_common/pico_malloc/pico_malloc.c.obj (malloc)
/usr/lib/gcc/arm-none-eabi/9.2.1/../../../arm-none-eabi/lib/thumb/v6-m/nofp/libc.a(lib_a-mallocr.o)
                              /usr/lib/gcc/arm-none-eabi/9.2.1/../../../arm-none-eabi/lib/thumb/v6-m/nofp/libc.a(lib_a-callocr.o) (_malloc_r)
/usr/lib/gcc/arm-none-eabi/9.2.1/../../../arm-none-eabi/lib/thumb/v6-m/nofp/libc.a(lib_a-mlock.o)
                              /usr/lib/gcc/arm-none-eabi/9.2.1/../../../arm-none-eabi/lib/thumb/v6-m/nofp/libc.a(lib_a-mallocr.o) (__malloc_lock)
/usr/lib/gcc/arm-none-eabi/9.2.1/../../../arm-none-eabi/lib/thumb/v6-m/nofp/libc.a(lib_a-sbrkr.o)
                              /usr/lib/gcc/arm-none-eabi/9.2.1/../../../arm-none-eabi/lib/thumb/v6-m/nofp/libc.a(lib_a-mallocr.o) (_sbrk_r)
/usr/lib/gcc/arm-none-eabi/9.2.1/../../../arm-none-eabi/lib/thumb/v6-m/nofp/libc.a(lib_a-strlen-stub.o)
                              CMakeFiles/multiceiverDemo.dir/home/l00ser/git_codes/raspberry_pico/pico_sdk_lib/pico-sdk/src/rp2_common/pico_stdio/stdio.c.obj (strlen)
/usr/lib/gcc/arm-none-eabi/9.2.1/../../../arm-none-eabi/lib/thumb/v6-m/nofp/libc.a(lib_a-__atexit.o)
                              /usr/lib/gcc/arm-none-eabi/9.2.1/../../../arm-none-eabi/lib/thumb/v6-m/nofp/libc.a(lib_a-atexit.o) (__register_exitproc)
/usr/lib/gcc/arm-none-eabi/9.2.1/../../../arm-none-eabi/lib/thumb/v6-m/nofp/libc.a(lib_a-freer.o)
                              /usr/lib/gcc/arm-none-eabi/9.2.1/../../../arm-none-eabi/lib/thumb/v6-m/nofp/libc.a(lib_a-malloc.o) (_free_r)
/usr/lib/gcc/arm-none-eabi/9.2.1/../../../arm-none-eabi/lib/thumb/v6-m/nofp/libc.a(lib_a-reent.o)
                              /usr/lib/gcc/arm-none-eabi/9.2.1/../../../arm-none-eabi/lib/thumb/v6-m/nofp/libc.a(lib_a-sbrkr.o) (errno)

Allocating common symbols
Common symbol       size              file

sf_table            0x100             CMakeFiles/multiceiverDemo.dir/home/l00ser/git_codes/raspberry_pico/pico_sdk_lib/pico-sdk/src/rp2_common/pico_float/float_init_rom.c.obj
errno               0x4               /usr/lib/gcc/arm-none-eabi/9.2.1/../../../arm-none-eabi/lib/thumb/v6-m/nofp/libc.a(lib_a-reent.o)
_usbd_qdef_buf      0xc0              CMakeFiles/multiceiverDemo.dir/home/l00ser/git_codes/raspberry_pico/pico_sdk_lib/pico-sdk/lib/tinyusb/src/device/usbd.c.obj
sd_table            0x100             CMakeFiles/multiceiverDemo.dir/home/l00ser/git_codes/raspberry_pico/pico_sdk_lib/pico-sdk/src/rp2_common/pico_double/double_init_rom.c.obj
uart_char_to_line_feed
                    0x4               CMakeFiles/multiceiverDemo.dir/home/l00ser/git_codes/raspberry_pico/pico_sdk_lib/pico-sdk/src/rp2_common/hardware_uart/uart.c.obj

Discarded input sections

 .text          0x0000000000000000        0x0 /usr/lib/gcc/arm-none-eabi/9.2.1/thumb/v6-m/nofp/crti.o
 .data          0x0000000000000000        0x0 /usr/lib/gcc/arm-none-eabi/9.2.1/thumb/v6-m/nofp/crti.o
 .bss           0x0000000000000000        0x0 /usr/lib/gcc/arm-none-eabi/9.2.1/thumb/v6-m/nofp/crti.o
[...]
Memory Configuration

Name             Origin             Length             Attributes
FLASH            0x0000000010000000 0x0000000000200000 xr
RAM              0x0000000020000000 0x0000000000040000 xrw
SCRATCH_X        0x0000000020040000 0x0000000000001000 xrw
SCRATCH_Y        0x0000000020041000 0x0000000000001000 xrw
*default*        0x0000000000000000 0xffffffffffffffff

Linker script and memory map

LOAD /usr/lib/gcc/arm-none-eabi/9.2.1/thumb/v6-m/nofp/crti.o
LOAD /usr/lib/gcc/arm-none-eabi/9.2.1/thumb/v6-m/nofp/crtbegin.o
LOAD /usr/lib/gcc/arm-none-eabi/9.2.1/../../../arm-none-eabi/lib/thumb/v6-m/nofp/crt0.o

.flash_begin    0x0000000010000000        0x0
                0x0000000010000000                __flash_binary_start = .

.boot2          0x0000000010000000      0x100
                0x0000000010000000                __boot2_start__ = .
 *(.boot2)
 .boot2         0x0000000010000000      0x100 /tmp/ccwIc0Oz.o
                0x0000000010000100                __boot2_end__ = .
                0x0000000000000001                ASSERT (((__boot2_end__ - __boot2_start__) == 0x100), ERROR: Pico second stage bootloader must be 256 bytes in size)

.text           0x0000000010000100     0x9210
                0x0000000010000100                __logical_binary_start = .
 *(.vectors)
 .vectors       0x0000000010000100       0xd4 CMakeFiles/multiceiverDemo.dir/home/l00ser/git_codes/raspberry_pico/pico_sdk_lib/pico-sdk/src/rp2_common/pico_standard_link/crt0.S.obj
                0x0000000010000100                __vectors
                0x0000000010000100                __VECTOR_TABLE
                0x00000000100001c0                isr_invalid
                0x00000000100001c0                __default_isrs_start
                0x00000000100001c2                isr_nmi
                0x00000000100001c4                isr_hardfault
                0x00000000100001c6                isr_svcall
                0x00000000100001c8                isr_pendsv
                0x00000000100001ca                isr_systick
                0x00000000100001cc                isr_irq30
                0x00000000100001cc                __unhandled_user_irq
                0x00000000100001cc                isr_irq13
                0x00000000100001cc                isr_irq27
                0x00000000100001cc                isr_irq31
                0x00000000100001cc                isr_irq5
                0x00000000100001cc                isr_irq11
                0x00000000100001cc                isr_irq23
                0x00000000100001cc                isr_irq18
                0x00000000100001cc                isr_irq28
                0x00000000100001cc                isr_irq19
                0x00000000100001cc                isr_irq0
                0x00000000100001cc                isr_irq6
                0x00000000100001cc                isr_irq22
                0x00000000100001cc                isr_irq17
                0x00000000100001cc                isr_irq14
                0x00000000100001cc                isr_irq2
                0x00000000100001cc                isr_irq10
                0x00000000100001cc                isr_irq8
                0x00000000100001cc                isr_irq24
                0x00000000100001cc                isr_irq1
                0x00000000100001cc                isr_irq7
                0x00000000100001cc                isr_irq21
                0x00000000100001cc                isr_irq20
                0x00000000100001cc                isr_irq15
                0x00000000100001cc                isr_irq25
                0x00000000100001cc                isr_irq4
                0x00000000100001cc                isr_irq16
                0x00000000100001cc                isr_irq29
                0x00000000100001cc                isr_irq26
                0x00000000100001cc                __default_isrs_end
                0x00000000100001cc                isr_irq3
                0x00000000100001cc                isr_irq12
                0x00000000100001cc                isr_irq9
                0x00000000100001d2                unhandled_user_irq_num_in_r0
 *(.binary_info_header)
 .binary_info_header
                0x00000000100001d4       0x14 CMakeFiles/multiceiverDemo.dir/home/l00ser/git_codes/raspberry_pico/pico_sdk_lib/pico-sdk/src/rp2_common/pico_standard_link/crt0.S.obj
                0x00000000100001e8                __binary_info_header_end = .
 *(.reset)
 .reset         0x00000000100001e8       0xa8 CMakeFiles/multiceiverDemo.dir/home/l00ser/git_codes/raspberry_pico/pico_sdk_lib/pico-sdk/src/rp2_common/pico_standard_link/crt0.S.obj
                0x00000000100001e8                _entry_point
                0x0000000010000266                __get_current_exception
 .reset         0x0000000010000290       0x30 CMakeFiles/multiceiverDemo.dir/home/l00ser/git_codes/raspberry_pico/pico_sdk_lib/pico-sdk/src/rp2_common/pico_standard_link/binary_info.c.obj
 *(.init)
 .init          0x00000000100002c0        0x4 /usr/lib/gcc/arm-none-eabi/9.2.1/thumb/v6-m/nofp/crti.o
                0x00000000100002c0                _init
 *(EXCLUDE_FILE(*libm.a: *libc.a:*lib_a-mem*.o *libgcc.a:) .text*)
 .text          0x00000000100002c4       0x98 /usr/lib/gcc/arm-none-eabi/9.2.1/thumb/v6-m/nofp/crtbegin.o
 .text._Z7setRolev
                0x000000001000035c       0x78 CMakeFiles/multiceiverDemo.dir/multiceiverDemo.cpp.obj
                0x000000001000035c                setRole()
 .text._Z4loopv
                0x00000000100003d4      0x170 CMakeFiles/multiceiverDemo.dir/multiceiverDemo.cpp.obj
                0x00000000100003d4                loop()
 .text.startup.main
                0x0000000010000544       0xd8 CMakeFiles/multiceiverDemo.dir/multiceiverDemo.cpp.obj
                0x0000000010000544                main
 .text.startup._GLOBAL__sub_I_radio
                0x000000001000061c       0x24 CMakeFiles/multiceiverDemo.dir/multiceiverDemo.cpp.obj
 .text._ZN4RF2413write_payloadEPKvhh
                0x0000000010000640      0x158 CMakeFiles/multiceiverDemo.dir/home/l00ser/git_codes/raspberry_pico/test/RF24/RF24.cpp.obj
                0x0000000010000640                RF24::write_payload(void const*, unsigned char, unsigned char)
 .text._ZN4RF2412read_payloadEPvh
                0x0000000010000798      0x144 CMakeFiles/multiceiverDemo.dir/home/l00ser/git_codes/raspberry_pico/test/RF24/RF24.cpp.obj
                0x0000000010000798                RF24::read_payload(void*, unsigned char)
 .text._ZN4RF24C2Ettm
                0x00000000100008dc       0x4c CMakeFiles/multiceiverDemo.dir/home/l00ser/git_codes/raspberry_pico/test/RF24/RF24.cpp.obj
                0x00000000100008dc                RF24::RF24(unsigned short, unsigned short, unsigned long)
                0x00000000100008dc                RF24::RF24(unsigned short, unsigned short, unsigned long)
 .text._ZN4RF2414setPayloadSizeEh
                0x0000000010000928       0xa0 CMakeFiles/multiceiverDemo.dir/home/l00ser/git_codes/raspberry_pico/test/RF24/RF24.cpp.obj
                0x0000000010000928                RF24::setPayloadSize(unsigned char)
 .text._ZN4RF2414getPayloadSizeEv
                0x00000000100009c8        0x8 CMakeFiles/multiceiverDemo.dir/home/l00ser/git_codes/raspberry_pico/test/RF24/RF24.cpp.obj
                0x00000000100009c8                RF24::getPayloadSize()
 .text._ZN4RF2411_init_radioEv
                0x00000000100009d0      0x5c4 CMakeFiles/multiceiverDemo.dir/home/l00ser/git_codes/raspberry_pico/test/RF24/RF24.cpp.obj
                0x00000000100009d0                RF24::_init_radio()
 .text._ZN4RF245beginEv
                0x0000000010000f94       0x60 CMakeFiles/multiceiverDemo.dir/home/l00ser/git_codes/raspberry_pico/test/RF24/RF24.cpp.obj
                0x0000000010000f94                RF24::begin()
 .text._ZN4RF2414startListeningEv
                0x0000000010000ff4      0x2d8 CMakeFiles/multiceiverDemo.dir/home/l00ser/git_codes/raspberry_pico/test/RF24/RF24.cpp.obj
                0x0000000010000ff4                RF24::startListening()
 .text._ZN4RF2413stopListeningEv
                0x00000000100012cc      0x15c CMakeFiles/multiceiverDemo.dir/home/l00ser/git_codes/raspberry_pico/test/RF24/RF24.cpp.obj
                0x00000000100012cc                RF24::stopListening()
 .text._ZN4RF249powerDownEv
                0x0000000010001428       0x68 CMakeFiles/multiceiverDemo.dir/home/l00ser/git_codes/raspberry_pico/test/RF24/RF24.cpp.obj
                0x0000000010001428                RF24::powerDown()
 .text._ZN4RF245writeEPKvhb
                0x0000000010001490      0x14c CMakeFiles/multiceiverDemo.dir/home/l00ser/git_codes/raspberry_pico/test/RF24/RF24.cpp.obj
                0x0000000010001490                RF24::write(void const*, unsigned char, bool)
 .text._ZN4RF245writeEPKvh
                0x00000000100015dc        0xc CMakeFiles/multiceiverDemo.dir/home/l00ser/git_codes/raspberry_pico/test/RF24/RF24.cpp.obj
                0x00000000100015dc                RF24::write(void const*, unsigned char)
 .text._ZN4RF249availableEPh
                0x00000000100015e8       0x58 CMakeFiles/multiceiverDemo.dir/home/l00ser/git_codes/raspberry_pico/test/RF24/RF24.cpp.obj
                0x00000000100015e8                RF24::available(unsigned char*)
 .text._ZN4RF244readEPvh
                0x0000000010001640       0x54 CMakeFiles/multiceiverDemo.dir/home/l00ser/git_codes/raspberry_pico/test/RF24/RF24.cpp.obj
                0x0000000010001640                RF24::read(void*, unsigned char)
 .text._ZN4RF2415openWritingPipeEy
                0x0000000010001694       0xe0 CMakeFiles/multiceiverDemo.dir/home/l00ser/git_codes/raspberry_pico/test/RF24/RF24.cpp.obj
                0x0000000010001694                RF24::openWritingPipe(unsigned long long)
 .text._ZN4RF2415openReadingPipeEhy
                0x0000000010001774      0x1a8 CMakeFiles/multiceiverDemo.dir/home/l00ser/git_codes/raspberry_pico/test/RF24/RF24.cpp.obj
                0x0000000010001774                RF24::openReadingPipe(unsigned char, unsigned long long)
 .text._ZN4RF2410setPALevelEhb
                0x000000001000191c       0xc4 CMakeFiles/multiceiverDemo.dir/home/l00ser/git_codes/raspberry_pico/test/RF24/RF24.cpp.obj
                0x000000001000191c                RF24::setPALevel(unsigned char, bool)
 .text._ZN4RF2410setRetriesEhh
                0x00000000100019e0       0x68 CMakeFiles/multiceiverDemo.dir/home/l00ser/git_codes/raspberry_pico/test/RF24/RF24.cpp.obj
                0x00000000100019e0                RF24::setRetries(unsigned char, unsigned char)
 .text.startup._GLOBAL__sub_I__ZN4RF243csnEb
                0x0000000010001a48       0x10 CMakeFiles/multiceiverDemo.dir/home/l00ser/git_codes/raspberry_pico/test/RF24/RF24.cpp.obj
 .text._ZN4GPIO4openEii
                0x0000000010001a58       0x20 CMakeFiles/multiceiverDemo.dir/home/l00ser/git_codes/raspberry_pico/test/RF24/utility/rp2/gpio.cpp.obj
                0x0000000010001a58                GPIO::open(int, int)
 .text._ZN4GPIO5writeEii
                0x0000000010001a78       0x14 CMakeFiles/multiceiverDemo.dir/home/l00ser/git_codes/raspberry_pico/test/RF24/utility/rp2/gpio.cpp.obj
                0x0000000010001a78                GPIO::write(int, int)
 .text._ZN3SPID2Ev
                0x0000000010001a8c        0x4 CMakeFiles/multiceiverDemo.dir/home/l00ser/git_codes/raspberry_pico/test/RF24/utility/rp2/spi.cpp.obj
                0x0000000010001a8c                SPI::~SPI()
                0x0000000010001a8c                SPI::~SPI()
 .text._ZN3SPID0Ev
                0x0000000010001a90       0x10 CMakeFiles/multiceiverDemo.dir/home/l00ser/git_codes/raspberry_pico/test/RF24/utility/rp2/spi.cpp.obj
                0x0000000010001a90                SPI::~SPI()
 .text._ZN3SPIC2Ev
                0x0000000010001aa0        0xc CMakeFiles/multiceiverDemo.dir/home/l00ser/git_codes/raspberry_pico/test/RF24/utility/rp2/spi.cpp.obj
                0x0000000010001aa0                SPI::SPI()
                0x0000000010001aa0                SPI::SPI()
 .text._ZN3SPI5beginEP8spi_inst
                0x0000000010001aac       0x24 CMakeFiles/multiceiverDemo.dir/home/l00ser/git_codes/raspberry_pico/test/RF24/utility/rp2/spi.cpp.obj
                0x0000000010001aac                SPI::begin(spi_inst*)
 .text._ZN3SPI8transferEh
                0x0000000010001ad0       0x2c CMakeFiles/multiceiverDemo.dir/home/l00ser/git_codes/raspberry_pico/test/RF24/utility/rp2/spi.cpp.obj
                0x0000000010001ad0                SPI::transfer(unsigned char)
 .text._ZN3SPI10transfernbEPKhPhm
                0x0000000010001afc       0x18 CMakeFiles/multiceiverDemo.dir/home/l00ser/git_codes/raspberry_pico/test/RF24/utility/rp2/spi.cpp.obj
                0x0000000010001afc                SPI::transfernb(unsigned char const*, unsigned char*, unsigned long)
 .text._ZN3SPI16beginTransactionEm
                0x0000000010001b14       0x28 CMakeFiles/multiceiverDemo.dir/home/l00ser/git_codes/raspberry_pico/test/RF24/utility/rp2/spi.cpp.obj
                0x0000000010001b14                SPI::beginTransaction(unsigned long)
 .text._ZN3SPI14endTransactionEv
                0x0000000010001b3c       0x10 CMakeFiles/multiceiverDemo.dir/home/l00ser/git_codes/raspberry_pico/test/RF24/utility/rp2/spi.cpp.obj
                0x0000000010001b3c                SPI::endTransaction()
 .text.gpio_set_function
                0x0000000010001b4c       0x30 CMakeFiles/multiceiverDemo.dir/home/l00ser/git_codes/raspberry_pico/pico_sdk_lib/pico-sdk/src/rp2_common/hardware_gpio/gpio.c.obj
                0x0000000010001b4c                gpio_set_function
 .text.gpio_init
                0x0000000010001b7c       0x3c CMakeFiles/multiceiverDemo.dir/home/l00ser/git_codes/raspberry_pico/pico_sdk_lib/pico-sdk/src/rp2_common/hardware_gpio/gpio.c.obj
                0x0000000010001b7c                gpio_init
 .text.hw_claim_or_assert
                0x0000000010001bb8       0x48 CMakeFiles/multiceiverDemo.dir/home/l00ser/git_codes/raspberry_pico/pico_sdk_lib/pico-sdk/src/rp2_common/hardware_claim/claim.c.obj
                0x0000000010001bb8                hw_claim_or_assert
 .text.hw_claim_unused_from_range
                0x0000000010001c00       0x9c CMakeFiles/multiceiverDemo.dir/home/l00ser/git_codes/raspberry_pico/pico_sdk_lib/pico-sdk/src/rp2_common/hardware_claim/claim.c.obj
                0x0000000010001c00                hw_claim_unused_from_range
 .text.running_on_fpga
                0x0000000010001c9c       0x10 CMakeFiles/multiceiverDemo.dir/home/l00ser/git_codes/raspberry_pico/pico_sdk_lib/pico-sdk/src/rp2_common/pico_platform/platform.c.obj
                0x0000000010001c9c                running_on_fpga
 .text.spin_locks_reset
                0x0000000010001cac       0x1c CMakeFiles/multiceiverDemo.dir/home/l00ser/git_codes/raspberry_pico/pico_sdk_lib/pico-sdk/src/rp2_common/hardware_sync/sync.c.obj
                0x0000000010001cac                spin_locks_reset
 .text.next_striped_spin_lock_num
                0x0000000010001cc8       0x18 CMakeFiles/multiceiverDemo.dir/home/l00ser/git_codes/raspberry_pico/pico_sdk_lib/pico-sdk/src/rp2_common/hardware_sync/sync.c.obj
                0x0000000010001cc8                next_striped_spin_lock_num
 .text.spin_lock_claim_unused
                0x0000000010001ce0       0x20 CMakeFiles/multiceiverDemo.dir/home/l00ser/git_codes/raspberry_pico/pico_sdk_lib/pico-sdk/src/rp2_common/hardware_sync/sync.c.obj
                0x0000000010001ce0                spin_lock_claim_unused
 .text.timer_pool_entry_comparator
                0x0000000010001d00       0x34 CMakeFiles/multiceiverDemo.dir/home/l00ser/git_codes/raspberry_pico/pico_sdk_lib/pico-sdk/src/common/pico_time/time.c.obj
                0x0000000010001d00                timer_pool_entry_comparator
 .text.sleep_until_callback
                0x0000000010001d34       0x30 CMakeFiles/multiceiverDemo.dir/home/l00ser/git_codes/raspberry_pico/pico_sdk_lib/pico-sdk/src/common/pico_time/time.c.obj
 .text.alarm_pool_add_alarm_at.constprop.0
                0x0000000010001d64      0x128 CMakeFiles/multiceiverDemo.dir/home/l00ser/git_codes/raspberry_pico/pico_sdk_lib/pico-sdk/src/common/pico_time/time.c.obj
 .text.add_alarm_under_lock
                0x0000000010001e8c      0x108 CMakeFiles/multiceiverDemo.dir/home/l00ser/git_codes/raspberry_pico/pico_sdk_lib/pico-sdk/src/common/pico_time/time.c.obj
 .text.alarm_pool_alarm_callback
                0x0000000010001f94      0x1c8 CMakeFiles/multiceiverDemo.dir/home/l00ser/git_codes/raspberry_pico/pico_sdk_lib/pico-sdk/src/common/pico_time/time.c.obj
 .text.alarm_pool_init_default
                0x000000001000215c       0x64 CMakeFiles/multiceiverDemo.dir/home/l00ser/git_codes/raspberry_pico/pico_sdk_lib/pico-sdk/src/common/pico_time/time.c.obj
                0x000000001000215c                alarm_pool_init_default
 .text.alarm_pool_get_default
                0x00000000100021c0        0x8 CMakeFiles/multiceiverDemo.dir/home/l00ser/git_codes/raspberry_pico/pico_sdk_lib/pico-sdk/src/common/pico_time/time.c.obj
                0x00000000100021c0                alarm_pool_get_default
 .text.alarm_pool_add_alarm_at
                0x00000000100021c8      0x1ac CMakeFiles/multiceiverDemo.dir/home/l00ser/git_codes/raspberry_pico/pico_sdk_lib/pico-sdk/src/common/pico_time/time.c.obj
                0x00000000100021c8                alarm_pool_add_alarm_at
 .text.sleep_until
                0x0000000010002374       0xac CMakeFiles/multiceiverDemo.dir/home/l00ser/git_codes/raspberry_pico/pico_sdk_lib/pico-sdk/src/common/pico_time/time.c.obj
                0x0000000010002374                sleep_until
 .text.sleep_us
                0x0000000010002420       0x30 CMakeFiles/multiceiverDemo.dir/home/l00ser/git_codes/raspberry_pico/pico_sdk_lib/pico-sdk/src/common/pico_time/time.c.obj
                0x0000000010002420                sleep_us
 .text.sleep_ms
                0x0000000010002450       0x38 CMakeFiles/multiceiverDemo.dir/home/l00ser/git_codes/raspberry_pico/pico_sdk_lib/pico-sdk/src/common/pico_time/time.c.obj
                0x0000000010002450                sleep_ms
 .text.best_effort_wfe_or_timeout
                0x0000000010002488       0xd4 CMakeFiles/multiceiverDemo.dir/home/l00ser/git_codes/raspberry_pico/pico_sdk_lib/pico-sdk/src/common/pico_time/time.c.obj
                0x0000000010002488                best_effort_wfe_or_timeout
 .text.hardware_alarm_irq_handler
                0x000000001000255c       0xb8 CMakeFiles/multiceiverDemo.dir/home/l00ser/git_codes/raspberry_pico/pico_sdk_lib/pico-sdk/src/rp2_common/hardware_timer/timer.c.obj
 .text.hardware_alarm_claim
                0x0000000010002614       0x18 CMakeFiles/multiceiverDemo.dir/home/l00ser/git_codes/raspberry_pico/pico_sdk_lib/pico-sdk/src/rp2_common/hardware_timer/timer.c.obj
                0x0000000010002614                hardware_alarm_claim
 .text.time_us_64
                0x000000001000262c       0x14 CMakeFiles/multiceiverDemo.dir/home/l00ser/git_codes/raspberry_pico/pico_sdk_lib/pico-sdk/src/rp2_common/hardware_timer/timer.c.obj
                0x000000001000262c                time_us_64
 .text.busy_wait_us
                0x0000000010002640       0x54 CMakeFiles/multiceiverDemo.dir/home/l00ser/git_codes/raspberry_pico/pico_sdk_lib/pico-sdk/src/rp2_common/hardware_timer/timer.c.obj
                0x0000000010002640                busy_wait_us
 .text.busy_wait_until
                0x0000000010002694       0x20 CMakeFiles/multiceiverDemo.dir/home/l00ser/git_codes/raspberry_pico/pico_sdk_lib/pico-sdk/src/rp2_common/hardware_timer/timer.c.obj
                0x0000000010002694                busy_wait_until
 .text.hardware_alarm_set_callback
                0x00000000100026b4       0x8c CMakeFiles/multiceiverDemo.dir/home/l00ser/git_codes/raspberry_pico/pico_sdk_lib/pico-sdk/src/rp2_common/hardware_timer/timer.c.obj
                0x00000000100026b4                hardware_alarm_set_callback
 .text.hardware_alarm_set_target
                0x0000000010002740       0xe4 CMakeFiles/multiceiverDemo.dir/home/l00ser/git_codes/raspberry_pico/pico_sdk_lib/pico-sdk/src/rp2_common/hardware_timer/timer.c.obj
                0x0000000010002740                hardware_alarm_set_target
 .text.hardware_alarm_cancel
                0x0000000010002824       0x40 CMakeFiles/multiceiverDemo.dir/home/l00ser/git_codes/raspberry_pico/pico_sdk_lib/pico-sdk/src/rp2_common/hardware_timer/timer.c.obj
                0x0000000010002824                hardware_alarm_cancel
 .text.lock_init
                0x0000000010002864       0x10 CMakeFiles/multiceiverDemo.dir/home/l00ser/git_codes/raspberry_pico/pico_sdk_lib/pico-sdk/src/common/pico_sync/lock_core.c.obj
                0x0000000010002864                lock_init
 .text.mutex_init
                0x0000000010002874       0x1c CMakeFiles/multiceiverDemo.dir/home/l00ser/git_codes/raspberry_pico/pico_sdk_lib/pico-sdk/src/common/pico_sync/mutex.c.obj
                0x0000000010002874                mutex_init
 .text.recursive_mutex_init
                0x0000000010002890       0x1c CMakeFiles/multiceiverDemo.dir/home/l00ser/git_codes/raspberry_pico/pico_sdk_lib/pico-sdk/src/common/pico_sync/mutex.c.obj
                0x0000000010002890                recursive_mutex_init
 .text.critical_section_init
                0x00000000100028ac       0x1c CMakeFiles/multiceiverDemo.dir/home/l00ser/git_codes/raspberry_pico/pico_sdk_lib/pico-sdk/src/common/pico_sync/critical_section.c.obj
                0x00000000100028ac                critical_section_init
 .text.ph_merge_nodes
                0x00000000100028c8       0x68 CMakeFiles/multiceiverDemo.dir/home/l00ser/git_codes/raspberry_pico/pico_sdk_lib/pico-sdk/src/common/pico_util/pheap.c.obj
 .text.ph_post_alloc_init
                0x0000000010002930       0x3c CMakeFiles/multiceiverDemo.dir/home/l00ser/git_codes/raspberry_pico/pico_sdk_lib/pico-sdk/src/common/pico_util/pheap.c.obj
                0x0000000010002930                ph_post_alloc_init
 .text.ph_merge_two_pass
                0x000000001000296c       0x90 CMakeFiles/multiceiverDemo.dir/home/l00ser/git_codes/raspberry_pico/pico_sdk_lib/pico-sdk/src/common/pico_util/pheap.c.obj
                0x000000001000296c                ph_merge_two_pass
 .text.ph_remove_any_head
                0x00000000100029fc       0xf8 CMakeFiles/multiceiverDemo.dir/home/l00ser/git_codes/raspberry_pico/pico_sdk_lib/pico-sdk/src/common/pico_util/pheap.c.obj
 .text.ph_remove_head
                0x0000000010002af4      0x13c CMakeFiles/multiceiverDemo.dir/home/l00ser/git_codes/raspberry_pico/pico_sdk_lib/pico-sdk/src/common/pico_util/pheap.c.obj
                0x0000000010002af4                ph_remove_head
 .text.ph_remove_and_free_node
                0x0000000010002c30       0x7c CMakeFiles/multiceiverDemo.dir/home/l00ser/git_codes/raspberry_pico/pico_sdk_lib/pico-sdk/src/common/pico_util/pheap.c.obj
                0x0000000010002c30                ph_remove_and_free_node
 .text.runtime_init
                0x0000000010002cac       0xf0 CMakeFiles/multiceiverDemo.dir/home/l00ser/git_codes/raspberry_pico/pico_sdk_lib/pico-sdk/src/rp2_common/pico_runtime/runtime.c.obj
                0x0000000010002cac                runtime_init
 .text._sbrk    0x0000000010002d9c       0x34 CMakeFiles/multiceiverDemo.dir/home/l00ser/git_codes/raspberry_pico/pico_sdk_lib/pico-sdk/src/rp2_common/pico_runtime/runtime.c.obj
                0x0000000010002d9c                _sbrk
 .text.exit     0x0000000010002dd0        0x4 CMakeFiles/multiceiverDemo.dir/home/l00ser/git_codes/raspberry_pico/pico_sdk_lib/pico-sdk/src/rp2_common/pico_runtime/runtime.c.obj
                0x0000000010002dd0                exit
 .text.panic    0x0000000010002dd4       0x30 CMakeFiles/multiceiverDemo.dir/home/l00ser/git_codes/raspberry_pico/pico_sdk_lib/pico-sdk/src/rp2_common/pico_runtime/runtime.c.obj
                0x0000000010002dd4                panic
 .text.hard_assertion_failure
                0x0000000010002e04        0xc CMakeFiles/multiceiverDemo.dir/home/l00ser/git_codes/raspberry_pico/pico_sdk_lib/pico-sdk/src/rp2_common/pico_runtime/runtime.c.obj
                0x0000000010002e04                hard_assertion_failure
 .text.clocks_init
                0x0000000010002e10      0x2bc CMakeFiles/multiceiverDemo.dir/home/l00ser/git_codes/raspberry_pico/pico_sdk_lib/pico-sdk/src/rp2_common/hardware_clocks/clocks.c.obj
                0x0000000010002e10                clocks_init
 .text.clock_get_hz
                0x00000000100030cc        0xc CMakeFiles/multiceiverDemo.dir/home/l00ser/git_codes/raspberry_pico/pico_sdk_lib/pico-sdk/src/rp2_common/hardware_clocks/clocks.c.obj
                0x00000000100030cc                clock_get_hz
 .text.irq_set_enabled
                0x00000000100030d8       0x24 CMakeFiles/multiceiverDemo.dir/home/l00ser/git_codes/raspberry_pico/pico_sdk_lib/pico-sdk/src/rp2_common/hardware_irq/irq.c.obj
                0x00000000100030d8                irq_set_enabled
 .text.irq_set_pending
                0x00000000100030fc       0x10 CMakeFiles/multiceiverDemo.dir/home/l00ser/git_codes/raspberry_pico/pico_sdk_lib/pico-sdk/src/rp2_common/hardware_irq/irq.c.obj
                0x00000000100030fc                irq_set_pending
 .text.irq_get_vtable_handler
                0x000000001000310c       0x10 CMakeFiles/multiceiverDemo.dir/home/l00ser/git_codes/raspberry_pico/pico_sdk_lib/pico-sdk/src/rp2_common/hardware_irq/irq.c.obj
                0x000000001000310c                irq_get_vtable_handler
 .text.irq_set_exclusive_handler
                0x000000001000311c       0x54 CMakeFiles/multiceiverDemo.dir/home/l00ser/git_codes/raspberry_pico/pico_sdk_lib/pico-sdk/src/rp2_common/hardware_irq/irq.c.obj
                0x000000001000311c                irq_set_exclusive_handler
 .text.irq_remove_handler
                0x0000000010003170      0x1b8 CMakeFiles/multiceiverDemo.dir/home/l00ser/git_codes/raspberry_pico/pico_sdk_lib/pico-sdk/src/rp2_common/hardware_irq/irq.c.obj
                0x0000000010003170                irq_remove_handler
 .text.irq_add_tail_to_free_list
                0x0000000010003328       0xb8 CMakeFiles/multiceiverDemo.dir/home/l00ser/git_codes/raspberry_pico/pico_sdk_lib/pico-sdk/src/rp2_common/hardware_irq/irq.c.obj
                0x0000000010003328                irq_add_tail_to_free_list
 .text.irq_init_priorities
                0x00000000100033e0       0x24 CMakeFiles/multiceiverDemo.dir/home/l00ser/git_codes/raspberry_pico/pico_sdk_lib/pico-sdk/src/rp2_common/hardware_irq/irq.c.obj
                0x00000000100033e0                irq_init_priorities
 .text.pll_init
                0x0000000010003404       0xa4 CMakeFiles/multiceiverDemo.dir/home/l00ser/git_codes/raspberry_pico/pico_sdk_lib/pico-sdk/src/rp2_common/hardware_pll/pll.c.obj
                0x0000000010003404                pll_init
 .text.watchdog_start_tick
                0x00000000100034a8       0x10 CMakeFiles/multiceiverDemo.dir/home/l00ser/git_codes/raspberry_pico/pico_sdk_lib/pico-sdk/src/rp2_common/hardware_watchdog/watchdog.c.obj
                0x00000000100034a8                watchdog_start_tick
 .text.watchdog_reboot
                0x00000000100034b8       0x98 CMakeFiles/multiceiverDemo.dir/home/l00ser/git_codes/raspberry_pico/pico_sdk_lib/pico-sdk/src/rp2_common/hardware_watchdog/watchdog.c.obj
                0x00000000100034b8                watchdog_reboot
 .text.xosc_init
                0x0000000010003550       0x28 CMakeFiles/multiceiverDemo.dir/home/l00ser/git_codes/raspberry_pico/pico_sdk_lib/pico-sdk/src/rp2_common/hardware_xosc/xosc.c.obj
                0x0000000010003550                xosc_init
 .text._out_null
                0x0000000010003578        0x4 CMakeFiles/multiceiverDemo.dir/home/l00ser/git_codes/raspberry_pico/pico_sdk_lib/pico-sdk/src/rp2_common/pico_printf/printf.c.obj
 .text._out_rev
                0x000000001000357c       0xd0 CMakeFiles/multiceiverDemo.dir/home/l00ser/git_codes/raspberry_pico/pico_sdk_lib/pico-sdk/src/rp2_common/pico_printf/printf.c.obj
 .text._ntoa_format
                0x000000001000364c      0x1d0 CMakeFiles/multiceiverDemo.dir/home/l00ser/git_codes/raspberry_pico/pico_sdk_lib/pico-sdk/src/rp2_common/pico_printf/printf.c.obj
 .text._out_char
                0x000000001000381c       0x10 CMakeFiles/multiceiverDemo.dir/home/l00ser/git_codes/raspberry_pico/pico_sdk_lib/pico-sdk/src/rp2_common/pico_printf/printf.c.obj
 .text._out_fct
                0x000000001000382c       0x10 CMakeFiles/multiceiverDemo.dir/home/l00ser/git_codes/raspberry_pico/pico_sdk_lib/pico-sdk/src/rp2_common/pico_printf/printf.c.obj
 .text._etoa    0x000000001000383c      0x478 CMakeFiles/multiceiverDemo.dir/home/l00ser/git_codes/raspberry_pico/pico_sdk_lib/pico-sdk/src/rp2_common/pico_printf/printf.c.obj
 .text._ftoa    0x0000000010003cb4      0x3e0 CMakeFiles/multiceiverDemo.dir/home/l00ser/git_codes/raspberry_pico/pico_sdk_lib/pico-sdk/src/rp2_common/pico_printf/printf.c.obj
 .text._vsnprintf
                0x0000000010004094      0xb08 CMakeFiles/multiceiverDemo.dir/home/l00ser/git_codes/raspberry_pico/pico_sdk_lib/pico-sdk/src/rp2_common/pico_printf/printf.c.obj
 .text.vfctprintf
                0x0000000010004b9c       0x20 CMakeFiles/multiceiverDemo.dir/home/l00ser/git_codes/raspberry_pico/pico_sdk_lib/pico-sdk/src/rp2_common/pico_printf/printf.c.obj
                0x0000000010004b9c                vfctprintf
 .text.weak_raw_vprintf
                0x0000000010004bbc       0x30 CMakeFiles/multiceiverDemo.dir/home/l00ser/git_codes/raspberry_pico/pico_sdk_lib/pico-sdk/src/rp2_common/pico_printf/printf.c.obj
                0x0000000010004bbc                weak_raw_vprintf
 .text          0x0000000010004bec       0x10 CMakeFiles/multiceiverDemo.dir/home/l00ser/git_codes/raspberry_pico/pico_sdk_lib/pico-sdk/src/rp2_common/pico_bit_ops/bit_ops_aeabi.S.obj
 .text.rom_func_lookup
                0x0000000010004bfc       0x10 CMakeFiles/multiceiverDemo.dir/home/l00ser/git_codes/raspberry_pico/pico_sdk_lib/pico-sdk/src/rp2_common/pico_bootrom/bootrom.c.obj
                0x0000000010004bfc                rom_func_lookup
 .text.rom_data_lookup
                0x0000000010004c0c       0x10 CMakeFiles/multiceiverDemo.dir/home/l00ser/git_codes/raspberry_pico/pico_sdk_lib/pico-sdk/src/rp2_common/pico_bootrom/bootrom.c.obj
                0x0000000010004c0c                rom_data_lookup
 .text.rom_funcs_lookup
                0x0000000010004c1c       0x3c CMakeFiles/multiceiverDemo.dir/home/l00ser/git_codes/raspberry_pico/pico_sdk_lib/pico-sdk/src/rp2_common/pico_bootrom/bootrom.c.obj
                0x0000000010004c1c                rom_funcs_lookup
 .text.__wrap___aeabi_idiv
                0x0000000010004c58       0x50 CMakeFiles/multiceiverDemo.dir/home/l00ser/git_codes/raspberry_pico/pico_sdk_lib/pico-sdk/src/rp2_common/pico_divider/divider.S.obj
                0x0000000010004c58                __wrap___aeabi_idivmod
                0x0000000010004c58                divmod_s32s32
                0x0000000010004c58                div_s32s32
                0x0000000010004c58                __wrap___aeabi_idiv
                0x0000000010004c60                divmod_s32s32_unsafe
                0x0000000010004c8c                divmod_s32s32_savestate
 .text.__wrap___aeabi_uidiv
                0x0000000010004ca8       0x4c CMakeFiles/multiceiverDemo.dir/home/l00ser/git_codes/raspberry_pico/pico_sdk_lib/pico-sdk/src/rp2_common/pico_divider/divider.S.obj
                0x0000000010004ca8                __wrap___aeabi_uidiv
                0x0000000010004ca8                __wrap___aeabi_uidivmod
                0x0000000010004ca8                div_u32u32
                0x0000000010004ca8                divmod_u32u32
                0x0000000010004cb0                divmod_u32u32_unsafe
                0x0000000010004cd8                divmod_u32u32_savestate
 .text.__wrap___aeabi_ldiv
                0x0000000010004cf4      0x434 CMakeFiles/multiceiverDemo.dir/home/l00ser/git_codes/raspberry_pico/pico_sdk_lib/pico-sdk/src/rp2_common/pico_divider/divider.S.obj
                0x0000000010004cf4                div_s64s64
                0x0000000010004cf4                divmod_s64s64
                0x0000000010004cf4                __wrap___aeabi_ldivmod
                0x0000000010004d2c                div_u64u64
                0x0000000010004d2c                divmod_u64u64
                0x0000000010004d2c                __wrap___aeabi_uldivmod
                0x0000000010004d3c                divmod_u64u64_savestate
                0x0000000010004d64                divmod_s64s64_unsafe
                0x0000000010004dec                divmod_u64u64_unsafe
 .text.__wrap___aeabi_darithmetic
                0x0000000010005128       0x80 CMakeFiles/multiceiverDemo.dir/home/l00ser/git_codes/raspberry_pico/pico_sdk_lib/pico-sdk/src/rp2_common/pico_double/double_aeabi.S.obj
                0x0000000010005128                __wrap___aeabi_drsub
                0x000000001000512e                __wrap___aeabi_dsub
                0x0000000010005140                __wrap___aeabi_dadd
                0x0000000010005152                __wrap___aeabi_ddiv
                0x000000001000518e                __wrap___aeabi_dmul
 .text.__wrap___aeabi_cdcmple
                0x00000000100051a8       0x6c CMakeFiles/multiceiverDemo.dir/home/l00ser/git_codes/raspberry_pico/pico_sdk_lib/pico-sdk/src/rp2_common/pico_double/double_aeabi.S.obj
                0x00000000100051a8                __wrap___aeabi_cdrcmple
                0x00000000100051b8                __wrap___aeabi_cdcmple
                0x00000000100051b8                __wrap___aeabi_cdcmpeq
 .text.__wrap___aeabi_dcmplt
                0x0000000010005214        0xc CMakeFiles/multiceiverDemo.dir/home/l00ser/git_codes/raspberry_pico/pico_sdk_lib/pico-sdk/src/rp2_common/pico_double/double_aeabi.S.obj
                0x0000000010005214                __wrap___aeabi_dcmplt
 .text.__wrap___aeabi_dcmple
                0x0000000010005220       0x10 CMakeFiles/multiceiverDemo.dir/home/l00ser/git_codes/raspberry_pico/pico_sdk_lib/pico-sdk/src/rp2_common/pico_double/double_aeabi.S.obj
                0x0000000010005220                __wrap___aeabi_dcmple
 .text.__wrap___aeabi_dcmpge
                0x0000000010005230       0x10 CMakeFiles/multiceiverDemo.dir/home/l00ser/git_codes/raspberry_pico/pico_sdk_lib/pico-sdk/src/rp2_common/pico_double/double_aeabi.S.obj
                0x0000000010005230                __wrap___aeabi_dcmpge
 .text.__wrap___aeabi_dcmpgt
                0x0000000010005240        0xa CMakeFiles/multiceiverDemo.dir/home/l00ser/git_codes/raspberry_pico/pico_sdk_lib/pico-sdk/src/rp2_common/pico_double/double_aeabi.S.obj
                0x0000000010005240                __wrap___aeabi_dcmpgt
 .text.__wrap___aeabi_dcmpun
                0x000000001000524a       0x1c CMakeFiles/multiceiverDemo.dir/home/l00ser/git_codes/raspberry_pico/pico_sdk_lib/pico-sdk/src/rp2_common/pico_double/double_aeabi.S.obj
                0x000000001000524a                __wrap___aeabi_dcmpun
 *fill*         0x0000000010005266        0x2 
 .text.__wrap___aeabi_i2d
                0x0000000010005268       0x38 CMakeFiles/multiceiverDemo.dir/home/l00ser/git_codes/raspberry_pico/pico_sdk_lib/pico-sdk/src/rp2_common/pico_double/double_aeabi.S.obj
                0x0000000010005268                __wrap___aeabi_ui2d
                0x0000000010005270                __wrap___aeabi_i2d
 .text.__wrap___aeabi_d2iz
                0x00000000100052a0       0x48 CMakeFiles/multiceiverDemo.dir/home/l00ser/git_codes/raspberry_pico/pico_sdk_lib/pico-sdk/src/rp2_common/pico_double/double_aeabi.S.obj
                0x00000000100052a0                __wrap___aeabi_d2iz
                0x00000000100052a0                double2int_z
 .text.__wrap___aeabi_d2uiz
                0x00000000100052e8       0x18 CMakeFiles/multiceiverDemo.dir/home/l00ser/git_codes/raspberry_pico/pico_sdk_lib/pico-sdk/src/rp2_common/pico_double/double_aeabi.S.obj
                0x00000000100052e8                double2uint
                0x00000000100052e8                __wrap___aeabi_d2uiz
 .text.__aeabi_double_init
                0x0000000010005300       0xc0 CMakeFiles/multiceiverDemo.dir/home/l00ser/git_codes/raspberry_pico/pico_sdk_lib/pico-sdk/src/rp2_common/pico_double/double_init_rom.c.obj
                0x0000000010005300                __aeabi_double_init
 .text.double_table_shim_on_use_helper
                0x00000000100053c0       0x2c CMakeFiles/multiceiverDemo.dir/home/l00ser/git_codes/raspberry_pico/pico_sdk_lib/pico-sdk/src/rp2_common/pico_double/double_v1_rom_shim.S.obj
                0x00000000100053c0                double_table_shim_on_use_helper
 .text.__wrap___aeabi_dsub
                0x00000000100053ec       0x10 CMakeFiles/multiceiverDemo.dir/home/l00ser/git_codes/raspberry_pico/pico_sdk_lib/pico-sdk/src/rp2_common/pico_double/double_v1_rom_shim.S.obj
                0x00000000100053ec                drsub_shim
                0x00000000100053f2                dsub_shim
 .text.dadd_shim
                0x00000000100053fc      0x15c CMakeFiles/multiceiverDemo.dir/home/l00ser/git_codes/raspberry_pico/pico_sdk_lib/pico-sdk/src/rp2_common/pico_double/double_v1_rom_shim.S.obj
                0x00000000100053fc                dadd_shim
 .text.dmul_shim
                0x0000000010005558      0x15c CMakeFiles/multiceiverDemo.dir/home/l00ser/git_codes/raspberry_pico/pico_sdk_lib/pico-sdk/src/rp2_common/pico_double/double_v1_rom_shim.S.obj
                0x0000000010005558                dmul_shim
 .text.ddiv_shim
                0x00000000100056b4      0x1b0 CMakeFiles/multiceiverDemo.dir/home/l00ser/git_codes/raspberry_pico/pico_sdk_lib/pico-sdk/src/rp2_common/pico_double/double_v1_rom_shim.S.obj
                0x00000000100056b4                ddiv_shim
 .text.double2uint_shim
                0x0000000010005864        0xe CMakeFiles/multiceiverDemo.dir/home/l00ser/git_codes/raspberry_pico/pico_sdk_lib/pico-sdk/src/rp2_common/pico_double/double_v1_rom_shim.S.obj
                0x0000000010005864                double2uint_shim
                0x0000000010005866                double2ufix_shim
 *fill*         0x0000000010005872        0x2 
 .text.double2uint64_shim
                0x0000000010005874       0x70 CMakeFiles/multiceiverDemo.dir/home/l00ser/git_codes/raspberry_pico/pico_sdk_lib/pico-sdk/src/rp2_common/pico_double/double_v1_rom_shim.S.obj
                0x0000000010005874                double2uint64_shim
                0x0000000010005876                double2ufix64_shim
                0x0000000010005896                d2fix_a
 .text.dunpacks
                0x00000000100058e4       0x3c CMakeFiles/multiceiverDemo.dir/home/l00ser/git_codes/raspberry_pico/pico_sdk_lib/pico-sdk/src/rp2_common/pico_double/double_v1_rom_shim.S.obj
                0x00000000100058e4                dunpacks
 .text.__aeabi_lmul
                0x0000000010005920       0x32 CMakeFiles/multiceiverDemo.dir/home/l00ser/git_codes/raspberry_pico/pico_sdk_lib/pico-sdk/src/rp2_common/pico_int64_ops/pico_int64_ops_aeabi.S.obj
                0x0000000010005920                __wrap___aeabi_lmul
 *fill*         0x0000000010005952        0x2 
 .text.__aeabi_float_init
                0x0000000010005954       0x64 CMakeFiles/multiceiverDemo.dir/home/l00ser/git_codes/raspberry_pico/pico_sdk_lib/pico-sdk/src/rp2_common/pico_float/float_init_rom.c.obj
                0x0000000010005954                __aeabi_float_init
 .text.float_table_shim_on_use_helper
                0x00000000100059b8       0x2c CMakeFiles/multiceiverDemo.dir/home/l00ser/git_codes/raspberry_pico/pico_sdk_lib/pico-sdk/src/rp2_common/pico_float/float_v1_rom_shim.S.obj
                0x00000000100059b8                float_table_shim_on_use_helper
 .text.__wrap_free
                0x00000000100059e4        0x8 CMakeFiles/multiceiverDemo.dir/home/l00ser/git_codes/raspberry_pico/pico_sdk_lib/pico-sdk/src/rp2_common/pico_malloc/pico_malloc.c.obj
                0x00000000100059e4                __wrap_free
 .text          0x00000000100059ec       0x10 CMakeFiles/multiceiverDemo.dir/home/l00ser/git_codes/raspberry_pico/pico_sdk_lib/pico-sdk/src/rp2_common/pico_mem_ops/mem_ops_aeabi.S.obj
                0x00000000100059ec                __aeabi_mem_init
 .text.memset   0x00000000100059fc        0xc CMakeFiles/multiceiverDemo.dir/home/l00ser/git_codes/raspberry_pico/pico_sdk_lib/pico-sdk/src/rp2_common/pico_mem_ops/mem_ops_aeabi.S.obj
                0x00000000100059fc                __wrap_memset
 .text.memcpy   0x0000000010005a08        0xc CMakeFiles/multiceiverDemo.dir/home/l00ser/git_codes/raspberry_pico/pico_sdk_lib/pico-sdk/src/rp2_common/pico_mem_ops/mem_ops_aeabi.S.obj
                0x0000000010005a08                __wrap___aeabi_memcpy
                0x0000000010005a08                __wrap_memcpy
 .text._ZdlPvj  0x0000000010005a14        0x8 CMakeFiles/multiceiverDemo.dir/home/l00ser/git_codes/raspberry_pico/pico_sdk_lib/pico-sdk/src/rp2_common/pico_standard_link/new_delete.cpp.obj
                0x0000000010005a14                operator delete(void*, unsigned int)
 .text.stdio_out_chars_no_crlf
                0x0000000010005a1c       0x10 CMakeFiles/multiceiverDemo.dir/home/l00ser/git_codes/raspberry_pico/pico_sdk_lib/pico-sdk/src/rp2_common/pico_stdio/stdio.c.obj
 .text.stdio_out_chars_crlf
                0x0000000010005a2c       0x94 CMakeFiles/multiceiverDemo.dir/home/l00ser/git_codes/raspberry_pico/pico_sdk_lib/pico-sdk/src/rp2_common/pico_stdio/stdio.c.obj
 .text.stdio_buffered_printer
                0x0000000010005ac0       0x64 CMakeFiles/multiceiverDemo.dir/home/l00ser/git_codes/raspberry_pico/pico_sdk_lib/pico-sdk/src/rp2_common/pico_stdio/stdio.c.obj
 .text.stdio_put_string
                0x0000000010005b24      0x100 CMakeFiles/multiceiverDemo.dir/home/l00ser/git_codes/raspberry_pico/pico_sdk_lib/pico-sdk/src/rp2_common/pico_stdio/stdio.c.obj
 .text.__wrap_putchar
                0x0000000010005c24       0xa4 CMakeFiles/multiceiverDemo.dir/home/l00ser/git_codes/raspberry_pico/pico_sdk_lib/pico-sdk/src/rp2_common/pico_stdio/stdio.c.obj
                0x0000000010005c24                __wrap_putchar
 .text.__wrap_puts
                0x0000000010005cc8       0x3c CMakeFiles/multiceiverDemo.dir/home/l00ser/git_codes/raspberry_pico/pico_sdk_lib/pico-sdk/src/rp2_common/pico_stdio/stdio.c.obj
                0x0000000010005cc8                __wrap_puts
 .text.stdio_set_driver_enabled
                0x0000000010005d04       0x3c CMakeFiles/multiceiverDemo.dir/home/l00ser/git_codes/raspberry_pico/pico_sdk_lib/pico-sdk/src/rp2_common/pico_stdio/stdio.c.obj
                0x0000000010005d04                stdio_set_driver_enabled
 .text.__wrap_vprintf
                0x0000000010005d40       0xd8 CMakeFiles/multiceiverDemo.dir/home/l00ser/git_codes/raspberry_pico/pico_sdk_lib/pico-sdk/src/rp2_common/pico_stdio/stdio.c.obj
                0x0000000010005d40                __wrap_vprintf
 .text.__wrap_printf
                0x0000000010005e18       0x18 CMakeFiles/multiceiverDemo.dir/home/l00ser/git_codes/raspberry_pico/pico_sdk_lib/pico-sdk/src/rp2_common/pico_stdio/stdio.c.obj
                0x0000000010005e18                __wrap_printf
 .text.stdio_init_all
                0x0000000010005e30        0x8 CMakeFiles/multiceiverDemo.dir/home/l00ser/git_codes/raspberry_pico/pico_sdk_lib/pico-sdk/src/rp2_common/pico_stdio/stdio.c.obj
                0x0000000010005e30                stdio_init_all
 .text.getchar_timeout_us
                0x0000000010005e38       0xa4 CMakeFiles/multiceiverDemo.dir/home/l00ser/git_codes/raspberry_pico/pico_sdk_lib/pico-sdk/src/rp2_common/pico_stdio/stdio.c.obj
                0x0000000010005e38                getchar_timeout_us
 .text.resetd_init
                0x0000000010005edc        0x4 CMakeFiles/multiceiverDemo.dir/home/l00ser/git_codes/raspberry_pico/pico_sdk_lib/pico-sdk/src/rp2_common/pico_stdio_usb/reset_interface.c.obj
 .text.resetd_reset
                0x0000000010005ee0        0xc CMakeFiles/multiceiverDemo.dir/home/l00ser/git_codes/raspberry_pico/pico_sdk_lib/pico-sdk/src/rp2_common/pico_stdio_usb/reset_interface.c.obj
 .text.resetd_open
                0x0000000010005eec       0x28 CMakeFiles/multiceiverDemo.dir/home/l00ser/git_codes/raspberry_pico/pico_sdk_lib/pico-sdk/src/rp2_common/pico_stdio_usb/reset_interface.c.obj
 .text.resetd_xfer_cb
                0x0000000010005f14        0x4 CMakeFiles/multiceiverDemo.dir/home/l00ser/git_codes/raspberry_pico/pico_sdk_lib/pico-sdk/src/rp2_common/pico_stdio_usb/reset_interface.c.obj
 .text.resetd_control_xfer_cb
                0x0000000010005f18       0x64 CMakeFiles/multiceiverDemo.dir/home/l00ser/git_codes/raspberry_pico/pico_sdk_lib/pico-sdk/src/rp2_common/pico_stdio_usb/reset_interface.c.obj
 .text.usbd_app_driver_get_cb
                0x0000000010005f7c        0xc CMakeFiles/multiceiverDemo.dir/home/l00ser/git_codes/raspberry_pico/pico_sdk_lib/pico-sdk/src/rp2_common/pico_stdio_usb/reset_interface.c.obj
                0x0000000010005f7c                usbd_app_driver_get_cb
 .text.tud_cdc_line_coding_cb
                0x0000000010005f88       0x34 CMakeFiles/multiceiverDemo.dir/home/l00ser/git_codes/raspberry_pico/pico_sdk_lib/pico-sdk/src/rp2_common/pico_stdio_usb/reset_interface.c.obj
                0x0000000010005f88                tud_cdc_line_coding_cb
 .text.stdio_usb_in_chars
                0x0000000010005fbc       0x68 CMakeFiles/multiceiverDemo.dir/home/l00ser/git_codes/raspberry_pico/pico_sdk_lib/pico-sdk/src/rp2_common/pico_stdio_usb/stdio_usb.c.obj
                0x0000000010005fbc                stdio_usb_in_chars
 .text.stdio_usb_out_chars
                0x0000000010006024       0xec CMakeFiles/multiceiverDemo.dir/home/l00ser/git_codes/raspberry_pico/pico_sdk_lib/pico-sdk/src/rp2_common/pico_stdio_usb/stdio_usb.c.obj
 .text.timer_task
                0x0000000010006110       0x10 CMakeFiles/multiceiverDemo.dir/home/l00ser/git_codes/raspberry_pico/pico_sdk_lib/pico-sdk/src/rp2_common/pico_stdio_usb/stdio_usb.c.obj
 .text.low_priority_worker_irq
                0x0000000010006120       0x24 CMakeFiles/multiceiverDemo.dir/home/l00ser/git_codes/raspberry_pico/pico_sdk_lib/pico-sdk/src/rp2_common/pico_stdio_usb/stdio_usb.c.obj
 .text.stdio_usb_init
                0x0000000010006144       0x90 CMakeFiles/multiceiverDemo.dir/home/l00ser/git_codes/raspberry_pico/pico_sdk_lib/pico-sdk/src/rp2_common/pico_stdio_usb/stdio_usb.c.obj
                0x0000000010006144                stdio_usb_init
 .text.tud_descriptor_device_cb
                0x00000000100061d4        0x8 CMakeFiles/multiceiverDemo.dir/home/l00ser/git_codes/raspberry_pico/pico_sdk_lib/pico-sdk/src/rp2_common/pico_stdio_usb/stdio_usb_descriptors.c.obj
                0x00000000100061d4                tud_descriptor_device_cb
 .text.tud_descriptor_configuration_cb
                0x00000000100061dc        0x8 CMakeFiles/multiceiverDemo.dir/home/l00ser/git_codes/raspberry_pico/pico_sdk_lib/pico-sdk/src/rp2_common/pico_stdio_usb/stdio_usb_descriptors.c.obj
                0x00000000100061dc                tud_descriptor_configuration_cb
 .text.tud_descriptor_string_cb
                0x00000000100061e4       0x70 CMakeFiles/multiceiverDemo.dir/home/l00ser/git_codes/raspberry_pico/pico_sdk_lib/pico-sdk/src/rp2_common/pico_stdio_usb/stdio_usb_descriptors.c.obj
                0x00000000100061e4                tud_descriptor_string_cb
 .text.dcd_rp2040_irq
                0x0000000010006254      0x21c CMakeFiles/multiceiverDemo.dir/home/l00ser/git_codes/raspberry_pico/pico_sdk_lib/pico-sdk/lib/tinyusb/src/portable/raspberrypi/rp2040/dcd_rp2040.c.obj
 .text.dcd_int_enable
                0x0000000010006470        0xc CMakeFiles/multiceiverDemo.dir/home/l00ser/git_codes/raspberry_pico/pico_sdk_lib/pico-sdk/lib/tinyusb/src/portable/raspberrypi/rp2040/dcd_rp2040.c.obj
                0x0000000010006470                dcd_int_enable
 .text.dcd_set_address
                0x000000001000647c       0x14 CMakeFiles/multiceiverDemo.dir/home/l00ser/git_codes/raspberry_pico/pico_sdk_lib/pico-sdk/lib/tinyusb/src/portable/raspberrypi/rp2040/dcd_rp2040.c.obj
                0x000000001000647c                dcd_set_address
 .text.dcd_connect
                0x0000000010006490       0x10 CMakeFiles/multiceiverDemo.dir/home/l00ser/git_codes/raspberry_pico/pico_sdk_lib/pico-sdk/lib/tinyusb/src/portable/raspberrypi/rp2040/dcd_rp2040.c.obj
                0x0000000010006490                dcd_connect
 .text.dcd_init
                0x00000000100064a0      0x148 CMakeFiles/multiceiverDemo.dir/home/l00ser/git_codes/raspberry_pico/pico_sdk_lib/pico-sdk/lib/tinyusb/src/portable/raspberrypi/rp2040/dcd_rp2040.c.obj
                0x00000000100064a0                dcd_init
 .text.dcd_edpt0_status_complete
                0x00000000100065e8       0x1c CMakeFiles/multiceiverDemo.dir/home/l00ser/git_codes/raspberry_pico/pico_sdk_lib/pico-sdk/lib/tinyusb/src/portable/raspberrypi/rp2040/dcd_rp2040.c.obj
                0x00000000100065e8                dcd_edpt0_status_complete
 .text.dcd_edpt_open
                0x0000000010006604       0xf0 CMakeFiles/multiceiverDemo.dir/home/l00ser/git_codes/raspberry_pico/pico_sdk_lib/pico-sdk/lib/tinyusb/src/portable/raspberrypi/rp2040/dcd_rp2040.c.obj
                0x0000000010006604                dcd_edpt_open
 .text.dcd_edpt_close_all
                0x00000000100066f4       0xbc CMakeFiles/multiceiverDemo.dir/home/l00ser/git_codes/raspberry_pico/pico_sdk_lib/pico-sdk/lib/tinyusb/src/portable/raspberrypi/rp2040/dcd_rp2040.c.obj
                0x00000000100066f4                dcd_edpt_close_all
 .text.dcd_edpt_xfer
                0x00000000100067b0       0x24 CMakeFiles/multiceiverDemo.dir/home/l00ser/git_codes/raspberry_pico/pico_sdk_lib/pico-sdk/lib/tinyusb/src/portable/raspberrypi/rp2040/dcd_rp2040.c.obj
                0x00000000100067b0                dcd_edpt_xfer
 .text.dcd_edpt_stall
                0x00000000100067d4       0x38 CMakeFiles/multiceiverDemo.dir/home/l00ser/git_codes/raspberry_pico/pico_sdk_lib/pico-sdk/lib/tinyusb/src/portable/raspberrypi/rp2040/dcd_rp2040.c.obj
                0x00000000100067d4                dcd_edpt_stall
 .text.dcd_edpt_clear_stall
                0x000000001000680c       0x30 CMakeFiles/multiceiverDemo.dir/home/l00ser/git_codes/raspberry_pico/pico_sdk_lib/pico-sdk/lib/tinyusb/src/portable/raspberrypi/rp2040/dcd_rp2040.c.obj
                0x000000001000680c                dcd_edpt_clear_stall
 .text._hw_endpoint_buffer_control_update32.part.0
                0x000000001000683c       0x20 CMakeFiles/multiceiverDemo.dir/home/l00ser/git_codes/raspberry_pico/pico_sdk_lib/pico-sdk/lib/tinyusb/src/portable/raspberrypi/rp2040/rp2040_usb.c.obj
 .text.rp2040_usb_init
                0x000000001000685c       0x4c CMakeFiles/multiceiverDemo.dir/home/l00ser/git_codes/raspberry_pico/pico_sdk_lib/pico-sdk/lib/tinyusb/src/portable/raspberrypi/rp2040/rp2040_usb.c.obj
                0x000000001000685c                rp2040_usb_init
 .text.hw_endpoint_reset_transfer
                0x00000000100068a8        0xc CMakeFiles/multiceiverDemo.dir/home/l00ser/git_codes/raspberry_pico/pico_sdk_lib/pico-sdk/lib/tinyusb/src/portable/raspberrypi/rp2040/rp2040_usb.c.obj
                0x00000000100068a8                hw_endpoint_reset_transfer
 .text._hw_endpoint_buffer_control_update32
                0x00000000100068b4       0x40 CMakeFiles/multiceiverDemo.dir/home/l00ser/git_codes/raspberry_pico/pico_sdk_lib/pico-sdk/lib/tinyusb/src/portable/raspberrypi/rp2040/rp2040_usb.c.obj
                0x00000000100068b4                _hw_endpoint_buffer_control_update32
 .text.hw_endpoint_xfer_start
                0x00000000100068f4      0x138 CMakeFiles/multiceiverDemo.dir/home/l00ser/git_codes/raspberry_pico/pico_sdk_lib/pico-sdk/lib/tinyusb/src/portable/raspberrypi/rp2040/rp2040_usb.c.obj
                0x00000000100068f4                hw_endpoint_xfer_start
 .text.hw_endpoint_xfer_continue
                0x0000000010006a2c      0x1e4 CMakeFiles/multiceiverDemo.dir/home/l00ser/git_codes/raspberry_pico/pico_sdk_lib/pico-sdk/lib/tinyusb/src/portable/raspberrypi/rp2040/rp2040_usb.c.obj
                0x0000000010006a2c                hw_endpoint_xfer_continue
 .text.tud_mounted
                0x0000000010006c10       0x10 CMakeFiles/multiceiverDemo.dir/home/l00ser/git_codes/raspberry_pico/pico_sdk_lib/pico-sdk/lib/tinyusb/src/device/usbd.c.obj
                0x0000000010006c10                tud_mounted
 .text.tud_suspended
                0x0000000010006c20       0x10 CMakeFiles/multiceiverDemo.dir/home/l00ser/git_codes/raspberry_pico/pico_sdk_lib/pico-sdk/lib/tinyusb/src/device/usbd.c.obj
                0x0000000010006c20                tud_suspended
 .text.tud_inited
                0x0000000010006c30        0xc CMakeFiles/multiceiverDemo.dir/home/l00ser/git_codes/raspberry_pico/pico_sdk_lib/pico-sdk/lib/tinyusb/src/device/usbd.c.obj
                0x0000000010006c30                tud_inited
 .text.tud_init
                0x0000000010006c3c       0xd8 CMakeFiles/multiceiverDemo.dir/home/l00ser/git_codes/raspberry_pico/pico_sdk_lib/pico-sdk/lib/tinyusb/src/device/usbd.c.obj
                0x0000000010006c3c                tud_init
 .text.tud_task
                0x0000000010006d14      0x8ec CMakeFiles/multiceiverDemo.dir/home/l00ser/git_codes/raspberry_pico/pico_sdk_lib/pico-sdk/lib/tinyusb/src/device/usbd.c.obj
                0x0000000010006d14                tud_task
 .text.dcd_event_bus_signal
                0x0000000010007600      0x120 CMakeFiles/multiceiverDemo.dir/home/l00ser/git_codes/raspberry_pico/pico_sdk_lib/pico-sdk/lib/tinyusb/src/device/usbd.c.obj
                0x0000000010007600                dcd_event_bus_signal
 .text.dcd_event_bus_reset
                0x0000000010007720       0x54 CMakeFiles/multiceiverDemo.dir/home/l00ser/git_codes/raspberry_pico/pico_sdk_lib/pico-sdk/lib/tinyusb/src/device/usbd.c.obj
                0x0000000010007720                dcd_event_bus_reset
 .text.dcd_event_setup_received
                0x0000000010007774       0x50 CMakeFiles/multiceiverDemo.dir/home/l00ser/git_codes/raspberry_pico/pico_sdk_lib/pico-sdk/lib/tinyusb/src/device/usbd.c.obj
                0x0000000010007774                dcd_event_setup_received
 .text.dcd_event_xfer_complete
                0x00000000100077c4       0x68 CMakeFiles/multiceiverDemo.dir/home/l00ser/git_codes/raspberry_pico/pico_sdk_lib/pico-sdk/lib/tinyusb/src/device/usbd.c.obj
                0x00000000100077c4                dcd_event_xfer_complete
 .text.usbd_open_edpt_pair
                0x000000001000782c       0x80 CMakeFiles/multiceiverDemo.dir/home/l00ser/git_codes/raspberry_pico/pico_sdk_lib/pico-sdk/lib/tinyusb/src/device/usbd.c.obj
                0x000000001000782c                usbd_open_edpt_pair
 .text.usbd_edpt_open
                0x00000000100078ac       0x30 CMakeFiles/multiceiverDemo.dir/home/l00ser/git_codes/raspberry_pico/pico_sdk_lib/pico-sdk/lib/tinyusb/src/device/usbd.c.obj
                0x00000000100078ac                usbd_edpt_open
 .text.usbd_edpt_claim
                0x00000000100078dc       0x64 CMakeFiles/multiceiverDemo.dir/home/l00ser/git_codes/raspberry_pico/pico_sdk_lib/pico-sdk/lib/tinyusb/src/device/usbd.c.obj
                0x00000000100078dc                usbd_edpt_claim
 .text.usbd_edpt_release
                0x0000000010007940       0x4c CMakeFiles/multiceiverDemo.dir/home/l00ser/git_codes/raspberry_pico/pico_sdk_lib/pico-sdk/lib/tinyusb/src/device/usbd.c.obj
                0x0000000010007940                usbd_edpt_release
 .text.usbd_edpt_xfer
                0x000000001000798c       0x48 CMakeFiles/multiceiverDemo.dir/home/l00ser/git_codes/raspberry_pico/pico_sdk_lib/pico-sdk/lib/tinyusb/src/device/usbd.c.obj
                0x000000001000798c                usbd_edpt_xfer
 .text.tud_control_status
                0x00000000100079d4       0x30 CMakeFiles/multiceiverDemo.dir/home/l00ser/git_codes/raspberry_pico/pico_sdk_lib/pico-sdk/lib/tinyusb/src/device/usbd_control.c.obj
                0x00000000100079d4                tud_control_status
 .text.tud_control_xfer
                0x0000000010007a04       0xb8 CMakeFiles/multiceiverDemo.dir/home/l00ser/git_codes/raspberry_pico/pico_sdk_lib/pico-sdk/lib/tinyusb/src/device/usbd_control.c.obj
                0x0000000010007a04                tud_control_xfer
 .text.usbd_control_reset
                0x0000000010007abc       0x14 CMakeFiles/multiceiverDemo.dir/home/l00ser/git_codes/raspberry_pico/pico_sdk_lib/pico-sdk/lib/tinyusb/src/device/usbd_control.c.obj
                0x0000000010007abc                usbd_control_reset
 .text.usbd_control_set_complete_callback
                0x0000000010007ad0        0xc CMakeFiles/multiceiverDemo.dir/home/l00ser/git_codes/raspberry_pico/pico_sdk_lib/pico-sdk/lib/tinyusb/src/device/usbd_control.c.obj
                0x0000000010007ad0                usbd_control_set_complete_callback
 .text.usbd_control_set_request
                0x0000000010007adc       0x1c CMakeFiles/multiceiverDemo.dir/home/l00ser/git_codes/raspberry_pico/pico_sdk_lib/pico-sdk/lib/tinyusb/src/device/usbd_control.c.obj
                0x0000000010007adc                usbd_control_set_request
 .text.usbd_control_xfer_cb
                0x0000000010007af8       0xf8 CMakeFiles/multiceiverDemo.dir/home/l00ser/git_codes/raspberry_pico/pico_sdk_lib/pico-sdk/lib/tinyusb/src/device/usbd_control.c.obj
                0x0000000010007af8                usbd_control_xfer_cb
 .text.tud_cdc_n_connected
                0x0000000010007bf0       0x30 CMakeFiles/multiceiverDemo.dir/home/l00ser/git_codes/raspberry_pico/pico_sdk_lib/pico-sdk/lib/tinyusb/src/class/cdc/cdc_device.c.obj
                0x0000000010007bf0                tud_cdc_n_connected
 .text.tud_cdc_n_available
                0x0000000010007c20       0x18 CMakeFiles/multiceiverDemo.dir/home/l00ser/git_codes/raspberry_pico/pico_sdk_lib/pico-sdk/lib/tinyusb/src/class/cdc/cdc_device.c.obj
                0x0000000010007c20                tud_cdc_n_available
 .text.tud_cdc_n_read
                0x0000000010007c38       0x70 CMakeFiles/multiceiverDemo.dir/home/l00ser/git_codes/raspberry_pico/pico_sdk_lib/pico-sdk/lib/tinyusb/src/class/cdc/cdc_device.c.obj
                0x0000000010007c38                tud_cdc_n_read
 .text.tud_cdc_n_write_flush
                0x0000000010007ca8       0x78 CMakeFiles/multiceiverDemo.dir/home/l00ser/git_codes/raspberry_pico/pico_sdk_lib/pico-sdk/lib/tinyusb/src/class/cdc/cdc_device.c.obj
                0x0000000010007ca8                tud_cdc_n_write_flush
 .text.tud_cdc_n_write
                0x0000000010007d20       0x34 CMakeFiles/multiceiverDemo.dir/home/l00ser/git_codes/raspberry_pico/pico_sdk_lib/pico-sdk/lib/tinyusb/src/class/cdc/cdc_device.c.obj
                0x0000000010007d20                tud_cdc_n_write
 .text.tud_cdc_n_write_available
                0x0000000010007d54       0x18 CMakeFiles/multiceiverDemo.dir/home/l00ser/git_codes/raspberry_pico/pico_sdk_lib/pico-sdk/lib/tinyusb/src/class/cdc/cdc_device.c.obj
                0x0000000010007d54                tud_cdc_n_write_available
 .text.cdcd_init
                0x0000000010007d6c       0x7c CMakeFiles/multiceiverDemo.dir/home/l00ser/git_codes/raspberry_pico/pico_sdk_lib/pico-sdk/lib/tinyusb/src/class/cdc/cdc_device.c.obj
                0x0000000010007d6c                cdcd_init
 .text.cdcd_reset
                0x0000000010007de8       0x2c CMakeFiles/multiceiverDemo.dir/home/l00ser/git_codes/raspberry_pico/pico_sdk_lib/pico-sdk/lib/tinyusb/src/class/cdc/cdc_device.c.obj
                0x0000000010007de8                cdcd_reset
 .text.cdcd_open
                0x0000000010007e14       0xe4 CMakeFiles/multiceiverDemo.dir/home/l00ser/git_codes/raspberry_pico/pico_sdk_lib/pico-sdk/lib/tinyusb/src/class/cdc/cdc_device.c.obj
                0x0000000010007e14                cdcd_open
 .text.cdcd_control_xfer_cb
                0x0000000010007ef8       0xe4 CMakeFiles/multiceiverDemo.dir/home/l00ser/git_codes/raspberry_pico/pico_sdk_lib/pico-sdk/lib/tinyusb/src/class/cdc/cdc_device.c.obj
                0x0000000010007ef8                cdcd_control_xfer_cb
 .text.cdcd_xfer_cb
                0x0000000010007fdc      0x198 CMakeFiles/multiceiverDemo.dir/home/l00ser/git_codes/raspberry_pico/pico_sdk_lib/pico-sdk/lib/tinyusb/src/class/cdc/cdc_device.c.obj
                0x0000000010007fdc                cdcd_xfer_cb
 .text.tusb_init
                0x0000000010008174        0xc CMakeFiles/multiceiverDemo.dir/home/l00ser/git_codes/raspberry_pico/pico_sdk_lib/pico-sdk/lib/tinyusb/src/tusb.c.obj
                0x0000000010008174                tusb_init
 .text.tusb_inited
                0x0000000010008180        0x8 CMakeFiles/multiceiverDemo.dir/home/l00ser/git_codes/raspberry_pico/pico_sdk_lib/pico-sdk/lib/tinyusb/src/tusb.c.obj
                0x0000000010008180                tusb_inited
 .text.tu_edpt_validate
                0x0000000010008188       0x78 CMakeFiles/multiceiverDemo.dir/home/l00ser/git_codes/raspberry_pico/pico_sdk_lib/pico-sdk/lib/tinyusb/src/tusb.c.obj
                0x0000000010008188                tu_edpt_validate
 .text.tu_edpt_bind_driver
                0x0000000010008200       0x2c CMakeFiles/multiceiverDemo.dir/home/l00ser/git_codes/raspberry_pico/pico_sdk_lib/pico-sdk/lib/tinyusb/src/tusb.c.obj
                0x0000000010008200                tu_edpt_bind_driver
 .text.tu_fifo_config
                0x000000001000822c       0x78 CMakeFiles/multiceiverDemo.dir/home/l00ser/git_codes/raspberry_pico/pico_sdk_lib/pico-sdk/lib/tinyusb/src/common/tusb_fifo.c.obj
                0x000000001000822c                tu_fifo_config
 .text.tu_fifo_count
                0x00000000100082a4       0x20 CMakeFiles/multiceiverDemo.dir/home/l00ser/git_codes/raspberry_pico/pico_sdk_lib/pico-sdk/lib/tinyusb/src/common/tusb_fifo.c.obj
                0x00000000100082a4                tu_fifo_count
 .text.tu_fifo_empty
                0x00000000100082c4       0x10 CMakeFiles/multiceiverDemo.dir/home/l00ser/git_codes/raspberry_pico/pico_sdk_lib/pico-sdk/lib/tinyusb/src/common/tusb_fifo.c.obj
                0x00000000100082c4                tu_fifo_empty
 .text.tu_fifo_remaining
                0x00000000100082d4       0x1c CMakeFiles/multiceiverDemo.dir/home/l00ser/git_codes/raspberry_pico/pico_sdk_lib/pico-sdk/lib/tinyusb/src/common/tusb_fifo.c.obj
                0x00000000100082d4                tu_fifo_remaining
 .text.tu_fifo_read
                0x00000000100082f0       0x9c CMakeFiles/multiceiverDemo.dir/home/l00ser/git_codes/raspberry_pico/pico_sdk_lib/pico-sdk/lib/tinyusb/src/common/tusb_fifo.c.obj
                0x00000000100082f0                tu_fifo_read
 .text.tu_fifo_read_n
                0x000000001000838c      0x100 CMakeFiles/multiceiverDemo.dir/home/l00ser/git_codes/raspberry_pico/pico_sdk_lib/pico-sdk/lib/tinyusb/src/common/tusb_fifo.c.obj
                0x000000001000838c                tu_fifo_read_n
 .text.tu_fifo_write
                0x000000001000848c       0x7c CMakeFiles/multiceiverDemo.dir/home/l00ser/git_codes/raspberry_pico/pico_sdk_lib/pico-sdk/lib/tinyusb/src/common/tusb_fifo.c.obj
                0x000000001000848c                tu_fifo_write
 .text.tu_fifo_write_n
                0x0000000010008508       0xf8 CMakeFiles/multiceiverDemo.dir/home/l00ser/git_codes/raspberry_pico/pico_sdk_lib/pico-sdk/lib/tinyusb/src/common/tusb_fifo.c.obj
                0x0000000010008508                tu_fifo_write_n
 .text.tu_fifo_clear
                0x0000000010008600       0x4c CMakeFiles/multiceiverDemo.dir/home/l00ser/git_codes/raspberry_pico/pico_sdk_lib/pico-sdk/lib/tinyusb/src/common/tusb_fifo.c.obj
                0x0000000010008600                tu_fifo_clear
 .text.tu_fifo_set_overwritable
                0x000000001000864c       0x3c CMakeFiles/multiceiverDemo.dir/home/l00ser/git_codes/raspberry_pico/pico_sdk_lib/pico-sdk/lib/tinyusb/src/common/tusb_fifo.c.obj
                0x000000001000864c                tu_fifo_set_overwritable
 .text.startup._retrieve_unique_id_on_boot
                0x0000000010008688       0x10 CMakeFiles/multiceiverDemo.dir/home/l00ser/git_codes/raspberry_pico/pico_sdk_lib/pico-sdk/src/rp2_common/pico_unique_id/unique_id.c.obj
 .text.pico_get_unique_board_id_string
                0x0000000010008698      0x1bc CMakeFiles/multiceiverDemo.dir/home/l00ser/git_codes/raspberry_pico/pico_sdk_lib/pico-sdk/src/rp2_common/pico_unique_id/unique_id.c.obj
                0x0000000010008698                pico_get_unique_board_id_string
 .text.flash_get_unique_id
                0x0000000010008854       0x40 CMakeFiles/multiceiverDemo.dir/home/l00ser/git_codes/raspberry_pico/pico_sdk_lib/pico-sdk/src/rp2_common/hardware_flash/flash.c.obj
                0x0000000010008854                flash_get_unique_id
 .text.spi_init
                0x0000000010008894       0xf4 CMakeFiles/multiceiverDemo.dir/home/l00ser/git_codes/raspberry_pico/pico_sdk_lib/pico-sdk/src/rp2_common/hardware_spi/spi.c.obj
                0x0000000010008894                spi_init
 .text.spi_deinit
                0x0000000010008988       0x3c CMakeFiles/multiceiverDemo.dir/home/l00ser/git_codes/raspberry_pico/pico_sdk_lib/pico-sdk/src/rp2_common/hardware_spi/spi.c.obj
                0x0000000010008988                spi_deinit
 .text          0x00000000100089c4       0x28 /usr/lib/gcc/arm-none-eabi/9.2.1/../../../arm-none-eabi/lib/thumb/v6-m/nofp/libc.a(lib_a-malloc.o)
                0x00000000100089c4                malloc
                0x00000000100089d8                free
 .text          0x00000000100089ec      0x58c /usr/lib/gcc/arm-none-eabi/9.2.1/../../../arm-none-eabi/lib/thumb/v6-m/nofp/libc.a(lib_a-mallocr.o)
                0x00000000100089ec                _malloc_r
 .text          0x0000000010008f78        0x8 /usr/lib/gcc/arm-none-eabi/9.2.1/../../../arm-none-eabi/lib/thumb/v6-m/nofp/libc.a(lib_a-mlock.o)
                0x0000000010008f78                __malloc_lock
                0x0000000010008f7c                __malloc_unlock
 .text          0x0000000010008f80       0x24 /usr/lib/gcc/arm-none-eabi/9.2.1/../../../arm-none-eabi/lib/thumb/v6-m/nofp/libc.a(lib_a-sbrkr.o)
                0x0000000010008f80                _sbrk_r
 .text          0x0000000010008fa4       0x68 /usr/lib/gcc/arm-none-eabi/9.2.1/../../../arm-none-eabi/lib/thumb/v6-m/nofp/libc.a(lib_a-strlen-stub.o)
                0x0000000010008fa4                strlen
 .text          0x000000001000900c      0x27c /usr/lib/gcc/arm-none-eabi/9.2.1/../../../arm-none-eabi/lib/thumb/v6-m/nofp/libc.a(lib_a-freer.o)
                0x000000001000900c                _malloc_trim_r
                0x00000000100090ac                _free_r
 *(.fini)
 .fini          0x0000000010009288        0x4 /usr/lib/gcc/arm-none-eabi/9.2.1/thumb/v6-m/nofp/crti.o
                0x0000000010009288                _fini
 *fill*         0x000000001000928c        0x4 
 .fini.__stub   0x0000000010009290       0x80 linker stubs
 *crtbegin.o(.ctors)
 *crtbegin?.o(.ctors)
 *(EXCLUDE_FILE(*crtend.o *crtend?.o) .ctors)
 *(SORT_BY_NAME(.ctors.*))
 *(.ctors)
 *crtbegin.o(.dtors)
 *crtbegin?.o(.dtors)
 *(EXCLUDE_FILE(*crtend.o *crtend?.o) .dtors)
 *(SORT_BY_NAME(.dtors.*))
 *(.dtors)
 *(.eh_frame*)
 .eh_frame      0x0000000010009310        0x0 /usr/lib/gcc/arm-none-eabi/9.2.1/thumb/v6-m/nofp/crtbegin.o
                0x0000000010009310                . = ALIGN (0x4)

.glue_7         0x0000000010009310        0x0
 .glue_7        0x0000000010009310        0x0 linker stubs

.glue_7t        0x0000000010009310        0x0
 .glue_7t       0x0000000010009310        0x0 linker stubs

.vfp11_veneer   0x0000000010009310        0x0
 .vfp11_veneer  0x0000000010009310        0x0 linker stubs

.v4_bx          0x0000000010009310        0x0
 .v4_bx         0x0000000010009310        0x0 linker stubs

.iplt           0x0000000010009310        0x0
 .iplt          0x0000000010009310        0x0 /usr/lib/gcc/arm-none-eabi/9.2.1/thumb/v6-m/nofp/crtbegin.o

.rodata         0x0000000010009310      0x7ac
 *(EXCLUDE_FILE(*libm.a: *libc.a:*lib_a-mem*.o *libgcc.a:) .rodata*)
 .rodata._Z5setupv.str1.4
                0x0000000010009310       0xb4 CMakeFiles/multiceiverDemo.dir/multiceiverDemo.cpp.obj
 .rodata._Z4loopv.str1.4
                0x00000000100093c4      0x1d1 CMakeFiles/multiceiverDemo.dir/multiceiverDemo.cpp.obj
 *fill*         0x0000000010009595        0x3 
 .rodata._ZL10child_pipe
                0x0000000010009598        0x6 CMakeFiles/multiceiverDemo.dir/home/l00ser/git_codes/raspberry_pico/test/RF24/RF24.cpp.obj
 *fill*         0x000000001000959e        0x2 
 .rodata._ZL17child_pipe_enable
                0x00000000100095a0        0x6 CMakeFiles/multiceiverDemo.dir/home/l00ser/git_codes/raspberry_pico/test/RF24/RF24.cpp.obj
 *fill*         0x00000000100095a6        0x2 
 .rodata._ZTV3SPI
                0x00000000100095a8       0x10 CMakeFiles/multiceiverDemo.dir/home/l00ser/git_codes/raspberry_pico/test/RF24/utility/rp2/spi.cpp.obj
                0x00000000100095a8                vtable for SPI
 .rodata.spin_lock_claim_unused.str1.4
                0x00000000100095b8       0x1b CMakeFiles/multiceiverDemo.dir/home/l00ser/git_codes/raspberry_pico/pico_sdk_lib/pico-sdk/src/rp2_common/hardware_sync/sync.c.obj
 *fill*         0x00000000100095d3        0x1 
 .rodata.hardware_alarm_claim.str1.4
                0x00000000100095d4       0x22 CMakeFiles/multiceiverDemo.dir/home/l00ser/git_codes/raspberry_pico/pico_sdk_lib/pico-sdk/src/rp2_common/hardware_timer/timer.c.obj
 *fill*         0x00000000100095f6        0x2 
 .rodata.panic.str1.4
                0x00000000100095f8       0x10 CMakeFiles/multiceiverDemo.dir/home/l00ser/git_codes/raspberry_pico/pico_sdk_lib/pico-sdk/src/rp2_common/pico_runtime/runtime.c.obj
                                         0x12 (size before relaxing)
 .rodata.hard_assertion_failure.str1.4
                0x0000000010009608        0xc CMakeFiles/multiceiverDemo.dir/home/l00ser/git_codes/raspberry_pico/pico_sdk_lib/pico-sdk/src/rp2_common/pico_runtime/runtime.c.obj
 .rodata._ftoa.str1.4
                0x0000000010009614       0x15 CMakeFiles/multiceiverDemo.dir/home/l00ser/git_codes/raspberry_pico/pico_sdk_lib/pico-sdk/src/rp2_common/pico_printf/printf.c.obj
 *fill*         0x0000000010009629        0x3 
 .rodata._vsnprintf
                0x000000001000962c      0x1e0 CMakeFiles/multiceiverDemo.dir/home/l00ser/git_codes/raspberry_pico/pico_sdk_lib/pico-sdk/src/rp2_common/pico_printf/printf.c.obj
 *fill*         0x000000001000980c        0x4 
 .rodata.pow10.5435
                0x0000000010009810       0x50 CMakeFiles/multiceiverDemo.dir/home/l00ser/git_codes/raspberry_pico/pico_sdk_lib/pico-sdk/src/rp2_common/pico_printf/printf.c.obj
 .rodata.str1.4
                0x0000000010009860       0x44 CMakeFiles/multiceiverDemo.dir/home/l00ser/git_codes/raspberry_pico/pico_sdk_lib/pico-sdk/src/rp2_common/pico_standard_link/binary_info.c.obj
 .rodata.__bi_44
                0x00000000100098a4        0xc CMakeFiles/multiceiverDemo.dir/home/l00ser/git_codes/raspberry_pico/pico_sdk_lib/pico-sdk/src/rp2_common/pico_standard_link/binary_info.c.obj
 .rodata.__bi_75
                0x00000000100098b0        0xc CMakeFiles/multiceiverDemo.dir/home/l00ser/git_codes/raspberry_pico/pico_sdk_lib/pico-sdk/src/rp2_common/pico_standard_link/binary_info.c.obj
 .rodata.__bi_81
                0x00000000100098bc        0xc CMakeFiles/multiceiverDemo.dir/home/l00ser/git_codes/raspberry_pico/pico_sdk_lib/pico-sdk/src/rp2_common/pico_standard_link/binary_info.c.obj
 .rodata.crlf_str.5904
                0x00000000100098c8        0x2 CMakeFiles/multiceiverDemo.dir/home/l00ser/git_codes/raspberry_pico/pico_sdk_lib/pico-sdk/src/rp2_common/pico_stdio/stdio.c.obj
 *fill*         0x00000000100098ca        0x2 
 .rodata._resetd_driver
                0x00000000100098cc       0x18 CMakeFiles/multiceiverDemo.dir/home/l00ser/git_codes/raspberry_pico/pico_sdk_lib/pico-sdk/src/rp2_common/pico_stdio_usb/reset_interface.c.obj
 .rodata.str1.4
                0x00000000100098e4       0x13 CMakeFiles/multiceiverDemo.dir/home/l00ser/git_codes/raspberry_pico/pico_sdk_lib/pico-sdk/src/rp2_common/pico_stdio_usb/stdio_usb.c.obj
 *fill*         0x00000000100098f7        0x1 
 .rodata.__bi_93.7182
                0x00000000100098f8        0xc CMakeFiles/multiceiverDemo.dir/home/l00ser/git_codes/raspberry_pico/pico_sdk_lib/pico-sdk/src/rp2_common/pico_stdio_usb/stdio_usb.c.obj
 .rodata.str1.4
                0x0000000010009904       0x2a CMakeFiles/multiceiverDemo.dir/home/l00ser/git_codes/raspberry_pico/pico_sdk_lib/pico-sdk/src/rp2_common/pico_stdio_usb/stdio_usb_descriptors.c.obj
 *fill*         0x000000001000992e        0x2 
 .rodata.usbd_desc_cfg
                0x0000000010009930       0x54 CMakeFiles/multiceiverDemo.dir/home/l00ser/git_codes/raspberry_pico/pico_sdk_lib/pico-sdk/src/rp2_common/pico_stdio_usb/stdio_usb_descriptors.c.obj
 .rodata.usbd_desc_device
                0x0000000010009984       0x12 CMakeFiles/multiceiverDemo.dir/home/l00ser/git_codes/raspberry_pico/pico_sdk_lib/pico-sdk/src/rp2_common/pico_stdio_usb/stdio_usb_descriptors.c.obj
 *fill*         0x0000000010009996        0x2 
 .rodata.usbd_desc_str
                0x0000000010009998       0x18 CMakeFiles/multiceiverDemo.dir/home/l00ser/git_codes/raspberry_pico/pico_sdk_lib/pico-sdk/src/rp2_common/pico_stdio_usb/stdio_usb_descriptors.c.obj
 .rodata.dcd_rp2040_irq.str1.4
                0x00000000100099b0       0x14 CMakeFiles/multiceiverDemo.dir/home/l00ser/git_codes/raspberry_pico/pico_sdk_lib/pico-sdk/lib/tinyusb/src/portable/raspberrypi/rp2040/dcd_rp2040.c.obj
 .rodata._hw_endpoint_buffer_control_update32.part.0.str1.4
                0x00000000100099c4       0x1f CMakeFiles/multiceiverDemo.dir/home/l00ser/git_codes/raspberry_pico/pico_sdk_lib/pico-sdk/lib/tinyusb/src/portable/raspberrypi/rp2040/rp2040_usb.c.obj
 *fill*         0x00000000100099e3        0x1 
 .rodata.hw_endpoint_xfer_continue.str1.4
                0x00000000100099e4       0x29 CMakeFiles/multiceiverDemo.dir/home/l00ser/git_codes/raspberry_pico/pico_sdk_lib/pico-sdk/lib/tinyusb/src/portable/raspberrypi/rp2040/rp2040_usb.c.obj
 *fill*         0x0000000010009a0d        0x3 
 .rodata.str1.4
                0x0000000010009a10        0x7 CMakeFiles/multiceiverDemo.dir/home/l00ser/git_codes/raspberry_pico/pico_sdk_lib/pico-sdk/lib/tinyusb/src/portable/raspberrypi/rp2040/rp2040_usb.c.obj
 *fill*         0x0000000010009a17        0x1 
 .rodata.tud_task
                0x0000000010009a18       0x8c CMakeFiles/multiceiverDemo.dir/home/l00ser/git_codes/raspberry_pico/pico_sdk_lib/pico-sdk/lib/tinyusb/src/device/usbd.c.obj
 .rodata._usbd_driver
                0x0000000010009aa4       0x18 CMakeFiles/multiceiverDemo.dir/home/l00ser/git_codes/raspberry_pico/pico_sdk_lib/pico-sdk/lib/tinyusb/src/device/usbd.c.obj
                0x0000000010009abc                . = ALIGN (0x4)
 *(SORT_BY_ALIGNMENT(SORT_BY_NAME(.flashdata*)))
                0x0000000010009abc                . = ALIGN (0x4)

.rel.dyn        0x0000000010009abc        0x0
 .rel.iplt      0x0000000010009abc        0x0 /usr/lib/gcc/arm-none-eabi/9.2.1/thumb/v6-m/nofp/crtbegin.o

.ARM.extab
 *(.ARM.extab* .gnu.linkonce.armextab.*)
                0x0000000010009abc                __exidx_start = .

.ARM.exidx
 *(.ARM.exidx* .gnu.linkonce.armexidx.*)
                0x0000000010009abc                __exidx_end = .
                0x0000000010009abc                . = ALIGN (0x4)
                0x0000000010009abc                __binary_info_start = .

.binary_info    0x0000000010009abc       0x20
 *(.binary_info.keep.*)
 .binary_info.keep.__bi_ptr22
                0x0000000010009abc        0x4 CMakeFiles/multiceiverDemo.dir/home/l00ser/git_codes/raspberry_pico/pico_sdk_lib/pico-sdk/src/rp2_common/pico_standard_link/binary_info.c.obj
 .binary_info.keep.__bi_ptr30
                0x0000000010009ac0        0x4 CMakeFiles/multiceiverDemo.dir/home/l00ser/git_codes/raspberry_pico/pico_sdk_lib/pico-sdk/src/rp2_common/pico_standard_link/binary_info.c.obj
 .binary_info.keep.__bi_ptr38
                0x0000000010009ac4        0x4 CMakeFiles/multiceiverDemo.dir/home/l00ser/git_codes/raspberry_pico/pico_sdk_lib/pico-sdk/src/rp2_common/pico_standard_link/binary_info.c.obj
 .binary_info.keep.__bi_ptr44
                0x0000000010009ac8        0x4 CMakeFiles/multiceiverDemo.dir/home/l00ser/git_codes/raspberry_pico/pico_sdk_lib/pico-sdk/src/rp2_common/pico_standard_link/binary_info.c.obj
 .binary_info.keep.__bi_ptr50
                0x0000000010009acc        0x4 CMakeFiles/multiceiverDemo.dir/home/l00ser/git_codes/raspberry_pico/pico_sdk_lib/pico-sdk/src/rp2_common/pico_standard_link/binary_info.c.obj
 .binary_info.keep.__bi_ptr75
                0x0000000010009ad0        0x4 CMakeFiles/multiceiverDemo.dir/home/l00ser/git_codes/raspberry_pico/pico_sdk_lib/pico-sdk/src/rp2_common/pico_standard_link/binary_info.c.obj
 .binary_info.keep.__bi_ptr81
                0x0000000010009ad4        0x4 CMakeFiles/multiceiverDemo.dir/home/l00ser/git_codes/raspberry_pico/pico_sdk_lib/pico-sdk/src/rp2_common/pico_standard_link/binary_info.c.obj
 *(.binary_info.*)
 .binary_info.__bi_ptr93
                0x0000000010009ad8        0x4 CMakeFiles/multiceiverDemo.dir/home/l00ser/git_codes/raspberry_pico/pico_sdk_lib/pico-sdk/src/rp2_common/pico_stdio_usb/stdio_usb.c.obj
                0x0000000010009adc                __binary_info_end = .
                0x0000000010009adc                . = ALIGN (0x4)
                0x0000000010009adc                __etext = .

.ram_vector_table
                0x0000000020000000       0xc0
 *(.ram_vector_table)
 .ram_vector_table
                0x0000000020000000       0xc0 CMakeFiles/multiceiverDemo.dir/home/l00ser/git_codes/raspberry_pico/pico_sdk_lib/pico-sdk/src/rp2_common/pico_runtime/runtime.c.obj
                0x0000000020000000                ram_vector_table

.data           0x00000000200000c0      0xca8 load address 0x0000000010009adc
                0x00000000200000c0                __data_start__ = .
 *(vtable)
 *(.time_critical*)
 .time_critical.mutex_enter_blocking
                0x00000000200000c0       0x48 CMakeFiles/multiceiverDemo.dir/home/l00ser/git_codes/raspberry_pico/pico_sdk_lib/pico-sdk/src/common/pico_sync/mutex.c.obj
                0x00000000200000c0                mutex_enter_blocking
 .time_critical.mutex_try_enter
                0x0000000020000108       0x48 CMakeFiles/multiceiverDemo.dir/home/l00ser/git_codes/raspberry_pico/pico_sdk_lib/pico-sdk/src/common/pico_sync/mutex.c.obj
                0x0000000020000108                mutex_try_enter
 .time_critical.mutex_enter_timeout_ms
                0x0000000020000150       0x98 CMakeFiles/multiceiverDemo.dir/home/l00ser/git_codes/raspberry_pico/pico_sdk_lib/pico-sdk/src/common/pico_sync/mutex.c.obj
                0x0000000020000150                mutex_enter_timeout_ms
 .time_critical.mutex_exit
                0x00000000200001e8       0x28 CMakeFiles/multiceiverDemo.dir/home/l00ser/git_codes/raspberry_pico/pico_sdk_lib/pico-sdk/src/common/pico_sync/mutex.c.obj
                0x00000000200001e8                mutex_exit
 .time_critical.flash_init_boot2_copyout
                0x0000000020000210       0x30 CMakeFiles/multiceiverDemo.dir/home/l00ser/git_codes/raspberry_pico/pico_sdk_lib/pico-sdk/src/rp2_common/hardware_flash/flash.c.obj
 .time_critical.flash_enable_xip_via_boot2
                0x0000000020000240       0x10 CMakeFiles/multiceiverDemo.dir/home/l00ser/git_codes/raspberry_pico/pico_sdk_lib/pico-sdk/src/rp2_common/hardware_flash/flash.c.obj
 .time_critical.flash_cs_force
                0x0000000020000250       0x38 CMakeFiles/multiceiverDemo.dir/home/l00ser/git_codes/raspberry_pico/pico_sdk_lib/pico-sdk/src/rp2_common/hardware_flash/flash.c.obj
 .time_critical.flash_do_cmd
                0x0000000020000288       0xc4 CMakeFiles/multiceiverDemo.dir/home/l00ser/git_codes/raspberry_pico/pico_sdk_lib/pico-sdk/src/rp2_common/hardware_flash/flash.c.obj
                0x0000000020000288                flash_do_cmd
 .time_critical.spi_write_read_blocking
                0x000000002000034c       0x74 CMakeFiles/multiceiverDemo.dir/home/l00ser/git_codes/raspberry_pico/pico_sdk_lib/pico-sdk/src/rp2_common/hardware_spi/spi.c.obj
                0x000000002000034c                spi_write_read_blocking
 *(.text*)
 .text          0x00000000200003c0        0x4 /usr/lib/gcc/arm-none-eabi/9.2.1/thumb/v6-m/nofp/libgcc.a(_dvmd_tls.o)
                0x00000000200003c0                __aeabi_ldiv0
                0x00000000200003c0                __aeabi_idiv0
 *fill*         0x00000000200003c4        0x4 
 .text.__stub   0x00000000200003c8       0x30 linker stubs
                0x00000000200003f8                . = ALIGN (0x4)
 *(.rodata*)
                0x00000000200003f8                . = ALIGN (0x4)
 *(.data*)
 *fill*         0x00000000200003f8        0x0 
 .data.address  0x00000000200003f8       0x30 CMakeFiles/multiceiverDemo.dir/multiceiverDemo.cpp.obj
                0x00000000200003f8                address
 .data.role     0x0000000020000428        0x1 CMakeFiles/multiceiverDemo.dir/multiceiverDemo.cpp.obj
                0x0000000020000428                role
 .data.striped_spin_lock_num
                0x0000000020000429        0x1 CMakeFiles/multiceiverDemo.dir/home/l00ser/git_codes/raspberry_pico/pico_sdk_lib/pico-sdk/src/rp2_common/hardware_sync/sync.c.obj
 *fill*         0x000000002000042a        0x2 
 .data.default_alarm_pool
                0x000000002000042c       0x18 CMakeFiles/multiceiverDemo.dir/home/l00ser/git_codes/raspberry_pico/pico_sdk_lib/pico-sdk/src/common/pico_time/time.c.obj
 .data.default_alarm_pool_heap
                0x0000000020000444       0x10 CMakeFiles/multiceiverDemo.dir/home/l00ser/git_codes/raspberry_pico/pico_sdk_lib/pico-sdk/src/common/pico_time/time.c.obj
 .data          0x0000000020000454       0x48 CMakeFiles/multiceiverDemo.dir/home/l00ser/git_codes/raspberry_pico/pico_sdk_lib/pico-sdk/src/rp2_common/hardware_irq/irq_handler_chain.S.obj
                0x0000000020000454                irq_handler_chain_slots
                0x0000000020000484                irq_handler_chain_first_slot
                0x000000002000048e                irq_handler_chain_remove_tail
 *fill*         0x000000002000049c        0x4 
 .data.aeabi_bits_funcs
                0x00000000200004a0       0x10 CMakeFiles/multiceiverDemo.dir/home/l00ser/git_codes/raspberry_pico/pico_sdk_lib/pico-sdk/src/rp2_common/pico_bit_ops/bit_ops_aeabi.S.obj
                0x00000000200004a0                aeabi_bits_funcs
                0x00000000200004b0                aeabi_bits_funcs_end
 .data.aeabi_mem_funcs
                0x00000000200004b0       0x10 CMakeFiles/multiceiverDemo.dir/home/l00ser/git_codes/raspberry_pico/pico_sdk_lib/pico-sdk/src/rp2_common/pico_mem_ops/mem_ops_aeabi.S.obj
                0x00000000200004b0                aeabi_mem_funcs
                0x00000000200004c0                aeabi_mem_funcs_end
 .data.stdio_usb
                0x00000000200004c0       0x14 CMakeFiles/multiceiverDemo.dir/home/l00ser/git_codes/raspberry_pico/pico_sdk_lib/pico-sdk/src/rp2_common/pico_stdio_usb/stdio_usb.c.obj
                0x00000000200004c0                stdio_usb
 .data.ep_dir_string
                0x00000000200004d4        0x8 CMakeFiles/multiceiverDemo.dir/home/l00ser/git_codes/raspberry_pico/pico_sdk_lib/pico-sdk/lib/tinyusb/src/portable/raspberrypi/rp2040/rp2040_usb.c.obj
                0x00000000200004d4                ep_dir_string
 .data._usbd_qdef
                0x00000000200004dc       0x24 CMakeFiles/multiceiverDemo.dir/home/l00ser/git_codes/raspberry_pico/pico_sdk_lib/pico-sdk/lib/tinyusb/src/device/usbd.c.obj
                0x00000000200004dc                _usbd_qdef
 .data          0x0000000020000500      0x430 /usr/lib/gcc/arm-none-eabi/9.2.1/../../../arm-none-eabi/lib/thumb/v6-m/nofp/libc.a(lib_a-impure.o)
                0x0000000020000500                _impure_ptr
 .data          0x0000000020000930      0x410 /usr/lib/gcc/arm-none-eabi/9.2.1/../../../arm-none-eabi/lib/thumb/v6-m/nofp/libc.a(lib_a-mallocr.o)
                0x0000000020000930                __malloc_sbrk_base
                0x0000000020000934                __malloc_trim_threshold
                0x0000000020000938                __malloc_av_
                0x0000000020000d40                . = ALIGN (0x4)
 *(.after_data.*)
                0x0000000020000d40                . = ALIGN (0x4)
                0x0000000020000d40                PROVIDE (__mutex_array_start = .)
 *(SORT_BY_NAME(.mutex_array.*))
 *(.mutex_array)
 .mutex_array   0x0000000020000d40        0x8 CMakeFiles/multiceiverDemo.dir/home/l00ser/git_codes/raspberry_pico/pico_sdk_lib/pico-sdk/src/rp2_common/pico_stdio/stdio.c.obj
                0x0000000020000d48                PROVIDE (__mutex_array_end = .)
                0x0000000020000d48                . = ALIGN (0x4)
                0x0000000020000d48                PROVIDE (__preinit_array_start = .)
 *(SORT_BY_NAME(.preinit_array.*))
 .preinit_array.00001
                0x0000000020000d48        0x4 CMakeFiles/multiceiverDemo.dir/home/l00ser/git_codes/raspberry_pico/pico_sdk_lib/pico-sdk/src/rp2_common/pico_mem_ops/mem_ops_aeabi.S.obj
 .preinit_array.00010
                0x0000000020000d4c        0x4 CMakeFiles/multiceiverDemo.dir/home/l00ser/git_codes/raspberry_pico/pico_sdk_lib/pico-sdk/src/rp2_common/pico_bit_ops/bit_ops_aeabi.S.obj
 .preinit_array.00020
                0x0000000020000d50        0x4 CMakeFiles/multiceiverDemo.dir/home/l00ser/git_codes/raspberry_pico/pico_sdk_lib/pico-sdk/src/rp2_common/pico_double/double_aeabi.S.obj
 .preinit_array.00020
                0x0000000020000d54        0x4 CMakeFiles/multiceiverDemo.dir/home/l00ser/git_codes/raspberry_pico/pico_sdk_lib/pico-sdk/src/rp2_common/pico_float/float_aeabi.S.obj
 *(.preinit_array)
                0x0000000020000d58                PROVIDE (__preinit_array_end = .)
                0x0000000020000d58                . = ALIGN (0x4)
                0x0000000020000d58                PROVIDE (__init_array_start = .)
 *(SORT_BY_NAME(.init_array.*))
 *(.init_array)
 .init_array    0x0000000020000d58        0x4 /usr/lib/gcc/arm-none-eabi/9.2.1/thumb/v6-m/nofp/crtbegin.o
 .init_array    0x0000000020000d5c        0x4 CMakeFiles/multiceiverDemo.dir/multiceiverDemo.cpp.obj
 .init_array    0x0000000020000d60        0x4 CMakeFiles/multiceiverDemo.dir/home/l00ser/git_codes/raspberry_pico/test/RF24/RF24.cpp.obj
 .init_array    0x0000000020000d64        0x4 CMakeFiles/multiceiverDemo.dir/home/l00ser/git_codes/raspberry_pico/pico_sdk_lib/pico-sdk/src/rp2_common/pico_unique_id/unique_id.c.obj
                0x0000000020000d68                PROVIDE (__init_array_end = .)
                0x0000000020000d68                . = ALIGN (0x4)
                0x0000000020000d68                PROVIDE (__fini_array_start = .)
 *(SORT_BY_NAME(.fini_array.*))
 *(.fini_array)
                0x0000000020000d68                PROVIDE (__fini_array_end = .)
 *(.jcr)
                0x0000000020000d68                . = ALIGN (0x4)
                0x0000000020000d68                __data_end__ = .

.tm_clone_table
                0x0000000020000d68        0x0 load address 0x000000001000a784
 .tm_clone_table
                0x0000000020000d68        0x0 /usr/lib/gcc/arm-none-eabi/9.2.1/thumb/v6-m/nofp/crtbegin.o
 .tm_clone_table
                0x0000000020000d68        0x0 /usr/lib/gcc/arm-none-eabi/9.2.1/thumb/v6-m/nofp/crtend.o

.igot.plt       0x0000000020000d68        0x0 load address 0x000000001000a784
 .igot.plt      0x0000000020000d68        0x0 /usr/lib/gcc/arm-none-eabi/9.2.1/thumb/v6-m/nofp/crtbegin.o

.uninitialized_data
                0x0000000020000d68        0x0 load address 0x000000001000a784
                0x0000000020000d68                . = ALIGN (0x4)
 *(.uninitialized_data*)

.scratch_x      0x0000000020040000        0x0 load address 0x000000001000a784
                0x0000000020040000                __scratch_x_start__ = .
 *(.scratch_x.*)
                0x0000000020040000                . = ALIGN (0x4)
                0x0000000020040000                __scratch_x_end__ = .
                0x000000001000a784                __scratch_x_source__ = LOADADDR (.scratch_x)

.scratch_y      0x0000000020041000        0x0 load address 0x000000001000a784
                0x0000000020041000                __scratch_y_start__ = .
 *(.scratch_y.*)
                0x0000000020041000                . = ALIGN (0x4)
                0x0000000020041000                __scratch_y_end__ = .
                0x000000001000a784                __scratch_y_source__ = LOADADDR (.scratch_y)

.bss            0x0000000020000d68      0xe38
                0x0000000020000d68                . = ALIGN (0x4)
                0x0000000020000d68                __bss_start__ = .
 *(SORT_BY_ALIGNMENT(SORT_BY_NAME(.bss*)))
 .bss.default_alarm_pool_entries
                0x0000000020000d68      0x100 CMakeFiles/multiceiverDemo.dir/home/l00ser/git_codes/raspberry_pico/pico_sdk_lib/pico-sdk/src/common/pico_time/time.c.obj
 .bss.last_avail_time.7161
                0x0000000020000e68        0x8 CMakeFiles/multiceiverDemo.dir/home/l00ser/git_codes/raspberry_pico/pico_sdk_lib/pico-sdk/src/rp2_common/pico_stdio_usb/stdio_usb.c.obj
 .bss           0x0000000020000e70       0x1c /usr/lib/gcc/arm-none-eabi/9.2.1/thumb/v6-m/nofp/crtbegin.o
 .bss           0x0000000020000e8c       0x34 /usr/lib/gcc/arm-none-eabi/9.2.1/../../../arm-none-eabi/lib/thumb/v6-m/nofp/libc.a(lib_a-mallocr.o)
                0x0000000020000e8c                __malloc_top_pad
                0x0000000020000e90                __malloc_current_mallinfo
                0x0000000020000eb8                __malloc_max_sbrked_mem
                0x0000000020000ebc                __malloc_max_total_mem
 .bss._ZL3spi   0x0000000020000ec0        0x4 CMakeFiles/multiceiverDemo.dir/multiceiverDemo.cpp.obj
 .bss._ZL3spi   0x0000000020000ec4        0x4 CMakeFiles/multiceiverDemo.dir/home/l00ser/git_codes/raspberry_pico/test/RF24/RF24.cpp.obj
 .bss._ZN3SPI6_hw_idE
                0x0000000020000ec8        0x4 CMakeFiles/multiceiverDemo.dir/home/l00ser/git_codes/raspberry_pico/test/RF24/utility/rp2/spi.cpp.obj
                0x0000000020000ec8                SPI::_hw_id
 .bss._app_driver
                0x0000000020000ecc        0x4 CMakeFiles/multiceiverDemo.dir/home/l00ser/git_codes/raspberry_pico/pico_sdk_lib/pico-sdk/lib/tinyusb/src/device/usbd.c.obj
 .bss._cdcd_itf
                0x0000000020000ed0      0x2d8 CMakeFiles/multiceiverDemo.dir/home/l00ser/git_codes/raspberry_pico/pico_sdk_lib/pico-sdk/lib/tinyusb/src/class/cdc/cdc_device.c.obj
 .bss._ctrl_xfer
                0x00000000200011a8       0x14 CMakeFiles/multiceiverDemo.dir/home/l00ser/git_codes/raspberry_pico/pico_sdk_lib/pico-sdk/lib/tinyusb/src/device/usbd_control.c.obj
 .bss._ubsd_mutexdef
                0x00000000200011bc        0x8 CMakeFiles/multiceiverDemo.dir/home/l00ser/git_codes/raspberry_pico/pico_sdk_lib/pico-sdk/lib/tinyusb/src/device/usbd.c.obj
 .bss._usbd_ctrl_buf
                0x00000000200011c4       0x40 CMakeFiles/multiceiverDemo.dir/home/l00ser/git_codes/raspberry_pico/pico_sdk_lib/pico-sdk/lib/tinyusb/src/device/usbd_control.c.obj
 .bss._usbd_dev
                0x0000000020001204       0x53 CMakeFiles/multiceiverDemo.dir/home/l00ser/git_codes/raspberry_pico/pico_sdk_lib/pico-sdk/lib/tinyusb/src/device/usbd.c.obj
 *fill*         0x0000000020001257        0x1 
 .bss._usbd_mutex
                0x0000000020001258        0x4 CMakeFiles/multiceiverDemo.dir/home/l00ser/git_codes/raspberry_pico/pico_sdk_lib/pico-sdk/lib/tinyusb/src/device/usbd.c.obj
 .bss._usbd_q   0x000000002000125c        0x4 CMakeFiles/multiceiverDemo.dir/home/l00ser/git_codes/raspberry_pico/pico_sdk_lib/pico-sdk/lib/tinyusb/src/device/usbd.c.obj
 .bss.alarm_callbacks
                0x0000000020001260       0x10 CMakeFiles/multiceiverDemo.dir/home/l00ser/git_codes/raspberry_pico/pico_sdk_lib/pico-sdk/src/rp2_common/hardware_timer/timer.c.obj
 .bss.boot2_copyout
                0x0000000020001270      0x100 CMakeFiles/multiceiverDemo.dir/home/l00ser/git_codes/raspberry_pico/pico_sdk_lib/pico-sdk/src/rp2_common/hardware_flash/flash.c.obj
 .bss.claimed   0x0000000020001370        0x4 CMakeFiles/multiceiverDemo.dir/home/l00ser/git_codes/raspberry_pico/pico_sdk_lib/pico-sdk/src/rp2_common/hardware_sync/sync.c.obj
 .bss.configured_freq
                0x0000000020001374       0x28 CMakeFiles/multiceiverDemo.dir/home/l00ser/git_codes/raspberry_pico/pico_sdk_lib/pico-sdk/src/rp2_common/hardware_clocks/clocks.c.obj
 .bss.default_alarm_pool_entry_ids_high
                0x000000002000139c       0x10 CMakeFiles/multiceiverDemo.dir/home/l00ser/git_codes/raspberry_pico/pico_sdk_lib/pico-sdk/src/common/pico_time/time.c.obj
 .bss.default_alarm_pool_heap_nodes
                0x00000000200013ac       0x30 CMakeFiles/multiceiverDemo.dir/home/l00ser/git_codes/raspberry_pico/pico_sdk_lib/pico-sdk/src/common/pico_time/time.c.obj
 .bss.desc_str.7060
                0x00000000200013dc       0x28 CMakeFiles/multiceiverDemo.dir/home/l00ser/git_codes/raspberry_pico/pico_sdk_lib/pico-sdk/src/rp2_common/pico_stdio_usb/stdio_usb_descriptors.c.obj
 .bss.drivers   0x0000000020001404        0x4 CMakeFiles/multiceiverDemo.dir/home/l00ser/git_codes/raspberry_pico/pico_sdk_lib/pico-sdk/src/rp2_common/pico_stdio/stdio.c.obj
 .bss.filter    0x0000000020001408        0x4 CMakeFiles/multiceiverDemo.dir/home/l00ser/git_codes/raspberry_pico/pico_sdk_lib/pico-sdk/src/rp2_common/pico_stdio/stdio.c.obj
 .bss.heap_end.5846
                0x000000002000140c        0x4 CMakeFiles/multiceiverDemo.dir/home/l00ser/git_codes/raspberry_pico/pico_sdk_lib/pico-sdk/src/rp2_common/pico_runtime/runtime.c.obj
 .bss.hw_endpoints
                0x0000000020001410      0x400 CMakeFiles/multiceiverDemo.dir/home/l00ser/git_codes/raspberry_pico/pico_sdk_lib/pico-sdk/lib/tinyusb/src/portable/raspberrypi/rp2040/dcd_rp2040.c.obj