Archive member included to satisfy reference by file (symbol)

/usr/lib/gcc/arm-none-eabi/9.2.1/thumb/v6-m/nofp/libgcc.a(_dvmd_tls.o)
                              CMakeFiles/streamingData.dir/home/l00ser/git_codes/raspberry_pico/pico_sdk_lib/pico-sdk/src/rp2_common/pico_divider/divider.S.obj (__aeabi_idiv0)
/usr/lib/gcc/arm-none-eabi/9.2.1/../../../arm-none-eabi/lib/thumb/v6-m/nofp/libc.a(lib_a-atexit.o)
                              /usr/lib/gcc/arm-none-eabi/9.2.1/../../../arm-none-eabi/lib/thumb/v6-m/nofp/crt0.o (atexit)
/usr/lib/gcc/arm-none-eabi/9.2.1/../../../arm-none-eabi/lib/thumb/v6-m/nofp/libc.a(lib_a-calloc.o)
                              CMakeFiles/streamingData.dir/home/l00ser/git_codes/raspberry_pico/pico_sdk_lib/pico-sdk/src/rp2_common/pico_malloc/pico_malloc.c.obj (calloc)
/usr/lib/gcc/arm-none-eabi/9.2.1/../../../arm-none-eabi/lib/thumb/v6-m/nofp/libc.a(lib_a-callocr.o)
                              /usr/lib/gcc/arm-none-eabi/9.2.1/../../../arm-none-eabi/lib/thumb/v6-m/nofp/libc.a(lib_a-calloc.o) (_calloc_r)
/usr/lib/gcc/arm-none-eabi/9.2.1/../../../arm-none-eabi/lib/thumb/v6-m/nofp/libc.a(lib_a-fini.o)
                              /usr/lib/gcc/arm-none-eabi/9.2.1/../../../arm-none-eabi/lib/thumb/v6-m/nofp/crt0.o (__libc_fini_array)
/usr/lib/gcc/arm-none-eabi/9.2.1/../../../arm-none-eabi/lib/thumb/v6-m/nofp/libc.a(lib_a-impure.o)
                              /usr/lib/gcc/arm-none-eabi/9.2.1/../../../arm-none-eabi/lib/thumb/v6-m/nofp/libc.a(lib_a-calloc.o) (_impure_ptr)
/usr/lib/gcc/arm-none-eabi/9.2.1/../../../arm-none-eabi/lib/thumb/v6-m/nofp/libc.a(lib_a-init.o)
                              /usr/lib/gcc/arm-none-eabi/9.2.1/../../../arm-none-eabi/lib/thumb/v6-m/nofp/crt0.o (__libc_init_array)
/usr/lib/gcc/arm-none-eabi/9.2.1/../../../arm-none-eabi/lib/thumb/v6-m/nofp/libc.a(lib_a-malloc.o)
                              CMakeFiles/streamingData.dir/home/l00ser/git_codes/raspberry_pico/pico_sdk_lib/pico-sdk/src/rp2_common/pico_malloc/pico_malloc.c.obj (malloc)
/usr/lib/gcc/arm-none-eabi/9.2.1/../../../arm-none-eabi/lib/thumb/v6-m/nofp/libc.a(lib_a-mallocr.o)
                              /usr/lib/gcc/arm-none-eabi/9.2.1/../../../arm-none-eabi/lib/thumb/v6-m/nofp/libc.a(lib_a-callocr.o) (_malloc_r)
/usr/lib/gcc/arm-none-eabi/9.2.1/../../../arm-none-eabi/lib/thumb/v6-m/nofp/libc.a(lib_a-mlock.o)
                              /usr/lib/gcc/arm-none-eabi/9.2.1/../../../arm-none-eabi/lib/thumb/v6-m/nofp/libc.a(lib_a-mallocr.o) (__malloc_lock)
/usr/lib/gcc/arm-none-eabi/9.2.1/../../../arm-none-eabi/lib/thumb/v6-m/nofp/libc.a(lib_a-sbrkr.o)
                              /usr/lib/gcc/arm-none-eabi/9.2.1/../../../arm-none-eabi/lib/thumb/v6-m/nofp/libc.a(lib_a-mallocr.o) (_sbrk_r)
/usr/lib/gcc/arm-none-eabi/9.2.1/../../../arm-none-eabi/lib/thumb/v6-m/nofp/libc.a(lib_a-strlen-stub.o)
                              CMakeFiles/streamingData.dir/home/l00ser/git_codes/raspberry_pico/pico_sdk_lib/pico-sdk/src/rp2_common/pico_stdio/stdio.c.obj (strlen)
/usr/lib/gcc/arm-none-eabi/9.2.1/../../../arm-none-eabi/lib/thumb/v6-m/nofp/libc.a(lib_a-__atexit.o)
                              /usr/lib/gcc/arm-none-eabi/9.2.1/../../../arm-none-eabi/lib/thumb/v6-m/nofp/libc.a(lib_a-atexit.o) (__register_exitproc)
/usr/lib/gcc/arm-none-eabi/9.2.1/../../../arm-none-eabi/lib/thumb/v6-m/nofp/libc.a(lib_a-freer.o)
                              /usr/lib/gcc/arm-none-eabi/9.2.1/../../../arm-none-eabi/lib/thumb/v6-m/nofp/libc.a(lib_a-malloc.o) (_free_r)
/usr/lib/gcc/arm-none-eabi/9.2.1/../../../arm-none-eabi/lib/thumb/v6-m/nofp/libc.a(lib_a-reent.o)
                              /usr/lib/gcc/arm-none-eabi/9.2.1/../../../arm-none-eabi/lib/thumb/v6-m/nofp/libc.a(lib_a-sbrkr.o) (errno)

Allocating common symbols
Common symbol       size              file

sf_table            0x100             CMakeFiles/streamingData.dir/home/l00ser/git_codes/raspberry_pico/pico_sdk_lib/pico-sdk/src/rp2_common/pico_float/float_init_rom.c.obj
errno               0x4               /usr/lib/gcc/arm-none-eabi/9.2.1/../../../arm-none-eabi/lib/thumb/v6-m/nofp/libc.a(lib_a-reent.o)
_usbd_qdef_buf      0xc0              CMakeFiles/streamingData.dir/home/l00ser/git_codes/raspberry_pico/pico_sdk_lib/pico-sdk/lib/tinyusb/src/device/usbd.c.obj
sd_table            0x100             CMakeFiles/streamingData.dir/home/l00ser/git_codes/raspberry_pico/pico_sdk_lib/pico-sdk/src/rp2_common/pico_double/double_init_rom.c.obj
uart_char_to_line_feed
                    0x4               CMakeFiles/streamingData.dir/home/l00ser/git_codes/raspberry_pico/pico_sdk_lib/pico-sdk/src/rp2_common/hardware_uart/uart.c.obj

Discarded input sections

 .text          0x0000000000000000        0x0 /usr/lib/gcc/arm-none-eabi/9.2.1/thumb/v6-m/nofp/crti.o
 .data          0x0000000000000000        0x0 /usr/lib/gcc/arm-none-eabi/9.2.1/thumb/v6-m/nofp/crti.o
 .bss           0x0000000000000000        0x0 /usr/lib/gcc/arm-none-eabi/9.2.1/thumb/v6-m/nofp/crti.o
[...]
Memory Configuration

Name             Origin             Length             Attributes
FLASH            0x0000000010000000 0x0000000000200000 xr
RAM              0x0000000020000000 0x0000000000040000 xrw
SCRATCH_X        0x0000000020040000 0x0000000000001000 xrw
SCRATCH_Y        0x0000000020041000 0x0000000000001000 xrw
*default*        0x0000000000000000 0xffffffffffffffff

Linker script and memory map

LOAD /usr/lib/gcc/arm-none-eabi/9.2.1/thumb/v6-m/nofp/crti.o
LOAD /usr/lib/gcc/arm-none-eabi/9.2.1/thumb/v6-m/nofp/crtbegin.o
LOAD /usr/lib/gcc/arm-none-eabi/9.2.1/../../../arm-none-eabi/lib/thumb/v6-m/nofp/crt0.o

.flash_begin    0x0000000010000000        0x0
                0x0000000010000000                __flash_binary_start = .

.boot2          0x0000000010000000      0x100
                0x0000000010000000                __boot2_start__ = .
 *(.boot2)
 .boot2         0x0000000010000000      0x100 /tmp/ccJWwjwi.o
                0x0000000010000100                __boot2_end__ = .
                0x0000000000000001                ASSERT (((__boot2_end__ - __boot2_start__) == 0x100), ERROR: Pico second stage bootloader must be 256 bytes in size)

.text           0x0000000010000100     0x9388
                0x0000000010000100                __logical_binary_start = .
 *(.vectors)
 .vectors       0x0000000010000100       0xd4 CMakeFiles/streamingData.dir/home/l00ser/git_codes/raspberry_pico/pico_sdk_lib/pico-sdk/src/rp2_common/pico_standard_link/crt0.S.obj
                0x0000000010000100                __vectors
                0x0000000010000100                __VECTOR_TABLE
                0x00000000100001c0                isr_invalid
                0x00000000100001c0                __default_isrs_start
                0x00000000100001c2                isr_nmi
                0x00000000100001c4                isr_hardfault
                0x00000000100001c6                isr_svcall
                0x00000000100001c8                isr_pendsv
                0x00000000100001ca                isr_systick
                0x00000000100001cc                isr_irq30
                0x00000000100001cc                __unhandled_user_irq
                0x00000000100001cc                isr_irq13
                0x00000000100001cc                isr_irq27
                0x00000000100001cc                isr_irq31
                0x00000000100001cc                isr_irq5
                0x00000000100001cc                isr_irq11
                0x00000000100001cc                isr_irq23
                0x00000000100001cc                isr_irq18
                0x00000000100001cc                isr_irq28
                0x00000000100001cc                isr_irq19
                0x00000000100001cc                isr_irq0
                0x00000000100001cc                isr_irq6
                0x00000000100001cc                isr_irq22
                0x00000000100001cc                isr_irq17
                0x00000000100001cc                isr_irq14
                0x00000000100001cc                isr_irq2
                0x00000000100001cc                isr_irq10
                0x00000000100001cc                isr_irq8
                0x00000000100001cc                isr_irq24
                0x00000000100001cc                isr_irq1
                0x00000000100001cc                isr_irq7
                0x00000000100001cc                isr_irq21
                0x00000000100001cc                isr_irq20
                0x00000000100001cc                isr_irq15
                0x00000000100001cc                isr_irq25
                0x00000000100001cc                isr_irq4
                0x00000000100001cc                isr_irq16
                0x00000000100001cc                isr_irq29
                0x00000000100001cc                isr_irq26
                0x00000000100001cc                __default_isrs_end
                0x00000000100001cc                isr_irq3
                0x00000000100001cc                isr_irq12
                0x00000000100001cc                isr_irq9
                0x00000000100001d2                unhandled_user_irq_num_in_r0
 *(.binary_info_header)
 .binary_info_header
                0x00000000100001d4       0x14 CMakeFiles/streamingData.dir/home/l00ser/git_codes/raspberry_pico/pico_sdk_lib/pico-sdk/src/rp2_common/pico_standard_link/crt0.S.obj
                0x00000000100001e8                __binary_info_header_end = .
 *(.reset)
 .reset         0x00000000100001e8       0xa8 CMakeFiles/streamingData.dir/home/l00ser/git_codes/raspberry_pico/pico_sdk_lib/pico-sdk/src/rp2_common/pico_standard_link/crt0.S.obj
                0x00000000100001e8                _entry_point
                0x0000000010000266                __get_current_exception
 .reset         0x0000000010000290       0x30 CMakeFiles/streamingData.dir/home/l00ser/git_codes/raspberry_pico/pico_sdk_lib/pico-sdk/src/rp2_common/pico_standard_link/binary_info.c.obj
 *(.init)
 .init          0x00000000100002c0        0x4 /usr/lib/gcc/arm-none-eabi/9.2.1/thumb/v6-m/nofp/crti.o
                0x00000000100002c0                _init
 *(EXCLUDE_FILE(*libm.a: *libc.a:*lib_a-mem*.o *libgcc.a:) .text*)
 .text          0x00000000100002c4       0x98 /usr/lib/gcc/arm-none-eabi/9.2.1/thumb/v6-m/nofp/crtbegin.o
 .text._Z5setupv
                0x000000001000035c       0xe4 CMakeFiles/streamingData.dir/streamingData.cpp.obj
                0x000000001000035c                setup()
 .text._Z4loopv
                0x0000000010000440      0x198 CMakeFiles/streamingData.dir/streamingData.cpp.obj
                0x0000000010000440                loop()
 .text.startup.main
                0x00000000100005d8       0x18 CMakeFiles/streamingData.dir/streamingData.cpp.obj
                0x00000000100005d8                main
 .text.startup._GLOBAL__sub_I_radio
                0x00000000100005f0       0x24 CMakeFiles/streamingData.dir/streamingData.cpp.obj
 .text._ZN4RF2413write_payloadEPKvhh
                0x0000000010000614      0x158 CMakeFiles/streamingData.dir/home/l00ser/git_codes/raspberry_pico/test/RF24/RF24.cpp.obj
                0x0000000010000614                RF24::write_payload(void const*, unsigned char, unsigned char)
 .text._ZN4RF2412read_payloadEPvh
                0x000000001000076c      0x144 CMakeFiles/streamingData.dir/home/l00ser/git_codes/raspberry_pico/test/RF24/RF24.cpp.obj
                0x000000001000076c                RF24::read_payload(void*, unsigned char)
 .text._ZN4RF248flush_txEv
                0x00000000100008b0       0x3c CMakeFiles/streamingData.dir/home/l00ser/git_codes/raspberry_pico/test/RF24/RF24.cpp.obj
                0x00000000100008b0                RF24::flush_tx()
 .text._ZN4RF24C2Ettm
                0x00000000100008ec       0x4c CMakeFiles/streamingData.dir/home/l00ser/git_codes/raspberry_pico/test/RF24/RF24.cpp.obj
                0x00000000100008ec                RF24::RF24(unsigned short, unsigned short, unsigned long)
                0x00000000100008ec                RF24::RF24(unsigned short, unsigned short, unsigned long)
 .text._ZN4RF2414setPayloadSizeEh
                0x0000000010000938       0xa0 CMakeFiles/streamingData.dir/home/l00ser/git_codes/raspberry_pico/test/RF24/RF24.cpp.obj
                0x0000000010000938                RF24::setPayloadSize(unsigned char)
 .text._ZN4RF2411_init_radioEv
                0x00000000100009d8      0x5c4 CMakeFiles/streamingData.dir/home/l00ser/git_codes/raspberry_pico/test/RF24/RF24.cpp.obj
                0x00000000100009d8                RF24::_init_radio()
 .text._ZN4RF245beginEv
                0x0000000010000f9c       0x60 CMakeFiles/streamingData.dir/home/l00ser/git_codes/raspberry_pico/test/RF24/RF24.cpp.obj
                0x0000000010000f9c                RF24::begin()
 .text._ZN4RF2414startListeningEv
                0x0000000010000ffc      0x2d8 CMakeFiles/streamingData.dir/home/l00ser/git_codes/raspberry_pico/test/RF24/RF24.cpp.obj
                0x0000000010000ffc                RF24::startListening()
 .text._ZN4RF2413stopListeningEv
                0x00000000100012d4      0x15c CMakeFiles/streamingData.dir/home/l00ser/git_codes/raspberry_pico/test/RF24/RF24.cpp.obj
                0x00000000100012d4                RF24::stopListening()
 .text._ZN4RF249powerDownEv
                0x0000000010001430       0x68 CMakeFiles/streamingData.dir/home/l00ser/git_codes/raspberry_pico/test/RF24/RF24.cpp.obj
                0x0000000010001430                RF24::powerDown()
 .text._ZN4RF247reUseTXEv
                0x0000000010001498       0xa0 CMakeFiles/streamingData.dir/home/l00ser/git_codes/raspberry_pico/test/RF24/RF24.cpp.obj
                0x0000000010001498                RF24::reUseTX()
 .text._ZN4RF249writeFastEPKvhb
                0x0000000010001538       0xd4 CMakeFiles/streamingData.dir/home/l00ser/git_codes/raspberry_pico/test/RF24/RF24.cpp.obj
                0x0000000010001538                RF24::writeFast(void const*, unsigned char, bool)
 .text._ZN4RF249writeFastEPKvh
                0x000000001000160c        0xc CMakeFiles/streamingData.dir/home/l00ser/git_codes/raspberry_pico/test/RF24/RF24.cpp.obj
                0x000000001000160c                RF24::writeFast(void const*, unsigned char)
 .text._ZN4RF249availableEv
                0x0000000010001618       0x48 CMakeFiles/streamingData.dir/home/l00ser/git_codes/raspberry_pico/test/RF24/RF24.cpp.obj
                0x0000000010001618                RF24::available()
 .text._ZN4RF244readEPvh
                0x0000000010001660       0x54 CMakeFiles/streamingData.dir/home/l00ser/git_codes/raspberry_pico/test/RF24/RF24.cpp.obj
                0x0000000010001660                RF24::read(void*, unsigned char)
 .text._ZN4RF2415openWritingPipeEPKh
                0x00000000100016b4      0x1b0 CMakeFiles/streamingData.dir/home/l00ser/git_codes/raspberry_pico/test/RF24/RF24.cpp.obj
                0x00000000100016b4                RF24::openWritingPipe(unsigned char const*)
 .text._ZN4RF2415openReadingPipeEhPKh
                0x0000000010001864      0x220 CMakeFiles/streamingData.dir/home/l00ser/git_codes/raspberry_pico/test/RF24/RF24.cpp.obj
                0x0000000010001864                RF24::openReadingPipe(unsigned char, unsigned char const*)
 .text._ZN4RF2410setPALevelEhb
                0x0000000010001a84       0xc4 CMakeFiles/streamingData.dir/home/l00ser/git_codes/raspberry_pico/test/RF24/RF24.cpp.obj
                0x0000000010001a84                RF24::setPALevel(unsigned char, bool)
 .text.startup._GLOBAL__sub_I__ZN4RF243csnEb
                0x0000000010001b48       0x10 CMakeFiles/streamingData.dir/home/l00ser/git_codes/raspberry_pico/test/RF24/RF24.cpp.obj
 .text._ZN4GPIO4openEii
                0x0000000010001b58       0x20 CMakeFiles/streamingData.dir/home/l00ser/git_codes/raspberry_pico/test/RF24/utility/rp2/gpio.cpp.obj
                0x0000000010001b58                GPIO::open(int, int)
 .text._ZN4GPIO5writeEii
                0x0000000010001b78       0x14 CMakeFiles/streamingData.dir/home/l00ser/git_codes/raspberry_pico/test/RF24/utility/rp2/gpio.cpp.obj
                0x0000000010001b78                GPIO::write(int, int)
 .text._ZN3SPID2Ev
                0x0000000010001b8c        0x4 CMakeFiles/streamingData.dir/home/l00ser/git_codes/raspberry_pico/test/RF24/utility/rp2/spi.cpp.obj
                0x0000000010001b8c                SPI::~SPI()
                0x0000000010001b8c                SPI::~SPI()
 .text._ZN3SPID0Ev
                0x0000000010001b90       0x10 CMakeFiles/streamingData.dir/home/l00ser/git_codes/raspberry_pico/test/RF24/utility/rp2/spi.cpp.obj
                0x0000000010001b90                SPI::~SPI()
 .text._ZN3SPIC2Ev
                0x0000000010001ba0        0xc CMakeFiles/streamingData.dir/home/l00ser/git_codes/raspberry_pico/test/RF24/utility/rp2/spi.cpp.obj
                0x0000000010001ba0                SPI::SPI()
                0x0000000010001ba0                SPI::SPI()
 .text._ZN3SPI5beginEP8spi_inst
                0x0000000010001bac       0x24 CMakeFiles/streamingData.dir/home/l00ser/git_codes/raspberry_pico/test/RF24/utility/rp2/spi.cpp.obj
                0x0000000010001bac                SPI::begin(spi_inst*)
 .text._ZN3SPI8transferEh
                0x0000000010001bd0       0x2c CMakeFiles/streamingData.dir/home/l00ser/git_codes/raspberry_pico/test/RF24/utility/rp2/spi.cpp.obj
                0x0000000010001bd0                SPI::transfer(unsigned char)
 .text._ZN3SPI10transfernbEPKhPhm
                0x0000000010001bfc       0x18 CMakeFiles/streamingData.dir/home/l00ser/git_codes/raspberry_pico/test/RF24/utility/rp2/spi.cpp.obj
                0x0000000010001bfc                SPI::transfernb(unsigned char const*, unsigned char*, unsigned long)
 .text._ZN3SPI16beginTransactionEm
                0x0000000010001c14       0x28 CMakeFiles/streamingData.dir/home/l00ser/git_codes/raspberry_pico/test/RF24/utility/rp2/spi.cpp.obj
                0x0000000010001c14                SPI::beginTransaction(unsigned long)
 .text._ZN3SPI14endTransactionEv
                0x0000000010001c3c       0x10 CMakeFiles/streamingData.dir/home/l00ser/git_codes/raspberry_pico/test/RF24/utility/rp2/spi.cpp.obj
                0x0000000010001c3c                SPI::endTransaction()
 .text.gpio_set_function
                0x0000000010001c4c       0x30 CMakeFiles/streamingData.dir/home/l00ser/git_codes/raspberry_pico/pico_sdk_lib/pico-sdk/src/rp2_common/hardware_gpio/gpio.c.obj
                0x0000000010001c4c                gpio_set_function
 .text.gpio_init
                0x0000000010001c7c       0x3c CMakeFiles/streamingData.dir/home/l00ser/git_codes/raspberry_pico/pico_sdk_lib/pico-sdk/src/rp2_common/hardware_gpio/gpio.c.obj
                0x0000000010001c7c                gpio_init
 .text.hw_claim_or_assert
                0x0000000010001cb8       0x48 CMakeFiles/streamingData.dir/home/l00ser/git_codes/raspberry_pico/pico_sdk_lib/pico-sdk/src/rp2_common/hardware_claim/claim.c.obj
                0x0000000010001cb8                hw_claim_or_assert
 .text.hw_claim_unused_from_range
                0x0000000010001d00       0x9c CMakeFiles/streamingData.dir/home/l00ser/git_codes/raspberry_pico/pico_sdk_lib/pico-sdk/src/rp2_common/hardware_claim/claim.c.obj
                0x0000000010001d00                hw_claim_unused_from_range
 .text.running_on_fpga
                0x0000000010001d9c       0x10 CMakeFiles/streamingData.dir/home/l00ser/git_codes/raspberry_pico/pico_sdk_lib/pico-sdk/src/rp2_common/pico_platform/platform.c.obj
                0x0000000010001d9c                running_on_fpga
 .text.spin_locks_reset
                0x0000000010001dac       0x1c CMakeFiles/streamingData.dir/home/l00ser/git_codes/raspberry_pico/pico_sdk_lib/pico-sdk/src/rp2_common/hardware_sync/sync.c.obj
                0x0000000010001dac                spin_locks_reset
 .text.next_striped_spin_lock_num
                0x0000000010001dc8       0x18 CMakeFiles/streamingData.dir/home/l00ser/git_codes/raspberry_pico/pico_sdk_lib/pico-sdk/src/rp2_common/hardware_sync/sync.c.obj
                0x0000000010001dc8                next_striped_spin_lock_num
 .text.spin_lock_claim_unused
                0x0000000010001de0       0x20 CMakeFiles/streamingData.dir/home/l00ser/git_codes/raspberry_pico/pico_sdk_lib/pico-sdk/src/rp2_common/hardware_sync/sync.c.obj
                0x0000000010001de0                spin_lock_claim_unused
 .text.timer_pool_entry_comparator
                0x0000000010001e00       0x34 CMakeFiles/streamingData.dir/home/l00ser/git_codes/raspberry_pico/pico_sdk_lib/pico-sdk/src/common/pico_time/time.c.obj
                0x0000000010001e00                timer_pool_entry_comparator
 .text.sleep_until_callback
                0x0000000010001e34       0x30 CMakeFiles/streamingData.dir/home/l00ser/git_codes/raspberry_pico/pico_sdk_lib/pico-sdk/src/common/pico_time/time.c.obj
 .text.alarm_pool_add_alarm_at.constprop.0
                0x0000000010001e64      0x128 CMakeFiles/streamingData.dir/home/l00ser/git_codes/raspberry_pico/pico_sdk_lib/pico-sdk/src/common/pico_time/time.c.obj
 .text.add_alarm_under_lock
                0x0000000010001f8c      0x108 CMakeFiles/streamingData.dir/home/l00ser/git_codes/raspberry_pico/pico_sdk_lib/pico-sdk/src/common/pico_time/time.c.obj
 .text.alarm_pool_alarm_callback
                0x0000000010002094      0x1c8 CMakeFiles/streamingData.dir/home/l00ser/git_codes/raspberry_pico/pico_sdk_lib/pico-sdk/src/common/pico_time/time.c.obj
 .text.alarm_pool_init_default
                0x000000001000225c       0x64 CMakeFiles/streamingData.dir/home/l00ser/git_codes/raspberry_pico/pico_sdk_lib/pico-sdk/src/common/pico_time/time.c.obj
                0x000000001000225c                alarm_pool_init_default
 .text.alarm_pool_get_default
                0x00000000100022c0        0x8 CMakeFiles/streamingData.dir/home/l00ser/git_codes/raspberry_pico/pico_sdk_lib/pico-sdk/src/common/pico_time/time.c.obj
                0x00000000100022c0                alarm_pool_get_default
 .text.alarm_pool_add_alarm_at
                0x00000000100022c8      0x1ac CMakeFiles/streamingData.dir/home/l00ser/git_codes/raspberry_pico/pico_sdk_lib/pico-sdk/src/common/pico_time/time.c.obj
                0x00000000100022c8                alarm_pool_add_alarm_at
 .text.sleep_until
                0x0000000010002474       0xac CMakeFiles/streamingData.dir/home/l00ser/git_codes/raspberry_pico/pico_sdk_lib/pico-sdk/src/common/pico_time/time.c.obj
                0x0000000010002474                sleep_until
 .text.sleep_us
                0x0000000010002520       0x30 CMakeFiles/streamingData.dir/home/l00ser/git_codes/raspberry_pico/pico_sdk_lib/pico-sdk/src/common/pico_time/time.c.obj
                0x0000000010002520                sleep_us
 .text.sleep_ms
                0x0000000010002550       0x38 CMakeFiles/streamingData.dir/home/l00ser/git_codes/raspberry_pico/pico_sdk_lib/pico-sdk/src/common/pico_time/time.c.obj
                0x0000000010002550                sleep_ms
 .text.best_effort_wfe_or_timeout
                0x0000000010002588       0xd4 CMakeFiles/streamingData.dir/home/l00ser/git_codes/raspberry_pico/pico_sdk_lib/pico-sdk/src/common/pico_time/time.c.obj
                0x0000000010002588                best_effort_wfe_or_timeout
 .text.hardware_alarm_irq_handler
                0x000000001000265c       0xb8 CMakeFiles/streamingData.dir/home/l00ser/git_codes/raspberry_pico/pico_sdk_lib/pico-sdk/src/rp2_common/hardware_timer/timer.c.obj
 .text.hardware_alarm_claim
                0x0000000010002714       0x18 CMakeFiles/streamingData.dir/home/l00ser/git_codes/raspberry_pico/pico_sdk_lib/pico-sdk/src/rp2_common/hardware_timer/timer.c.obj
                0x0000000010002714                hardware_alarm_claim
 .text.time_us_64
                0x000000001000272c       0x14 CMakeFiles/streamingData.dir/home/l00ser/git_codes/raspberry_pico/pico_sdk_lib/pico-sdk/src/rp2_common/hardware_timer/timer.c.obj
                0x000000001000272c                time_us_64
 .text.busy_wait_us
                0x0000000010002740       0x54 CMakeFiles/streamingData.dir/home/l00ser/git_codes/raspberry_pico/pico_sdk_lib/pico-sdk/src/rp2_common/hardware_timer/timer.c.obj
                0x0000000010002740                busy_wait_us
 .text.busy_wait_until
                0x0000000010002794       0x20 CMakeFiles/streamingData.dir/home/l00ser/git_codes/raspberry_pico/pico_sdk_lib/pico-sdk/src/rp2_common/hardware_timer/timer.c.obj
                0x0000000010002794                busy_wait_until
 .text.hardware_alarm_set_callback
                0x00000000100027b4       0x8c CMakeFiles/streamingData.dir/home/l00ser/git_codes/raspberry_pico/pico_sdk_lib/pico-sdk/src/rp2_common/hardware_timer/timer.c.obj
                0x00000000100027b4                hardware_alarm_set_callback
 .text.hardware_alarm_set_target
                0x0000000010002840       0xe4 CMakeFiles/streamingData.dir/home/l00ser/git_codes/raspberry_pico/pico_sdk_lib/pico-sdk/src/rp2_common/hardware_timer/timer.c.obj
                0x0000000010002840                hardware_alarm_set_target
 .text.hardware_alarm_cancel
                0x0000000010002924       0x40 CMakeFiles/streamingData.dir/home/l00ser/git_codes/raspberry_pico/pico_sdk_lib/pico-sdk/src/rp2_common/hardware_timer/timer.c.obj
                0x0000000010002924                hardware_alarm_cancel
 .text.lock_init
                0x0000000010002964       0x10 CMakeFiles/streamingData.dir/home/l00ser/git_codes/raspberry_pico/pico_sdk_lib/pico-sdk/src/common/pico_sync/lock_core.c.obj
                0x0000000010002964                lock_init
 .text.mutex_init
                0x0000000010002974       0x1c CMakeFiles/streamingData.dir/home/l00ser/git_codes/raspberry_pico/pico_sdk_lib/pico-sdk/src/common/pico_sync/mutex.c.obj
                0x0000000010002974                mutex_init
 .text.recursive_mutex_init
                0x0000000010002990       0x1c CMakeFiles/streamingData.dir/home/l00ser/git_codes/raspberry_pico/pico_sdk_lib/pico-sdk/src/common/pico_sync/mutex.c.obj
                0x0000000010002990                recursive_mutex_init
 .text.critical_section_init
                0x00000000100029ac       0x1c CMakeFiles/streamingData.dir/home/l00ser/git_codes/raspberry_pico/pico_sdk_lib/pico-sdk/src/common/pico_sync/critical_section.c.obj
                0x00000000100029ac                critical_section_init
 .text.ph_merge_nodes
                0x00000000100029c8       0x68 CMakeFiles/streamingData.dir/home/l00ser/git_codes/raspberry_pico/pico_sdk_lib/pico-sdk/src/common/pico_util/pheap.c.obj
 .text.ph_post_alloc_init
                0x0000000010002a30       0x3c CMakeFiles/streamingData.dir/home/l00ser/git_codes/raspberry_pico/pico_sdk_lib/pico-sdk/src/common/pico_util/pheap.c.obj
                0x0000000010002a30                ph_post_alloc_init
 .text.ph_merge_two_pass
                0x0000000010002a6c       0x90 CMakeFiles/streamingData.dir/home/l00ser/git_codes/raspberry_pico/pico_sdk_lib/pico-sdk/src/common/pico_util/pheap.c.obj
                0x0000000010002a6c                ph_merge_two_pass
 .text.ph_remove_any_head
                0x0000000010002afc       0xf8 CMakeFiles/streamingData.dir/home/l00ser/git_codes/raspberry_pico/pico_sdk_lib/pico-sdk/src/common/pico_util/pheap.c.obj
 .text.ph_remove_head
                0x0000000010002bf4      0x13c CMakeFiles/streamingData.dir/home/l00ser/git_codes/raspberry_pico/pico_sdk_lib/pico-sdk/src/common/pico_util/pheap.c.obj
                0x0000000010002bf4                ph_remove_head
 .text.ph_remove_and_free_node
                0x0000000010002d30       0x7c CMakeFiles/streamingData.dir/home/l00ser/git_codes/raspberry_pico/pico_sdk_lib/pico-sdk/src/common/pico_util/pheap.c.obj
                0x0000000010002d30                ph_remove_and_free_node
 .text.runtime_init
                0x0000000010002dac       0xf0 CMakeFiles/streamingData.dir/home/l00ser/git_codes/raspberry_pico/pico_sdk_lib/pico-sdk/src/rp2_common/pico_runtime/runtime.c.obj
                0x0000000010002dac                runtime_init
 .text._sbrk    0x0000000010002e9c       0x34 CMakeFiles/streamingData.dir/home/l00ser/git_codes/raspberry_pico/pico_sdk_lib/pico-sdk/src/rp2_common/pico_runtime/runtime.c.obj
                0x0000000010002e9c                _sbrk
 .text.exit     0x0000000010002ed0        0x4 CMakeFiles/streamingData.dir/home/l00ser/git_codes/raspberry_pico/pico_sdk_lib/pico-sdk/src/rp2_common/pico_runtime/runtime.c.obj
                0x0000000010002ed0                exit
 .text.panic    0x0000000010002ed4       0x30 CMakeFiles/streamingData.dir/home/l00ser/git_codes/raspberry_pico/pico_sdk_lib/pico-sdk/src/rp2_common/pico_runtime/runtime.c.obj
                0x0000000010002ed4                panic
 .text.hard_assertion_failure
                0x0000000010002f04        0xc CMakeFiles/streamingData.dir/home/l00ser/git_codes/raspberry_pico/pico_sdk_lib/pico-sdk/src/rp2_common/pico_runtime/runtime.c.obj
                0x0000000010002f04                hard_assertion_failure
 .text.clocks_init
                0x0000000010002f10      0x2bc CMakeFiles/streamingData.dir/home/l00ser/git_codes/raspberry_pico/pico_sdk_lib/pico-sdk/src/rp2_common/hardware_clocks/clocks.c.obj
                0x0000000010002f10                clocks_init
 .text.clock_get_hz
                0x00000000100031cc        0xc CMakeFiles/streamingData.dir/home/l00ser/git_codes/raspberry_pico/pico_sdk_lib/pico-sdk/src/rp2_common/hardware_clocks/clocks.c.obj
                0x00000000100031cc                clock_get_hz
 .text.irq_set_enabled
                0x00000000100031d8       0x24 CMakeFiles/streamingData.dir/home/l00ser/git_codes/raspberry_pico/pico_sdk_lib/pico-sdk/src/rp2_common/hardware_irq/irq.c.obj
                0x00000000100031d8                irq_set_enabled
 .text.irq_set_pending
                0x00000000100031fc       0x10 CMakeFiles/streamingData.dir/home/l00ser/git_codes/raspberry_pico/pico_sdk_lib/pico-sdk/src/rp2_common/hardware_irq/irq.c.obj
                0x00000000100031fc                irq_set_pending
 .text.irq_get_vtable_handler
                0x000000001000320c       0x10 CMakeFiles/streamingData.dir/home/l00ser/git_codes/raspberry_pico/pico_sdk_lib/pico-sdk/src/rp2_common/hardware_irq/irq.c.obj
                0x000000001000320c                irq_get_vtable_handler
 .text.irq_set_exclusive_handler
                0x000000001000321c       0x54 CMakeFiles/streamingData.dir/home/l00ser/git_codes/raspberry_pico/pico_sdk_lib/pico-sdk/src/rp2_common/hardware_irq/irq.c.obj
                0x000000001000321c                irq_set_exclusive_handler
 .text.irq_remove_handler
                0x0000000010003270      0x1b8 CMakeFiles/streamingData.dir/home/l00ser/git_codes/raspberry_pico/pico_sdk_lib/pico-sdk/src/rp2_common/hardware_irq/irq.c.obj
                0x0000000010003270                irq_remove_handler
 .text.irq_add_tail_to_free_list
                0x0000000010003428       0xb8 CMakeFiles/streamingData.dir/home/l00ser/git_codes/raspberry_pico/pico_sdk_lib/pico-sdk/src/rp2_common/hardware_irq/irq.c.obj
                0x0000000010003428                irq_add_tail_to_free_list
 .text.irq_init_priorities
                0x00000000100034e0       0x24 CMakeFiles/streamingData.dir/home/l00ser/git_codes/raspberry_pico/pico_sdk_lib/pico-sdk/src/rp2_common/hardware_irq/irq.c.obj
                0x00000000100034e0                irq_init_priorities
 .text.pll_init
                0x0000000010003504       0xa4 CMakeFiles/streamingData.dir/home/l00ser/git_codes/raspberry_pico/pico_sdk_lib/pico-sdk/src/rp2_common/hardware_pll/pll.c.obj
                0x0000000010003504                pll_init
 .text.watchdog_start_tick
                0x00000000100035a8       0x10 CMakeFiles/streamingData.dir/home/l00ser/git_codes/raspberry_pico/pico_sdk_lib/pico-sdk/src/rp2_common/hardware_watchdog/watchdog.c.obj
                0x00000000100035a8                watchdog_start_tick
 .text.watchdog_reboot
                0x00000000100035b8       0x98 CMakeFiles/streamingData.dir/home/l00ser/git_codes/raspberry_pico/pico_sdk_lib/pico-sdk/src/rp2_common/hardware_watchdog/watchdog.c.obj
                0x00000000100035b8                watchdog_reboot
 .text.xosc_init
                0x0000000010003650       0x28 CMakeFiles/streamingData.dir/home/l00ser/git_codes/raspberry_pico/pico_sdk_lib/pico-sdk/src/rp2_common/hardware_xosc/xosc.c.obj
                0x0000000010003650                xosc_init
 .text._out_null
                0x0000000010003678        0x4 CMakeFiles/streamingData.dir/home/l00ser/git_codes/raspberry_pico/pico_sdk_lib/pico-sdk/src/rp2_common/pico_printf/printf.c.obj
 .text._out_rev
                0x000000001000367c       0xd0 CMakeFiles/streamingData.dir/home/l00ser/git_codes/raspberry_pico/pico_sdk_lib/pico-sdk/src/rp2_common/pico_printf/printf.c.obj
 .text._ntoa_format
                0x000000001000374c      0x1d0 CMakeFiles/streamingData.dir/home/l00ser/git_codes/raspberry_pico/pico_sdk_lib/pico-sdk/src/rp2_common/pico_printf/printf.c.obj
 .text._out_char
                0x000000001000391c       0x10 CMakeFiles/streamingData.dir/home/l00ser/git_codes/raspberry_pico/pico_sdk_lib/pico-sdk/src/rp2_common/pico_printf/printf.c.obj
 .text._out_fct
                0x000000001000392c       0x10 CMakeFiles/streamingData.dir/home/l00ser/git_codes/raspberry_pico/pico_sdk_lib/pico-sdk/src/rp2_common/pico_printf/printf.c.obj
 .text._etoa    0x000000001000393c      0x478 CMakeFiles/streamingData.dir/home/l00ser/git_codes/raspberry_pico/pico_sdk_lib/pico-sdk/src/rp2_common/pico_printf/printf.c.obj
 .text._ftoa    0x0000000010003db4      0x3e0 CMakeFiles/streamingData.dir/home/l00ser/git_codes/raspberry_pico/pico_sdk_lib/pico-sdk/src/rp2_common/pico_printf/printf.c.obj
 .text._vsnprintf
                0x0000000010004194      0xb08 CMakeFiles/streamingData.dir/home/l00ser/git_codes/raspberry_pico/pico_sdk_lib/pico-sdk/src/rp2_common/pico_printf/printf.c.obj
 .text.vfctprintf
                0x0000000010004c9c       0x20 CMakeFiles/streamingData.dir/home/l00ser/git_codes/raspberry_pico/pico_sdk_lib/pico-sdk/src/rp2_common/pico_printf/printf.c.obj
                0x0000000010004c9c                vfctprintf
 .text.weak_raw_vprintf
                0x0000000010004cbc       0x30 CMakeFiles/streamingData.dir/home/l00ser/git_codes/raspberry_pico/pico_sdk_lib/pico-sdk/src/rp2_common/pico_printf/printf.c.obj
                0x0000000010004cbc                weak_raw_vprintf
 .text          0x0000000010004cec       0x10 CMakeFiles/streamingData.dir/home/l00ser/git_codes/raspberry_pico/pico_sdk_lib/pico-sdk/src/rp2_common/pico_bit_ops/bit_ops_aeabi.S.obj
 .text.rom_func_lookup
                0x0000000010004cfc       0x10 CMakeFiles/streamingData.dir/home/l00ser/git_codes/raspberry_pico/pico_sdk_lib/pico-sdk/src/rp2_common/pico_bootrom/bootrom.c.obj
                0x0000000010004cfc                rom_func_lookup
 .text.rom_data_lookup
                0x0000000010004d0c       0x10 CMakeFiles/streamingData.dir/home/l00ser/git_codes/raspberry_pico/pico_sdk_lib/pico-sdk/src/rp2_common/pico_bootrom/bootrom.c.obj
                0x0000000010004d0c                rom_data_lookup
 .text.rom_funcs_lookup
                0x0000000010004d1c       0x3c CMakeFiles/streamingData.dir/home/l00ser/git_codes/raspberry_pico/pico_sdk_lib/pico-sdk/src/rp2_common/pico_bootrom/bootrom.c.obj
                0x0000000010004d1c                rom_funcs_lookup
 .text.__wrap___aeabi_idiv
                0x0000000010004d58       0x50 CMakeFiles/streamingData.dir/home/l00ser/git_codes/raspberry_pico/pico_sdk_lib/pico-sdk/src/rp2_common/pico_divider/divider.S.obj
                0x0000000010004d58                __wrap___aeabi_idivmod
                0x0000000010004d58                divmod_s32s32
                0x0000000010004d58                div_s32s32
                0x0000000010004d58                __wrap___aeabi_idiv
                0x0000000010004d60                divmod_s32s32_unsafe
                0x0000000010004d8c                divmod_s32s32_savestate
 .text.__wrap___aeabi_uidiv
                0x0000000010004da8       0x4c CMakeFiles/streamingData.dir/home/l00ser/git_codes/raspberry_pico/pico_sdk_lib/pico-sdk/src/rp2_common/pico_divider/divider.S.obj
                0x0000000010004da8                __wrap___aeabi_uidiv
                0x0000000010004da8                __wrap___aeabi_uidivmod
                0x0000000010004da8                div_u32u32
                0x0000000010004da8                divmod_u32u32
                0x0000000010004db0                divmod_u32u32_unsafe
                0x0000000010004dd8                divmod_u32u32_savestate
 .text.__wrap___aeabi_ldiv
                0x0000000010004df4      0x434 CMakeFiles/streamingData.dir/home/l00ser/git_codes/raspberry_pico/pico_sdk_lib/pico-sdk/src/rp2_common/pico_divider/divider.S.obj
                0x0000000010004df4                div_s64s64
                0x0000000010004df4                divmod_s64s64
                0x0000000010004df4                __wrap___aeabi_ldivmod
                0x0000000010004e2c                div_u64u64
                0x0000000010004e2c                divmod_u64u64
                0x0000000010004e2c                __wrap___aeabi_uldivmod
                0x0000000010004e3c                divmod_u64u64_savestate
                0x0000000010004e64                divmod_s64s64_unsafe
                0x0000000010004eec                divmod_u64u64_unsafe
 .text.__wrap___aeabi_darithmetic
                0x0000000010005228       0x80 CMakeFiles/streamingData.dir/home/l00ser/git_codes/raspberry_pico/pico_sdk_lib/pico-sdk/src/rp2_common/pico_double/double_aeabi.S.obj
                0x0000000010005228                __wrap___aeabi_drsub
                0x000000001000522e                __wrap___aeabi_dsub
                0x0000000010005240                __wrap___aeabi_dadd
                0x0000000010005252                __wrap___aeabi_ddiv
                0x000000001000528e                __wrap___aeabi_dmul
 .text.__wrap___aeabi_cdcmple
                0x00000000100052a8       0x6c CMakeFiles/streamingData.dir/home/l00ser/git_codes/raspberry_pico/pico_sdk_lib/pico-sdk/src/rp2_common/pico_double/double_aeabi.S.obj
                0x00000000100052a8                __wrap___aeabi_cdrcmple
                0x00000000100052b8                __wrap___aeabi_cdcmple
                0x00000000100052b8                __wrap___aeabi_cdcmpeq
 .text.__wrap___aeabi_dcmplt
                0x0000000010005314        0xc CMakeFiles/streamingData.dir/home/l00ser/git_codes/raspberry_pico/pico_sdk_lib/pico-sdk/src/rp2_common/pico_double/double_aeabi.S.obj
                0x0000000010005314                __wrap___aeabi_dcmplt
 .text.__wrap___aeabi_dcmple
                0x0000000010005320       0x10 CMakeFiles/streamingData.dir/home/l00ser/git_codes/raspberry_pico/pico_sdk_lib/pico-sdk/src/rp2_common/pico_double/double_aeabi.S.obj
                0x0000000010005320                __wrap___aeabi_dcmple
 .text.__wrap___aeabi_dcmpge
                0x0000000010005330       0x10 CMakeFiles/streamingData.dir/home/l00ser/git_codes/raspberry_pico/pico_sdk_lib/pico-sdk/src/rp2_common/pico_double/double_aeabi.S.obj
                0x0000000010005330                __wrap___aeabi_dcmpge
 .text.__wrap___aeabi_dcmpgt
                0x0000000010005340        0xa CMakeFiles/streamingData.dir/home/l00ser/git_codes/raspberry_pico/pico_sdk_lib/pico-sdk/src/rp2_common/pico_double/double_aeabi.S.obj
                0x0000000010005340                __wrap___aeabi_dcmpgt
 .text.__wrap___aeabi_dcmpun
                0x000000001000534a       0x1c CMakeFiles/streamingData.dir/home/l00ser/git_codes/raspberry_pico/pico_sdk_lib/pico-sdk/src/rp2_common/pico_double/double_aeabi.S.obj
                0x000000001000534a                __wrap___aeabi_dcmpun
 *fill*         0x0000000010005366        0x2 
 .text.__wrap___aeabi_i2d
                0x0000000010005368       0x38 CMakeFiles/streamingData.dir/home/l00ser/git_codes/raspberry_pico/pico_sdk_lib/pico-sdk/src/rp2_common/pico_double/double_aeabi.S.obj
                0x0000000010005368                __wrap___aeabi_ui2d
                0x0000000010005370                __wrap___aeabi_i2d
 .text.__wrap___aeabi_d2iz
                0x00000000100053a0       0x48 CMakeFiles/streamingData.dir/home/l00ser/git_codes/raspberry_pico/pico_sdk_lib/pico-sdk/src/rp2_common/pico_double/double_aeabi.S.obj
                0x00000000100053a0                __wrap___aeabi_d2iz
                0x00000000100053a0                double2int_z
 .text.__wrap___aeabi_d2uiz
                0x00000000100053e8       0x18 CMakeFiles/streamingData.dir/home/l00ser/git_codes/raspberry_pico/pico_sdk_lib/pico-sdk/src/rp2_common/pico_double/double_aeabi.S.obj
                0x00000000100053e8                double2uint
                0x00000000100053e8                __wrap___aeabi_d2uiz
 .text.__aeabi_double_init
                0x0000000010005400       0xc0 CMakeFiles/streamingData.dir/home/l00ser/git_codes/raspberry_pico/pico_sdk_lib/pico-sdk/src/rp2_common/pico_double/double_init_rom.c.obj
                0x0000000010005400                __aeabi_double_init
 .text.double_table_shim_on_use_helper
                0x00000000100054c0       0x2c CMakeFiles/streamingData.dir/home/l00ser/git_codes/raspberry_pico/pico_sdk_lib/pico-sdk/src/rp2_common/pico_double/double_v1_rom_shim.S.obj
                0x00000000100054c0                double_table_shim_on_use_helper
 .text.__wrap___aeabi_dsub
                0x00000000100054ec       0x10 CMakeFiles/streamingData.dir/home/l00ser/git_codes/raspberry_pico/pico_sdk_lib/pico-sdk/src/rp2_common/pico_double/double_v1_rom_shim.S.obj
                0x00000000100054ec                drsub_shim
                0x00000000100054f2                dsub_shim
 .text.dadd_shim
                0x00000000100054fc      0x15c CMakeFiles/streamingData.dir/home/l00ser/git_codes/raspberry_pico/pico_sdk_lib/pico-sdk/src/rp2_common/pico_double/double_v1_rom_shim.S.obj
                0x00000000100054fc                dadd_shim
 .text.dmul_shim
                0x0000000010005658      0x15c CMakeFiles/streamingData.dir/home/l00ser/git_codes/raspberry_pico/pico_sdk_lib/pico-sdk/src/rp2_common/pico_double/double_v1_rom_shim.S.obj
                0x0000000010005658                dmul_shim
 .text.ddiv_shim
                0x00000000100057b4      0x1b0 CMakeFiles/streamingData.dir/home/l00ser/git_codes/raspberry_pico/pico_sdk_lib/pico-sdk/src/rp2_common/pico_double/double_v1_rom_shim.S.obj
                0x00000000100057b4                ddiv_shim
 .text.double2uint_shim
                0x0000000010005964        0xe CMakeFiles/streamingData.dir/home/l00ser/git_codes/raspberry_pico/pico_sdk_lib/pico-sdk/src/rp2_common/pico_double/double_v1_rom_shim.S.obj
                0x0000000010005964                double2uint_shim
                0x0000000010005966                double2ufix_shim
 *fill*         0x0000000010005972        0x2 
 .text.double2uint64_shim
                0x0000000010005974       0x70 CMakeFiles/streamingData.dir/home/l00ser/git_codes/raspberry_pico/pico_sdk_lib/pico-sdk/src/rp2_common/pico_double/double_v1_rom_shim.S.obj
                0x0000000010005974                double2uint64_shim
                0x0000000010005976                double2ufix64_shim
                0x0000000010005996                d2fix_a
 .text.dunpacks
                0x00000000100059e4       0x3c CMakeFiles/streamingData.dir/home/l00ser/git_codes/raspberry_pico/pico_sdk_lib/pico-sdk/src/rp2_common/pico_double/double_v1_rom_shim.S.obj
                0x00000000100059e4                dunpacks
 .text.__aeabi_lmul
                0x0000000010005a20       0x32 CMakeFiles/streamingData.dir/home/l00ser/git_codes/raspberry_pico/pico_sdk_lib/pico-sdk/src/rp2_common/pico_int64_ops/pico_int64_ops_aeabi.S.obj
                0x0000000010005a20                __wrap___aeabi_lmul
 *fill*         0x0000000010005a52        0x2 
 .text.__aeabi_float_init
                0x0000000010005a54       0x64 CMakeFiles/streamingData.dir/home/l00ser/git_codes/raspberry_pico/pico_sdk_lib/pico-sdk/src/rp2_common/pico_float/float_init_rom.c.obj
                0x0000000010005a54                __aeabi_float_init
 .text.float_table_shim_on_use_helper
                0x0000000010005ab8       0x2c CMakeFiles/streamingData.dir/home/l00ser/git_codes/raspberry_pico/pico_sdk_lib/pico-sdk/src/rp2_common/pico_float/float_v1_rom_shim.S.obj
                0x0000000010005ab8                float_table_shim_on_use_helper
 .text.__wrap_free
                0x0000000010005ae4        0x8 CMakeFiles/streamingData.dir/home/l00ser/git_codes/raspberry_pico/pico_sdk_lib/pico-sdk/src/rp2_common/pico_malloc/pico_malloc.c.obj
                0x0000000010005ae4                __wrap_free
 .text          0x0000000010005aec       0x10 CMakeFiles/streamingData.dir/home/l00ser/git_codes/raspberry_pico/pico_sdk_lib/pico-sdk/src/rp2_common/pico_mem_ops/mem_ops_aeabi.S.obj
                0x0000000010005aec                __aeabi_mem_init
 .text.memset   0x0000000010005afc        0xc CMakeFiles/streamingData.dir/home/l00ser/git_codes/raspberry_pico/pico_sdk_lib/pico-sdk/src/rp2_common/pico_mem_ops/mem_ops_aeabi.S.obj
                0x0000000010005afc                __wrap_memset
 .text.memcpy   0x0000000010005b08        0xc CMakeFiles/streamingData.dir/home/l00ser/git_codes/raspberry_pico/pico_sdk_lib/pico-sdk/src/rp2_common/pico_mem_ops/mem_ops_aeabi.S.obj
                0x0000000010005b08                __wrap___aeabi_memcpy
                0x0000000010005b08                __wrap_memcpy
 .text._ZdlPvj  0x0000000010005b14        0x8 CMakeFiles/streamingData.dir/home/l00ser/git_codes/raspberry_pico/pico_sdk_lib/pico-sdk/src/rp2_common/pico_standard_link/new_delete.cpp.obj
                0x0000000010005b14                operator delete(void*, unsigned int)
 .text.stdio_out_chars_no_crlf
                0x0000000010005b1c       0x10 CMakeFiles/streamingData.dir/home/l00ser/git_codes/raspberry_pico/pico_sdk_lib/pico-sdk/src/rp2_common/pico_stdio/stdio.c.obj
 .text.stdio_out_chars_crlf
                0x0000000010005b2c       0x94 CMakeFiles/streamingData.dir/home/l00ser/git_codes/raspberry_pico/pico_sdk_lib/pico-sdk/src/rp2_common/pico_stdio/stdio.c.obj
 .text.stdio_buffered_printer
                0x0000000010005bc0       0x64 CMakeFiles/streamingData.dir/home/l00ser/git_codes/raspberry_pico/pico_sdk_lib/pico-sdk/src/rp2_common/pico_stdio/stdio.c.obj
 .text.stdio_put_string
                0x0000000010005c24      0x100 CMakeFiles/streamingData.dir/home/l00ser/git_codes/raspberry_pico/pico_sdk_lib/pico-sdk/src/rp2_common/pico_stdio/stdio.c.obj
 .text.__wrap_putchar
                0x0000000010005d24       0xa4 CMakeFiles/streamingData.dir/home/l00ser/git_codes/raspberry_pico/pico_sdk_lib/pico-sdk/src/rp2_common/pico_stdio/stdio.c.obj
                0x0000000010005d24                __wrap_putchar
 .text.__wrap_puts
                0x0000000010005dc8       0x3c CMakeFiles/streamingData.dir/home/l00ser/git_codes/raspberry_pico/pico_sdk_lib/pico-sdk/src/rp2_common/pico_stdio/stdio.c.obj
                0x0000000010005dc8                __wrap_puts
 .text.stdio_set_driver_enabled
                0x0000000010005e04       0x3c CMakeFiles/streamingData.dir/home/l00ser/git_codes/raspberry_pico/pico_sdk_lib/pico-sdk/src/rp2_common/pico_stdio/stdio.c.obj
                0x0000000010005e04                stdio_set_driver_enabled
 .text.__wrap_vprintf
                0x0000000010005e40       0xd8 CMakeFiles/streamingData.dir/home/l00ser/git_codes/raspberry_pico/pico_sdk_lib/pico-sdk/src/rp2_common/pico_stdio/stdio.c.obj
                0x0000000010005e40                __wrap_vprintf
 .text.__wrap_printf
                0x0000000010005f18       0x18 CMakeFiles/streamingData.dir/home/l00ser/git_codes/raspberry_pico/pico_sdk_lib/pico-sdk/src/rp2_common/pico_stdio/stdio.c.obj
                0x0000000010005f18                __wrap_printf
 .text.stdio_init_all
                0x0000000010005f30        0x8 CMakeFiles/streamingData.dir/home/l00ser/git_codes/raspberry_pico/pico_sdk_lib/pico-sdk/src/rp2_common/pico_stdio/stdio.c.obj
                0x0000000010005f30                stdio_init_all
 .text.__wrap_getchar
                0x0000000010005f38       0x78 CMakeFiles/streamingData.dir/home/l00ser/git_codes/raspberry_pico/pico_sdk_lib/pico-sdk/src/rp2_common/pico_stdio/stdio.c.obj
                0x0000000010005f38                __wrap_getchar
 .text.getchar_timeout_us
                0x0000000010005fb0       0xa4 CMakeFiles/streamingData.dir/home/l00ser/git_codes/raspberry_pico/pico_sdk_lib/pico-sdk/src/rp2_common/pico_stdio/stdio.c.obj
                0x0000000010005fb0                getchar_timeout_us
 .text.resetd_init
                0x0000000010006054        0x4 CMakeFiles/streamingData.dir/home/l00ser/git_codes/raspberry_pico/pico_sdk_lib/pico-sdk/src/rp2_common/pico_stdio_usb/reset_interface.c.obj
 .text.resetd_reset
                0x0000000010006058        0xc CMakeFiles/streamingData.dir/home/l00ser/git_codes/raspberry_pico/pico_sdk_lib/pico-sdk/src/rp2_common/pico_stdio_usb/reset_interface.c.obj
 .text.resetd_open
                0x0000000010006064       0x28 CMakeFiles/streamingData.dir/home/l00ser/git_codes/raspberry_pico/pico_sdk_lib/pico-sdk/src/rp2_common/pico_stdio_usb/reset_interface.c.obj
 .text.resetd_xfer_cb
                0x000000001000608c        0x4 CMakeFiles/streamingData.dir/home/l00ser/git_codes/raspberry_pico/pico_sdk_lib/pico-sdk/src/rp2_common/pico_stdio_usb/reset_interface.c.obj
 .text.resetd_control_xfer_cb
                0x0000000010006090       0x64 CMakeFiles/streamingData.dir/home/l00ser/git_codes/raspberry_pico/pico_sdk_lib/pico-sdk/src/rp2_common/pico_stdio_usb/reset_interface.c.obj
 .text.usbd_app_driver_get_cb
                0x00000000100060f4        0xc CMakeFiles/streamingData.dir/home/l00ser/git_codes/raspberry_pico/pico_sdk_lib/pico-sdk/src/rp2_common/pico_stdio_usb/reset_interface.c.obj
                0x00000000100060f4                usbd_app_driver_get_cb
 .text.tud_cdc_line_coding_cb
                0x0000000010006100       0x34 CMakeFiles/streamingData.dir/home/l00ser/git_codes/raspberry_pico/pico_sdk_lib/pico-sdk/src/rp2_common/pico_stdio_usb/reset_interface.c.obj
                0x0000000010006100                tud_cdc_line_coding_cb
 .text.stdio_usb_in_chars
                0x0000000010006134       0x68 CMakeFiles/streamingData.dir/home/l00ser/git_codes/raspberry_pico/pico_sdk_lib/pico-sdk/src/rp2_common/pico_stdio_usb/stdio_usb.c.obj
                0x0000000010006134                stdio_usb_in_chars
 .text.stdio_usb_out_chars
                0x000000001000619c       0xec CMakeFiles/streamingData.dir/home/l00ser/git_codes/raspberry_pico/pico_sdk_lib/pico-sdk/src/rp2_common/pico_stdio_usb/stdio_usb.c.obj
 .text.timer_task
                0x0000000010006288       0x10 CMakeFiles/streamingData.dir/home/l00ser/git_codes/raspberry_pico/pico_sdk_lib/pico-sdk/src/rp2_common/pico_stdio_usb/stdio_usb.c.obj
 .text.low_priority_worker_irq
                0x0000000010006298       0x24 CMakeFiles/streamingData.dir/home/l00ser/git_codes/raspberry_pico/pico_sdk_lib/pico-sdk/src/rp2_common/pico_stdio_usb/stdio_usb.c.obj
 .text.stdio_usb_init
                0x00000000100062bc       0x90 CMakeFiles/streamingData.dir/home/l00ser/git_codes/raspberry_pico/pico_sdk_lib/pico-sdk/src/rp2_common/pico_stdio_usb/stdio_usb.c.obj
                0x00000000100062bc                stdio_usb_init
 .text.tud_descriptor_device_cb
                0x000000001000634c        0x8 CMakeFiles/streamingData.dir/home/l00ser/git_codes/raspberry_pico/pico_sdk_lib/pico-sdk/src/rp2_common/pico_stdio_usb/stdio_usb_descriptors.c.obj
                0x000000001000634c                tud_descriptor_device_cb
 .text.tud_descriptor_configuration_cb
                0x0000000010006354        0x8 CMakeFiles/streamingData.dir/home/l00ser/git_codes/raspberry_pico/pico_sdk_lib/pico-sdk/src/rp2_common/pico_stdio_usb/stdio_usb_descriptors.c.obj
                0x0000000010006354                tud_descriptor_configuration_cb
 .text.tud_descriptor_string_cb
                0x000000001000635c       0x70 CMakeFiles/streamingData.dir/home/l00ser/git_codes/raspberry_pico/pico_sdk_lib/pico-sdk/src/rp2_common/pico_stdio_usb/stdio_usb_descriptors.c.obj
                0x000000001000635c                tud_descriptor_string_cb
 .text.dcd_rp2040_irq
                0x00000000100063cc      0x21c CMakeFiles/streamingData.dir/home/l00ser/git_codes/raspberry_pico/pico_sdk_lib/pico-sdk/lib/tinyusb/src/portable/raspberrypi/rp2040/dcd_rp2040.c.obj
 .text.dcd_int_enable
                0x00000000100065e8        0xc CMakeFiles/streamingData.dir/home/l00ser/git_codes/raspberry_pico/pico_sdk_lib/pico-sdk/lib/tinyusb/src/portable/raspberrypi/rp2040/dcd_rp2040.c.obj
                0x00000000100065e8                dcd_int_enable
 .text.dcd_set_address
                0x00000000100065f4       0x14 CMakeFiles/streamingData.dir/home/l00ser/git_codes/raspberry_pico/pico_sdk_lib/pico-sdk/lib/tinyusb/src/portable/raspberrypi/rp2040/dcd_rp2040.c.obj
                0x00000000100065f4                dcd_set_address
 .text.dcd_connect
                0x0000000010006608       0x10 CMakeFiles/streamingData.dir/home/l00ser/git_codes/raspberry_pico/pico_sdk_lib/pico-sdk/lib/tinyusb/src/portable/raspberrypi/rp2040/dcd_rp2040.c.obj
                0x0000000010006608                dcd_connect
 .text.dcd_init
                0x0000000010006618      0x148 CMakeFiles/streamingData.dir/home/l00ser/git_codes/raspberry_pico/pico_sdk_lib/pico-sdk/lib/tinyusb/src/portable/raspberrypi/rp2040/dcd_rp2040.c.obj
                0x0000000010006618                dcd_init
 .text.dcd_edpt0_status_complete
                0x0000000010006760       0x1c CMakeFiles/streamingData.dir/home/l00ser/git_codes/raspberry_pico/pico_sdk_lib/pico-sdk/lib/tinyusb/src/portable/raspberrypi/rp2040/dcd_rp2040.c.obj
                0x0000000010006760                dcd_edpt0_status_complete
 .text.dcd_edpt_open
                0x000000001000677c       0xf0 CMakeFiles/streamingData.dir/home/l00ser/git_codes/raspberry_pico/pico_sdk_lib/pico-sdk/lib/tinyusb/src/portable/raspberrypi/rp2040/dcd_rp2040.c.obj
                0x000000001000677c                dcd_edpt_open
 .text.dcd_edpt_close_all
                0x000000001000686c       0xbc CMakeFiles/streamingData.dir/home/l00ser/git_codes/raspberry_pico/pico_sdk_lib/pico-sdk/lib/tinyusb/src/portable/raspberrypi/rp2040/dcd_rp2040.c.obj
                0x000000001000686c                dcd_edpt_close_all
 .text.dcd_edpt_xfer
                0x0000000010006928       0x24 CMakeFiles/streamingData.dir/home/l00ser/git_codes/raspberry_pico/pico_sdk_lib/pico-sdk/lib/tinyusb/src/portable/raspberrypi/rp2040/dcd_rp2040.c.obj
                0x0000000010006928                dcd_edpt_xfer
 .text.dcd_edpt_stall
                0x000000001000694c       0x38 CMakeFiles/streamingData.dir/home/l00ser/git_codes/raspberry_pico/pico_sdk_lib/pico-sdk/lib/tinyusb/src/portable/raspberrypi/rp2040/dcd_rp2040.c.obj
                0x000000001000694c                dcd_edpt_stall
 .text.dcd_edpt_clear_stall
                0x0000000010006984       0x30 CMakeFiles/streamingData.dir/home/l00ser/git_codes/raspberry_pico/pico_sdk_lib/pico-sdk/lib/tinyusb/src/portable/raspberrypi/rp2040/dcd_rp2040.c.obj
                0x0000000010006984                dcd_edpt_clear_stall
 .text._hw_endpoint_buffer_control_update32.part.0
                0x00000000100069b4       0x20 CMakeFiles/streamingData.dir/home/l00ser/git_codes/raspberry_pico/pico_sdk_lib/pico-sdk/lib/tinyusb/src/portable/raspberrypi/rp2040/rp2040_usb.c.obj
 .text.rp2040_usb_init
                0x00000000100069d4       0x4c CMakeFiles/streamingData.dir/home/l00ser/git_codes/raspberry_pico/pico_sdk_lib/pico-sdk/lib/tinyusb/src/portable/raspberrypi/rp2040/rp2040_usb.c.obj
                0x00000000100069d4                rp2040_usb_init
 .text.hw_endpoint_reset_transfer
                0x0000000010006a20        0xc CMakeFiles/streamingData.dir/home/l00ser/git_codes/raspberry_pico/pico_sdk_lib/pico-sdk/lib/tinyusb/src/portable/raspberrypi/rp2040/rp2040_usb.c.obj
                0x0000000010006a20                hw_endpoint_reset_transfer
 .text._hw_endpoint_buffer_control_update32
                0x0000000010006a2c       0x40 CMakeFiles/streamingData.dir/home/l00ser/git_codes/raspberry_pico/pico_sdk_lib/pico-sdk/lib/tinyusb/src/portable/raspberrypi/rp2040/rp2040_usb.c.obj
                0x0000000010006a2c                _hw_endpoint_buffer_control_update32
 .text.hw_endpoint_xfer_start
                0x0000000010006a6c      0x138 CMakeFiles/streamingData.dir/home/l00ser/git_codes/raspberry_pico/pico_sdk_lib/pico-sdk/lib/tinyusb/src/portable/raspberrypi/rp2040/rp2040_usb.c.obj
                0x0000000010006a6c                hw_endpoint_xfer_start
 .text.hw_endpoint_xfer_continue
                0x0000000010006ba4      0x1e4 CMakeFiles/streamingData.dir/home/l00ser/git_codes/raspberry_pico/pico_sdk_lib/pico-sdk/lib/tinyusb/src/portable/raspberrypi/rp2040/rp2040_usb.c.obj
                0x0000000010006ba4                hw_endpoint_xfer_continue
 .text.tud_mounted
                0x0000000010006d88       0x10 CMakeFiles/streamingData.dir/home/l00ser/git_codes/raspberry_pico/pico_sdk_lib/pico-sdk/lib/tinyusb/src/device/usbd.c.obj
                0x0000000010006d88                tud_mounted
 .text.tud_suspended
                0x0000000010006d98       0x10 CMakeFiles/streamingData.dir/home/l00ser/git_codes/raspberry_pico/pico_sdk_lib/pico-sdk/lib/tinyusb/src/device/usbd.c.obj
                0x0000000010006d98                tud_suspended
 .text.tud_inited
                0x0000000010006da8        0xc CMakeFiles/streamingData.dir/home/l00ser/git_codes/raspberry_pico/pico_sdk_lib/pico-sdk/lib/tinyusb/src/device/usbd.c.obj
                0x0000000010006da8                tud_inited
 .text.tud_init
                0x0000000010006db4       0xd8 CMakeFiles/streamingData.dir/home/l00ser/git_codes/raspberry_pico/pico_sdk_lib/pico-sdk/lib/tinyusb/src/device/usbd.c.obj
                0x0000000010006db4                tud_init
 .text.tud_task
                0x0000000010006e8c      0x8ec CMakeFiles/streamingData.dir/home/l00ser/git_codes/raspberry_pico/pico_sdk_lib/pico-sdk/lib/tinyusb/src/device/usbd.c.obj
                0x0000000010006e8c                tud_task
 .text.dcd_event_bus_signal
                0x0000000010007778      0x120 CMakeFiles/streamingData.dir/home/l00ser/git_codes/raspberry_pico/pico_sdk_lib/pico-sdk/lib/tinyusb/src/device/usbd.c.obj
                0x0000000010007778                dcd_event_bus_signal
 .text.dcd_event_bus_reset
                0x0000000010007898       0x54 CMakeFiles/streamingData.dir/home/l00ser/git_codes/raspberry_pico/pico_sdk_lib/pico-sdk/lib/tinyusb/src/device/usbd.c.obj
                0x0000000010007898                dcd_event_bus_reset
 .text.dcd_event_setup_received
                0x00000000100078ec       0x50 CMakeFiles/streamingData.dir/home/l00ser/git_codes/raspberry_pico/pico_sdk_lib/pico-sdk/lib/tinyusb/src/device/usbd.c.obj
                0x00000000100078ec                dcd_event_setup_received
 .text.dcd_event_xfer_complete
                0x000000001000793c       0x68 CMakeFiles/streamingData.dir/home/l00ser/git_codes/raspberry_pico/pico_sdk_lib/pico-sdk/lib/tinyusb/src/device/usbd.c.obj
                0x000000001000793c                dcd_event_xfer_complete
 .text.usbd_open_edpt_pair
                0x00000000100079a4       0x80 CMakeFiles/streamingData.dir/home/l00ser/git_codes/raspberry_pico/pico_sdk_lib/pico-sdk/lib/tinyusb/src/device/usbd.c.obj
                0x00000000100079a4                usbd_open_edpt_pair
 .text.usbd_edpt_open
                0x0000000010007a24       0x30 CMakeFiles/streamingData.dir/home/l00ser/git_codes/raspberry_pico/pico_sdk_lib/pico-sdk/lib/tinyusb/src/device/usbd.c.obj
                0x0000000010007a24                usbd_edpt_open
 .text.usbd_edpt_claim
                0x0000000010007a54       0x64 CMakeFiles/streamingData.dir/home/l00ser/git_codes/raspberry_pico/pico_sdk_lib/pico-sdk/lib/tinyusb/src/device/usbd.c.obj
                0x0000000010007a54                usbd_edpt_claim
 .text.usbd_edpt_release
                0x0000000010007ab8       0x4c CMakeFiles/streamingData.dir/home/l00ser/git_codes/raspberry_pico/pico_sdk_lib/pico-sdk/lib/tinyusb/src/device/usbd.c.obj
                0x0000000010007ab8                usbd_edpt_release
 .text.usbd_edpt_xfer
                0x0000000010007b04       0x48 CMakeFiles/streamingData.dir/home/l00ser/git_codes/raspberry_pico/pico_sdk_lib/pico-sdk/lib/tinyusb/src/device/usbd.c.obj
                0x0000000010007b04                usbd_edpt_xfer
 .text.tud_control_status
                0x0000000010007b4c       0x30 CMakeFiles/streamingData.dir/home/l00ser/git_codes/raspberry_pico/pico_sdk_lib/pico-sdk/lib/tinyusb/src/device/usbd_control.c.obj
                0x0000000010007b4c                tud_control_status
 .text.tud_control_xfer
                0x0000000010007b7c       0xb8 CMakeFiles/streamingData.dir/home/l00ser/git_codes/raspberry_pico/pico_sdk_lib/pico-sdk/lib/tinyusb/src/device/usbd_control.c.obj
                0x0000000010007b7c                tud_control_xfer
 .text.usbd_control_reset
                0x0000000010007c34       0x14 CMakeFiles/streamingData.dir/home/l00ser/git_codes/raspberry_pico/pico_sdk_lib/pico-sdk/lib/tinyusb/src/device/usbd_control.c.obj
                0x0000000010007c34                usbd_control_reset
 .text.usbd_control_set_complete_callback
                0x0000000010007c48        0xc CMakeFiles/streamingData.dir/home/l00ser/git_codes/raspberry_pico/pico_sdk_lib/pico-sdk/lib/tinyusb/src/device/usbd_control.c.obj
                0x0000000010007c48                usbd_control_set_complete_callback
 .text.usbd_control_set_request
                0x0000000010007c54       0x1c CMakeFiles/streamingData.dir/home/l00ser/git_codes/raspberry_pico/pico_sdk_lib/pico-sdk/lib/tinyusb/src/device/usbd_control.c.obj
                0x0000000010007c54                usbd_control_set_request
 .text.usbd_control_xfer_cb
                0x0000000010007c70       0xf8 CMakeFiles/streamingData.dir/home/l00ser/git_codes/raspberry_pico/pico_sdk_lib/pico-sdk/lib/tinyusb/src/device/usbd_control.c.obj
                0x0000000010007c70                usbd_control_xfer_cb
 .text.tud_cdc_n_connected
                0x0000000010007d68       0x30 CMakeFiles/streamingData.dir/home/l00ser/git_codes/raspberry_pico/pico_sdk_lib/pico-sdk/lib/tinyusb/src/class/cdc/cdc_device.c.obj
                0x0000000010007d68                tud_cdc_n_connected
 .text.tud_cdc_n_available
                0x0000000010007d98       0x18 CMakeFiles/streamingData.dir/home/l00ser/git_codes/raspberry_pico/pico_sdk_lib/pico-sdk/lib/tinyusb/src/class/cdc/cdc_device.c.obj
                0x0000000010007d98                tud_cdc_n_available
 .text.tud_cdc_n_read
                0x0000000010007db0       0x70 CMakeFiles/streamingData.dir/home/l00ser/git_codes/raspberry_pico/pico_sdk_lib/pico-sdk/lib/tinyusb/src/class/cdc/cdc_device.c.obj
                0x0000000010007db0                tud_cdc_n_read
 .text.tud_cdc_n_write_flush
                0x0000000010007e20       0x78 CMakeFiles/streamingData.dir/home/l00ser/git_codes/raspberry_pico/pico_sdk_lib/pico-sdk/lib/tinyusb/src/class/cdc/cdc_device.c.obj
                0x0000000010007e20                tud_cdc_n_write_flush
 .text.tud_cdc_n_write
                0x0000000010007e98       0x34 CMakeFiles/streamingData.dir/home/l00ser/git_codes/raspberry_pico/pico_sdk_lib/pico-sdk/lib/tinyusb/src/class/cdc/cdc_device.c.obj
                0x0000000010007e98                tud_cdc_n_write
 .text.tud_cdc_n_write_available
                0x0000000010007ecc       0x18 CMakeFiles/streamingData.dir/home/l00ser/git_codes/raspberry_pico/pico_sdk_lib/pico-sdk/lib/tinyusb/src/class/cdc/cdc_device.c.obj
                0x0000000010007ecc                tud_cdc_n_write_available
 .text.cdcd_init
                0x0000000010007ee4       0x7c CMakeFiles/streamingData.dir/home/l00ser/git_codes/raspberry_pico/pico_sdk_lib/pico-sdk/lib/tinyusb/src/class/cdc/cdc_device.c.obj
                0x0000000010007ee4                cdcd_init
 .text.cdcd_reset
                0x0000000010007f60       0x2c CMakeFiles/streamingData.dir/home/l00ser/git_codes/raspberry_pico/pico_sdk_lib/pico-sdk/lib/tinyusb/src/class/cdc/cdc_device.c.obj
                0x0000000010007f60                cdcd_reset
 .text.cdcd_open
                0x0000000010007f8c       0xe4 CMakeFiles/streamingData.dir/home/l00ser/git_codes/raspberry_pico/pico_sdk_lib/pico-sdk/lib/tinyusb/src/class/cdc/cdc_device.c.obj
                0x0000000010007f8c                cdcd_open
 .text.cdcd_control_xfer_cb
                0x0000000010008070       0xe4 CMakeFiles/streamingData.dir/home/l00ser/git_codes/raspberry_pico/pico_sdk_lib/pico-sdk/lib/tinyusb/src/class/cdc/cdc_device.c.obj
                0x0000000010008070                cdcd_control_xfer_cb
 .text.cdcd_xfer_cb
                0x0000000010008154      0x198 CMakeFiles/streamingData.dir/home/l00ser/git_codes/raspberry_pico/pico_sdk_lib/pico-sdk/lib/tinyusb/src/class/cdc/cdc_device.c.obj
                0x0000000010008154                cdcd_xfer_cb
 .text.tusb_init
                0x00000000100082ec        0xc CMakeFiles/streamingData.dir/home/l00ser/git_codes/raspberry_pico/pico_sdk_lib/pico-sdk/lib/tinyusb/src/tusb.c.obj
                0x00000000100082ec                tusb_init
 .text.tusb_inited
                0x00000000100082f8        0x8 CMakeFiles/streamingData.dir/home/l00ser/git_codes/raspberry_pico/pico_sdk_lib/pico-sdk/lib/tinyusb/src/tusb.c.obj
                0x00000000100082f8                tusb_inited
 .text.tu_edpt_validate
                0x0000000010008300       0x78 CMakeFiles/streamingData.dir/home/l00ser/git_codes/raspberry_pico/pico_sdk_lib/pico-sdk/lib/tinyusb/src/tusb.c.obj
                0x0000000010008300                tu_edpt_validate
 .text.tu_edpt_bind_driver
                0x0000000010008378       0x2c CMakeFiles/streamingData.dir/home/l00ser/git_codes/raspberry_pico/pico_sdk_lib/pico-sdk/lib/tinyusb/src/tusb.c.obj
                0x0000000010008378                tu_edpt_bind_driver
 .text.tu_fifo_config
                0x00000000100083a4       0x78 CMakeFiles/streamingData.dir/home/l00ser/git_codes/raspberry_pico/pico_sdk_lib/pico-sdk/lib/tinyusb/src/common/tusb_fifo.c.obj
                0x00000000100083a4                tu_fifo_config
 .text.tu_fifo_count
                0x000000001000841c       0x20 CMakeFiles/streamingData.dir/home/l00ser/git_codes/raspberry_pico/pico_sdk_lib/pico-sdk/lib/tinyusb/src/common/tusb_fifo.c.obj
                0x000000001000841c                tu_fifo_count
 .text.tu_fifo_empty
                0x000000001000843c       0x10 CMakeFiles/streamingData.dir/home/l00ser/git_codes/raspberry_pico/pico_sdk_lib/pico-sdk/lib/tinyusb/src/common/tusb_fifo.c.obj
                0x000000001000843c                tu_fifo_empty
 .text.tu_fifo_remaining
                0x000000001000844c       0x1c CMakeFiles/streamingData.dir/home/l00ser/git_codes/raspberry_pico/pico_sdk_lib/pico-sdk/lib/tinyusb/src/common/tusb_fifo.c.obj
                0x000000001000844c                tu_fifo_remaining
 .text.tu_fifo_read
                0x0000000010008468       0x9c CMakeFiles/streamingData.dir/home/l00ser/git_codes/raspberry_pico/pico_sdk_lib/pico-sdk/lib/tinyusb/src/common/tusb_fifo.c.obj
                0x0000000010008468                tu_fifo_read
 .text.tu_fifo_read_n
                0x0000000010008504      0x100 CMakeFiles/streamingData.dir/home/l00ser/git_codes/raspberry_pico/pico_sdk_lib/pico-sdk/lib/tinyusb/src/common/tusb_fifo.c.obj
                0x0000000010008504                tu_fifo_read_n
 .text.tu_fifo_write
                0x0000000010008604       0x7c CMakeFiles/streamingData.dir/home/l00ser/git_codes/raspberry_pico/pico_sdk_lib/pico-sdk/lib/tinyusb/src/common/tusb_fifo.c.obj
                0x0000000010008604                tu_fifo_write
 .text.tu_fifo_write_n
                0x0000000010008680       0xf8 CMakeFiles/streamingData.dir/home/l00ser/git_codes/raspberry_pico/pico_sdk_lib/pico-sdk/lib/tinyusb/src/common/tusb_fifo.c.obj
                0x0000000010008680                tu_fifo_write_n
 .text.tu_fifo_clear
                0x0000000010008778       0x4c CMakeFiles/streamingData.dir/home/l00ser/git_codes/raspberry_pico/pico_sdk_lib/pico-sdk/lib/tinyusb/src/common/tusb_fifo.c.obj
                0x0000000010008778                tu_fifo_clear
 .text.tu_fifo_set_overwritable
                0x00000000100087c4       0x3c CMakeFiles/streamingData.dir/home/l00ser/git_codes/raspberry_pico/pico_sdk_lib/pico-sdk/lib/tinyusb/src/common/tusb_fifo.c.obj
                0x00000000100087c4                tu_fifo_set_overwritable
 .text.startup._retrieve_unique_id_on_boot
                0x0000000010008800       0x10 CMakeFiles/streamingData.dir/home/l00ser/git_codes/raspberry_pico/pico_sdk_lib/pico-sdk/src/rp2_common/pico_unique_id/unique_id.c.obj
 .text.pico_get_unique_board_id_string
                0x0000000010008810      0x1bc CMakeFiles/streamingData.dir/home/l00ser/git_codes/raspberry_pico/pico_sdk_lib/pico-sdk/src/rp2_common/pico_unique_id/unique_id.c.obj
                0x0000000010008810                pico_get_unique_board_id_string
 .text.flash_get_unique_id
                0x00000000100089cc       0x40 CMakeFiles/streamingData.dir/home/l00ser/git_codes/raspberry_pico/pico_sdk_lib/pico-sdk/src/rp2_common/hardware_flash/flash.c.obj
                0x00000000100089cc                flash_get_unique_id
 .text.spi_init
                0x0000000010008a0c       0xf4 CMakeFiles/streamingData.dir/home/l00ser/git_codes/raspberry_pico/pico_sdk_lib/pico-sdk/src/rp2_common/hardware_spi/spi.c.obj
                0x0000000010008a0c                spi_init
 .text.spi_deinit
                0x0000000010008b00       0x3c CMakeFiles/streamingData.dir/home/l00ser/git_codes/raspberry_pico/pico_sdk_lib/pico-sdk/src/rp2_common/hardware_spi/spi.c.obj
                0x0000000010008b00                spi_deinit
 .text          0x0000000010008b3c       0x28 /usr/lib/gcc/arm-none-eabi/9.2.1/../../../arm-none-eabi/lib/thumb/v6-m/nofp/libc.a(lib_a-malloc.o)
                0x0000000010008b3c                malloc
                0x0000000010008b50                free
 .text          0x0000000010008b64      0x58c /usr/lib/gcc/arm-none-eabi/9.2.1/../../../arm-none-eabi/lib/thumb/v6-m/nofp/libc.a(lib_a-mallocr.o)
                0x0000000010008b64                _malloc_r
 .text          0x00000000100090f0        0x8 /usr/lib/gcc/arm-none-eabi/9.2.1/../../../arm-none-eabi/lib/thumb/v6-m/nofp/libc.a(lib_a-mlock.o)
                0x00000000100090f0                __malloc_lock
                0x00000000100090f4                __malloc_unlock
 .text          0x00000000100090f8       0x24 /usr/lib/gcc/arm-none-eabi/9.2.1/../../../arm-none-eabi/lib/thumb/v6-m/nofp/libc.a(lib_a-sbrkr.o)
                0x00000000100090f8                _sbrk_r
 .text          0x000000001000911c       0x68 /usr/lib/gcc/arm-none-eabi/9.2.1/../../../arm-none-eabi/lib/thumb/v6-m/nofp/libc.a(lib_a-strlen-stub.o)
                0x000000001000911c                strlen
 .text          0x0000000010009184      0x27c /usr/lib/gcc/arm-none-eabi/9.2.1/../../../arm-none-eabi/lib/thumb/v6-m/nofp/libc.a(lib_a-freer.o)
                0x0000000010009184                _malloc_trim_r
                0x0000000010009224                _free_r
 *(.fini)
 .fini          0x0000000010009400        0x4 /usr/lib/gcc/arm-none-eabi/9.2.1/thumb/v6-m/nofp/crti.o
                0x0000000010009400                _fini
 *fill*         0x0000000010009404        0x4 
 .fini.__stub   0x0000000010009408       0x80 linker stubs
 *crtbegin.o(.ctors)
 *crtbegin?.o(.ctors)
 *(EXCLUDE_FILE(*crtend.o *crtend?.o) .ctors)
 *(SORT_BY_NAME(.ctors.*))
 *(.ctors)
 *crtbegin.o(.dtors)
 *crtbegin?.o(.dtors)
 *(EXCLUDE_FILE(*crtend.o *crtend?.o) .dtors)
 *(SORT_BY_NAME(.dtors.*))
 *(.dtors)
 *(.eh_frame*)
 .eh_frame      0x0000000010009488        0x0 /usr/lib/gcc/arm-none-eabi/9.2.1/thumb/v6-m/nofp/crtbegin.o
                0x0000000010009488                . = ALIGN (0x4)

.glue_7         0x0000000010009488        0x0
 .glue_7        0x0000000010009488        0x0 linker stubs

.glue_7t        0x0000000010009488        0x0
 .glue_7t       0x0000000010009488        0x0 linker stubs

.vfp11_veneer   0x0000000010009488        0x0
 .vfp11_veneer  0x0000000010009488        0x0 linker stubs

.v4_bx          0x0000000010009488        0x0
 .v4_bx         0x0000000010009488        0x0 linker stubs

.iplt           0x0000000010009488        0x0
 .iplt          0x0000000010009488        0x0 /usr/lib/gcc/arm-none-eabi/9.2.1/thumb/v6-m/nofp/crtbegin.o

.rodata         0x0000000010009488      0x6fc
 *(EXCLUDE_FILE(*libm.a: *libc.a:*lib_a-mem*.o *libgcc.a:) .rodata*)
 .rodata._Z5setupv.str1.4
                0x0000000010009488       0xca CMakeFiles/streamingData.dir/streamingData.cpp.obj
 *fill*         0x0000000010009552        0x2 
 .rodata._Z4loopv.str1.4
                0x0000000010009554       0xf5 CMakeFiles/streamingData.dir/streamingData.cpp.obj
 *fill*         0x0000000010009649        0x3 
 .rodata        0x000000001000964c        0xc CMakeFiles/streamingData.dir/streamingData.cpp.obj
 .rodata._ZL10child_pipe
                0x0000000010009658        0x6 CMakeFiles/streamingData.dir/home/l00ser/git_codes/raspberry_pico/test/RF24/RF24.cpp.obj
 *fill*         0x000000001000965e        0x2 
 .rodata._ZL17child_pipe_enable
                0x0000000010009660        0x6 CMakeFiles/streamingData.dir/home/l00ser/git_codes/raspberry_pico/test/RF24/RF24.cpp.obj
 *fill*         0x0000000010009666        0x2 
 .rodata._ZTV3SPI
                0x0000000010009668       0x10 CMakeFiles/streamingData.dir/home/l00ser/git_codes/raspberry_pico/test/RF24/utility/rp2/spi.cpp.obj
                0x0000000010009668                vtable for SPI
 .rodata.spin_lock_claim_unused.str1.4
                0x0000000010009678       0x1b CMakeFiles/streamingData.dir/home/l00ser/git_codes/raspberry_pico/pico_sdk_lib/pico-sdk/src/rp2_common/hardware_sync/sync.c.obj
 *fill*         0x0000000010009693        0x5 
 .rodata.at_the_end_of_time
                0x0000000010009698        0x8 CMakeFiles/streamingData.dir/home/l00ser/git_codes/raspberry_pico/pico_sdk_lib/pico-sdk/src/common/pico_time/time.c.obj
                0x0000000010009698                at_the_end_of_time
 .rodata.hardware_alarm_claim.str1.4
                0x00000000100096a0       0x22 CMakeFiles/streamingData.dir/home/l00ser/git_codes/raspberry_pico/pico_sdk_lib/pico-sdk/src/rp2_common/hardware_timer/timer.c.obj
 *fill*         0x00000000100096c2        0x2 
 .rodata.panic.str1.4
                0x00000000100096c4       0x10 CMakeFiles/streamingData.dir/home/l00ser/git_codes/raspberry_pico/pico_sdk_lib/pico-sdk/src/rp2_common/pico_runtime/runtime.c.obj
                                         0x12 (size before relaxing)
 .rodata.hard_assertion_failure.str1.4
                0x00000000100096d4        0xc CMakeFiles/streamingData.dir/home/l00ser/git_codes/raspberry_pico/pico_sdk_lib/pico-sdk/src/rp2_common/pico_runtime/runtime.c.obj
 .rodata._ftoa.str1.4
                0x00000000100096e0       0x15 CMakeFiles/streamingData.dir/home/l00ser/git_codes/raspberry_pico/pico_sdk_lib/pico-sdk/src/rp2_common/pico_printf/printf.c.obj
 *fill*         0x00000000100096f5        0x3 
 .rodata._vsnprintf
                0x00000000100096f8      0x1e0 CMakeFiles/streamingData.dir/home/l00ser/git_codes/raspberry_pico/pico_sdk_lib/pico-sdk/src/rp2_common/pico_printf/printf.c.obj
 .rodata.pow10.5435
                0x00000000100098d8       0x50 CMakeFiles/streamingData.dir/home/l00ser/git_codes/raspberry_pico/pico_sdk_lib/pico-sdk/src/rp2_common/pico_printf/printf.c.obj
 .rodata.str1.4
                0x0000000010009928       0x44 CMakeFiles/streamingData.dir/home/l00ser/git_codes/raspberry_pico/pico_sdk_lib/pico-sdk/src/rp2_common/pico_standard_link/binary_info.c.obj
 .rodata.__bi_44
                0x000000001000996c        0xc CMakeFiles/streamingData.dir/home/l00ser/git_codes/raspberry_pico/pico_sdk_lib/pico-sdk/src/rp2_common/pico_standard_link/binary_info.c.obj
 .rodata.__bi_75
                0x0000000010009978        0xc CMakeFiles/streamingData.dir/home/l00ser/git_codes/raspberry_pico/pico_sdk_lib/pico-sdk/src/rp2_common/pico_standard_link/binary_info.c.obj
 .rodata.__bi_81
                0x0000000010009984        0xc CMakeFiles/streamingData.dir/home/l00ser/git_codes/raspberry_pico/pico_sdk_lib/pico-sdk/src/rp2_common/pico_standard_link/binary_info.c.obj
 .rodata.crlf_str.5904
                0x0000000010009990        0x2 CMakeFiles/streamingData.dir/home/l00ser/git_codes/raspberry_pico/pico_sdk_lib/pico-sdk/src/rp2_common/pico_stdio/stdio.c.obj
 *fill*         0x0000000010009992        0x2 
 .rodata._resetd_driver
                0x0000000010009994       0x18 CMakeFiles/streamingData.dir/home/l00ser/git_codes/raspberry_pico/pico_sdk_lib/pico-sdk/src/rp2_common/pico_stdio_usb/reset_interface.c.obj
 .rodata.str1.4
                0x00000000100099ac       0x13 CMakeFiles/streamingData.dir/home/l00ser/git_codes/raspberry_pico/pico_sdk_lib/pico-sdk/src/rp2_common/pico_stdio_usb/stdio_usb.c.obj
 *fill*         0x00000000100099bf        0x1 
 .rodata.__bi_93.7182
                0x00000000100099c0        0xc CMakeFiles/streamingData.dir/home/l00ser/git_codes/raspberry_pico/pico_sdk_lib/pico-sdk/src/rp2_common/pico_stdio_usb/stdio_usb.c.obj
 .rodata.str1.4
                0x00000000100099cc       0x2a CMakeFiles/streamingData.dir/home/l00ser/git_codes/raspberry_pico/pico_sdk_lib/pico-sdk/src/rp2_common/pico_stdio_usb/stdio_usb_descriptors.c.obj
 *fill*         0x00000000100099f6        0x2 
 .rodata.usbd_desc_cfg
                0x00000000100099f8       0x54 CMakeFiles/streamingData.dir/home/l00ser/git_codes/raspberry_pico/pico_sdk_lib/pico-sdk/src/rp2_common/pico_stdio_usb/stdio_usb_descriptors.c.obj
 .rodata.usbd_desc_device
                0x0000000010009a4c       0x12 CMakeFiles/streamingData.dir/home/l00ser/git_codes/raspberry_pico/pico_sdk_lib/pico-sdk/src/rp2_common/pico_stdio_usb/stdio_usb_descriptors.c.obj
 *fill*         0x0000000010009a5e        0x2 
 .rodata.usbd_desc_str
                0x0000000010009a60       0x18 CMakeFiles/streamingData.dir/home/l00ser/git_codes/raspberry_pico/pico_sdk_lib/pico-sdk/src/rp2_common/pico_stdio_usb/stdio_usb_descriptors.c.obj
 .rodata.dcd_rp2040_irq.str1.4
                0x0000000010009a78       0x14 CMakeFiles/streamingData.dir/home/l00ser/git_codes/raspberry_pico/pico_sdk_lib/pico-sdk/lib/tinyusb/src/portable/raspberrypi/rp2040/dcd_rp2040.c.obj
 .rodata._hw_endpoint_buffer_control_update32.part.0.str1.4
                0x0000000010009a8c       0x1f CMakeFiles/streamingData.dir/home/l00ser/git_codes/raspberry_pico/pico_sdk_lib/pico-sdk/lib/tinyusb/src/portable/raspberrypi/rp2040/rp2040_usb.c.obj
 *fill*         0x0000000010009aab        0x1 
 .rodata.hw_endpoint_xfer_continue.str1.4
                0x0000000010009aac       0x29 CMakeFiles/streamingData.dir/home/l00ser/git_codes/raspberry_pico/pico_sdk_lib/pico-sdk/lib/tinyusb/src/portable/raspberrypi/rp2040/rp2040_usb.c.obj
 *fill*         0x0000000010009ad5        0x3 
 .rodata.str1.4
                0x0000000010009ad8        0x7 CMakeFiles/streamingData.dir/home/l00ser/git_codes/raspberry_pico/pico_sdk_lib/pico-sdk/lib/tinyusb/src/portable/raspberrypi/rp2040/rp2040_usb.c.obj
 *fill*         0x0000000010009adf        0x1 
 .rodata.tud_task
                0x0000000010009ae0       0x8c CMakeFiles/streamingData.dir/home/l00ser/git_codes/raspberry_pico/pico_sdk_lib/pico-sdk/lib/tinyusb/src/device/usbd.c.obj
 .rodata._usbd_driver
                0x0000000010009b6c       0x18 CMakeFiles/streamingData.dir/home/l00ser/git_codes/raspberry_pico/pico_sdk_lib/pico-sdk/lib/tinyusb/src/device/usbd.c.obj
                0x0000000010009b84                . = ALIGN (0x4)
 *(SORT_BY_ALIGNMENT(SORT_BY_NAME(.flashdata*)))
                0x0000000010009b84                . = ALIGN (0x4)

.rel.dyn        0x0000000010009b84        0x0
 .rel.iplt      0x0000000010009b84        0x0 /usr/lib/gcc/arm-none-eabi/9.2.1/thumb/v6-m/nofp/crtbegin.o

.ARM.extab
 *(.ARM.extab* .gnu.linkonce.armextab.*)
                0x0000000010009b84                __exidx_start = .

.ARM.exidx
 *(.ARM.exidx* .gnu.linkonce.armexidx.*)
                0x0000000010009b84                __exidx_end = .
                0x0000000010009b84                . = ALIGN (0x4)
                0x0000000010009b84                __binary_info_start = .

.binary_info    0x0000000010009b84       0x20
 *(.binary_info.keep.*)
 .binary_info.keep.__bi_ptr22
                0x0000000010009b84        0x4 CMakeFiles/streamingData.dir/home/l00ser/git_codes/raspberry_pico/pico_sdk_lib/pico-sdk/src/rp2_common/pico_standard_link/binary_info.c.obj
 .binary_info.keep.__bi_ptr30
                0x0000000010009b88        0x4 CMakeFiles/streamingData.dir/home/l00ser/git_codes/raspberry_pico/pico_sdk_lib/pico-sdk/src/rp2_common/pico_standard_link/binary_info.c.obj
 .binary_info.keep.__bi_ptr38
                0x0000000010009b8c        0x4 CMakeFiles/streamingData.dir/home/l00ser/git_codes/raspberry_pico/pico_sdk_lib/pico-sdk/src/rp2_common/pico_standard_link/binary_info.c.obj
 .binary_info.keep.__bi_ptr44
                0x0000000010009b90        0x4 CMakeFiles/streamingData.dir/home/l00ser/git_codes/raspberry_pico/pico_sdk_lib/pico-sdk/src/rp2_common/pico_standard_link/binary_info.c.obj
 .binary_info.keep.__bi_ptr50
                0x0000000010009b94        0x4 CMakeFiles/streamingData.dir/home/l00ser/git_codes/raspberry_pico/pico_sdk_lib/pico-sdk/src/rp2_common/pico_standard_link/binary_info.c.obj
 .binary_info.keep.__bi_ptr75
                0x0000000010009b98        0x4 CMakeFiles/streamingData.dir/home/l00ser/git_codes/raspberry_pico/pico_sdk_lib/pico-sdk/src/rp2_common/pico_standard_link/binary_info.c.obj
 .binary_info.keep.__bi_ptr81
                0x0000000010009b9c        0x4 CMakeFiles/streamingData.dir/home/l00ser/git_codes/raspberry_pico/pico_sdk_lib/pico-sdk/src/rp2_common/pico_standard_link/binary_info.c.obj
 *(.binary_info.*)
 .binary_info.__bi_ptr93
                0x0000000010009ba0        0x4 CMakeFiles/streamingData.dir/home/l00ser/git_codes/raspberry_pico/pico_sdk_lib/pico-sdk/src/rp2_common/pico_stdio_usb/stdio_usb.c.obj
                0x0000000010009ba4                __binary_info_end = .
                0x0000000010009ba4                . = ALIGN (0x4)
                0x0000000010009ba4                __etext = .

.ram_vector_table
                0x0000000020000000       0xc0
 *(.ram_vector_table)
 .ram_vector_table
                0x0000000020000000       0xc0 CMakeFiles/streamingData.dir/home/l00ser/git_codes/raspberry_pico/pico_sdk_lib/pico-sdk/src/rp2_common/pico_runtime/runtime.c.obj
                0x0000000020000000                ram_vector_table

.data           0x00000000200000c0      0xc78 load address 0x0000000010009ba4
                0x00000000200000c0                __data_start__ = .
 *(vtable)
 *(.time_critical*)
 .time_critical.mutex_enter_blocking
                0x00000000200000c0       0x48 CMakeFiles/streamingData.dir/home/l00ser/git_codes/raspberry_pico/pico_sdk_lib/pico-sdk/src/common/pico_sync/mutex.c.obj
                0x00000000200000c0                mutex_enter_blocking
 .time_critical.mutex_try_enter
                0x0000000020000108       0x48 CMakeFiles/streamingData.dir/home/l00ser/git_codes/raspberry_pico/pico_sdk_lib/pico-sdk/src/common/pico_sync/mutex.c.obj
                0x0000000020000108                mutex_try_enter
 .time_critical.mutex_enter_timeout_ms
                0x0000000020000150       0x98 CMakeFiles/streamingData.dir/home/l00ser/git_codes/raspberry_pico/pico_sdk_lib/pico-sdk/src/common/pico_sync/mutex.c.obj
                0x0000000020000150                mutex_enter_timeout_ms
 .time_critical.mutex_exit
                0x00000000200001e8       0x28 CMakeFiles/streamingData.dir/home/l00ser/git_codes/raspberry_pico/pico_sdk_lib/pico-sdk/src/common/pico_sync/mutex.c.obj
                0x00000000200001e8                mutex_exit
 .time_critical.flash_init_boot2_copyout
                0x0000000020000210       0x30 CMakeFiles/streamingData.dir/home/l00ser/git_codes/raspberry_pico/pico_sdk_lib/pico-sdk/src/rp2_common/hardware_flash/flash.c.obj
 .time_critical.flash_enable_xip_via_boot2
                0x0000000020000240       0x10 CMakeFiles/streamingData.dir/home/l00ser/git_codes/raspberry_pico/pico_sdk_lib/pico-sdk/src/rp2_common/hardware_flash/flash.c.obj
 .time_critical.flash_cs_force
                0x0000000020000250       0x38 CMakeFiles/streamingData.dir/home/l00ser/git_codes/raspberry_pico/pico_sdk_lib/pico-sdk/src/rp2_common/hardware_flash/flash.c.obj
 .time_critical.flash_do_cmd
                0x0000000020000288       0xc4 CMakeFiles/streamingData.dir/home/l00ser/git_codes/raspberry_pico/pico_sdk_lib/pico-sdk/src/rp2_common/hardware_flash/flash.c.obj
                0x0000000020000288                flash_do_cmd
 .time_critical.spi_write_read_blocking
                0x000000002000034c       0x74 CMakeFiles/streamingData.dir/home/l00ser/git_codes/raspberry_pico/pico_sdk_lib/pico-sdk/src/rp2_common/hardware_spi/spi.c.obj
                0x000000002000034c                spi_write_read_blocking
 *(.text*)
 .text          0x00000000200003c0        0x4 /usr/lib/gcc/arm-none-eabi/9.2.1/thumb/v6-m/nofp/libgcc.a(_dvmd_tls.o)
                0x00000000200003c0                __aeabi_ldiv0
                0x00000000200003c0                __aeabi_idiv0
 *fill*         0x00000000200003c4        0x4 
 .text.__stub   0x00000000200003c8       0x30 linker stubs
                0x00000000200003f8                . = ALIGN (0x4)
 *(.rodata*)
                0x00000000200003f8                . = ALIGN (0x4)
 *(.data*)
 .data.striped_spin_lock_num
                0x00000000200003f8        0x1 CMakeFiles/streamingData.dir/home/l00ser/git_codes/raspberry_pico/pico_sdk_lib/pico-sdk/src/rp2_common/hardware_sync/sync.c.obj
 *fill*         0x00000000200003f9        0x3 
 .data.default_alarm_pool
                0x00000000200003fc       0x18 CMakeFiles/streamingData.dir/home/l00ser/git_codes/raspberry_pico/pico_sdk_lib/pico-sdk/src/common/pico_time/time.c.obj
 .data.default_alarm_pool_heap
                0x0000000020000414       0x10 CMakeFiles/streamingData.dir/home/l00ser/git_codes/raspberry_pico/pico_sdk_lib/pico-sdk/src/common/pico_time/time.c.obj
 .data          0x0000000020000424       0x48 CMakeFiles/streamingData.dir/home/l00ser/git_codes/raspberry_pico/pico_sdk_lib/pico-sdk/src/rp2_common/hardware_irq/irq_handler_chain.S.obj
                0x0000000020000424                irq_handler_chain_slots
                0x0000000020000454                irq_handler_chain_first_slot
                0x000000002000045e                irq_handler_chain_remove_tail
 *fill*         0x000000002000046c        0x4 
 .data.aeabi_bits_funcs
                0x0000000020000470       0x10 CMakeFiles/streamingData.dir/home/l00ser/git_codes/raspberry_pico/pico_sdk_lib/pico-sdk/src/rp2_common/pico_bit_ops/bit_ops_aeabi.S.obj
                0x0000000020000470                aeabi_bits_funcs
                0x0000000020000480                aeabi_bits_funcs_end
 .data.aeabi_mem_funcs
                0x0000000020000480       0x10 CMakeFiles/streamingData.dir/home/l00ser/git_codes/raspberry_pico/pico_sdk_lib/pico-sdk/src/rp2_common/pico_mem_ops/mem_ops_aeabi.S.obj
                0x0000000020000480                aeabi_mem_funcs
                0x0000000020000490                aeabi_mem_funcs_end
 .data.stdio_usb
                0x0000000020000490       0x14 CMakeFiles/streamingData.dir/home/l00ser/git_codes/raspberry_pico/pico_sdk_lib/pico-sdk/src/rp2_common/pico_stdio_usb/stdio_usb.c.obj
                0x0000000020000490                stdio_usb
 .data.ep_dir_string
                0x00000000200004a4        0x8 CMakeFiles/streamingData.dir/home/l00ser/git_codes/raspberry_pico/pico_sdk_lib/pico-sdk/lib/tinyusb/src/portable/raspberrypi/rp2040/rp2040_usb.c.obj
                0x00000000200004a4                ep_dir_string
 .data._usbd_qdef
                0x00000000200004ac       0x24 CMakeFiles/streamingData.dir/home/l00ser/git_codes/raspberry_pico/pico_sdk_lib/pico-sdk/lib/tinyusb/src/device/usbd.c.obj
                0x00000000200004ac                _usbd_qdef
 .data          0x00000000200004d0      0x430 /usr/lib/gcc/arm-none-eabi/9.2.1/../../../arm-none-eabi/lib/thumb/v6-m/nofp/libc.a(lib_a-impure.o)
                0x00000000200004d0                _impure_ptr
 .data          0x0000000020000900      0x410 /usr/lib/gcc/arm-none-eabi/9.2.1/../../../arm-none-eabi/lib/thumb/v6-m/nofp/libc.a(lib_a-mallocr.o)
                0x0000000020000900                __malloc_sbrk_base
                0x0000000020000904                __malloc_trim_threshold
                0x0000000020000908                __malloc_av_
                0x0000000020000d10                . = ALIGN (0x4)
 *(.after_data.*)
                0x0000000020000d10                . = ALIGN (0x4)
                0x0000000020000d10                PROVIDE (__mutex_array_start = .)
 *(SORT_BY_NAME(.mutex_array.*))
 *(.mutex_array)
 .mutex_array   0x0000000020000d10        0x8 CMakeFiles/streamingData.dir/home/l00ser/git_codes/raspberry_pico/pico_sdk_lib/pico-sdk/src/rp2_common/pico_stdio/stdio.c.obj
                0x0000000020000d18                PROVIDE (__mutex_array_end = .)
                0x0000000020000d18                . = ALIGN (0x4)
                0x0000000020000d18                PROVIDE (__preinit_array_start = .)
 *(SORT_BY_NAME(.preinit_array.*))
 .preinit_array.00001
                0x0000000020000d18        0x4 CMakeFiles/streamingData.dir/home/l00ser/git_codes/raspberry_pico/pico_sdk_lib/pico-sdk/src/rp2_common/pico_mem_ops/mem_ops_aeabi.S.obj
 .preinit_array.00010
                0x0000000020000d1c        0x4 CMakeFiles/streamingData.dir/home/l00ser/git_codes/raspberry_pico/pico_sdk_lib/pico-sdk/src/rp2_common/pico_bit_ops/bit_ops_aeabi.S.obj
 .preinit_array.00020
                0x0000000020000d20        0x4 CMakeFiles/streamingData.dir/home/l00ser/git_codes/raspberry_pico/pico_sdk_lib/pico-sdk/src/rp2_common/pico_double/double_aeabi.S.obj
 .preinit_array.00020
                0x0000000020000d24        0x4 CMakeFiles/streamingData.dir/home/l00ser/git_codes/raspberry_pico/pico_sdk_lib/pico-sdk/src/rp2_common/pico_float/float_aeabi.S.obj
 *(.preinit_array)
                0x0000000020000d28                PROVIDE (__preinit_array_end = .)
                0x0000000020000d28                . = ALIGN (0x4)
                0x0000000020000d28                PROVIDE (__init_array_start = .)
 *(SORT_BY_NAME(.init_array.*))
 *(.init_array)
 .init_array    0x0000000020000d28        0x4 /usr/lib/gcc/arm-none-eabi/9.2.1/thumb/v6-m/nofp/crtbegin.o
 .init_array    0x0000000020000d2c        0x4 CMakeFiles/streamingData.dir/streamingData.cpp.obj
 .init_array    0x0000000020000d30        0x4 CMakeFiles/streamingData.dir/home/l00ser/git_codes/raspberry_pico/test/RF24/RF24.cpp.obj
 .init_array    0x0000000020000d34        0x4 CMakeFiles/streamingData.dir/home/l00ser/git_codes/raspberry_pico/pico_sdk_lib/pico-sdk/src/rp2_common/pico_unique_id/unique_id.c.obj
                0x0000000020000d38                PROVIDE (__init_array_end = .)
                0x0000000020000d38                . = ALIGN (0x4)
                0x0000000020000d38                PROVIDE (__fini_array_start = .)
 *(SORT_BY_NAME(.fini_array.*))
 *(.fini_array)
                0x0000000020000d38                PROVIDE (__fini_array_end = .)
 *(.jcr)
                0x0000000020000d38                . = ALIGN (0x4)
                0x0000000020000d38                __data_end__ = .

.tm_clone_table
                0x0000000020000d38        0x0 load address 0x000000001000a81c
 .tm_clone_table
                0x0000000020000d38        0x0 /usr/lib/gcc/arm-none-eabi/9.2.1/thumb/v6-m/nofp/crtbegin.o
 .tm_clone_table
                0x0000000020000d38        0x0 /usr/lib/gcc/arm-none-eabi/9.2.1/thumb/v6-m/nofp/crtend.o

.igot.plt       0x0000000020000d38        0x0 load address 0x000000001000a81c
 .igot.plt      0x0000000020000d38        0x0 /usr/lib/gcc/arm-none-eabi/9.2.1/thumb/v6-m/nofp/crtbegin.o

.uninitialized_data
                0x0000000020000d38        0x0 load address 0x000000001000a81c
                0x0000000020000d38                . = ALIGN (0x4)
 *(.uninitialized_data*)

.scratch_x      0x0000000020040000        0x0 load address 0x000000001000a81c
                0x0000000020040000                __scratch_x_start__ = .
 *(.scratch_x.*)
                0x0000000020040000                . = ALIGN (0x4)
                0x0000000020040000                __scratch_x_end__ = .
                0x000000001000a81c                __scratch_x_source__ = LOADADDR (.scratch_x)

.scratch_y      0x0000000020041000        0x0 load address 0x000000001000a81c
                0x0000000020041000                __scratch_y_start__ = .
 *(.scratch_y.*)
                0x0000000020041000                . = ALIGN (0x4)
                0x0000000020041000                __scratch_y_end__ = .
                0x000000001000a81c                __scratch_y_source__ = LOADADDR (.scratch_y)

.bss            0x0000000020000d38      0xe58
                0x0000000020000d38                . = ALIGN (0x4)
                0x0000000020000d38                __bss_start__ = .
 *(SORT_BY_ALIGNMENT(SORT_BY_NAME(.bss*)))
 .bss.default_alarm_pool_entries
                0x0000000020000d38      0x100 CMakeFiles/streamingData.dir/home/l00ser/git_codes/raspberry_pico/pico_sdk_lib/pico-sdk/src/common/pico_time/time.c.obj
 .bss.last_avail_time.7161
                0x0000000020000e38        0x8 CMakeFiles/streamingData.dir/home/l00ser/git_codes/raspberry_pico/pico_sdk_lib/pico-sdk/src/rp2_common/pico_stdio_usb/stdio_usb.c.obj
 .bss           0x0000000020000e40       0x1c /usr/lib/gcc/arm-none-eabi/9.2.1/thumb/v6-m/nofp/crtbegin.o
 .bss           0x0000000020000e5c       0x34 /usr/lib/gcc/arm-none-eabi/9.2.1/../../../arm-none-eabi/lib/thumb/v6-m/nofp/libc.a(lib_a-mallocr.o)
                0x0000000020000e5c                __malloc_top_pad
                0x0000000020000e60                __malloc_current_mallinfo
                0x0000000020000e88                __malloc_max_sbrked_mem
                0x0000000020000e8c                __malloc_max_total_mem
 .bss._ZL3spi   0x0000000020000e90        0x4 CMakeFiles/streamingData.dir/streamingData.cpp.obj
 .bss._ZL3spi   0x0000000020000e94        0x4 CMakeFiles/streamingData.dir/home/l00ser/git_codes/raspberry_pico/test/RF24/RF24.cpp.obj
 .bss._ZN3SPI6_hw_idE
                0x0000000020000e98        0x4 CMakeFiles/streamingData.dir/home/l00ser/git_codes/raspberry_pico/test/RF24/utility/rp2/spi.cpp.obj
                0x0000000020000e98                SPI::_hw_id
 .bss._app_driver
                0x0000000020000e9c        0x4 CMakeFiles/streamingData.dir/home/l00ser/git_codes/raspberry_pico/pico_sdk_lib/pico-sdk/lib/tinyusb/src/device/usbd.c.obj
 .bss._cdcd_itf
                0x0000000020000ea0      0x2d8 CMakeFiles/streamingData.dir/home/l00ser/git_codes/raspberry_pico/pico_sdk_lib/pico-sdk/lib/tinyusb/src/class/cdc/cdc_device.c.obj
 .bss._ctrl_xfer
                0x0000000020001178       0x14 CMakeFiles/streamingData.dir/home/l00ser/git_codes/raspberry_pico/pico_sdk_lib/pico-sdk/lib/tinyusb/src/device/usbd_control.c.obj
 .bss._ubsd_mutexdef
                0x000000002000118c        0x8 CMakeFiles/streamingData.dir/home/l00ser/git_codes/raspberry_pico/pico_sdk_lib/pico-sdk/lib/tinyusb/src/device/usbd.c.obj
 .bss._usbd_ctrl_buf
                0x0000000020001194       0x40 CMakeFiles/streamingData.dir/home/l00ser/git_codes/raspberry_pico/pico_sdk_lib/pico-sdk/lib/tinyusb/src/device/usbd_control.c.obj
 .bss._usbd_dev
                0x00000000200011d4       0x53 CMakeFiles/streamingData.dir/home/l00ser/git_codes/raspberry_pico/pico_sdk_lib/pico-sdk/lib/tinyusb/src/device/usbd.c.obj
 *fill*         0x0000000020001227        0x1 
 .bss._usbd_mutex
                0x0000000020001228        0x4 CMakeFiles/streamingData.dir/home/l00ser/git_codes/raspberry_pico/pico_sdk_lib/pico-sdk/lib/tinyusb/src/device/usbd.c.obj
 .bss._usbd_q   0x000000002000122c        0x4 CMakeFiles/streamingData.dir/home/l00ser/git_codes/raspberry_pico/pico_sdk_lib/pico-sdk/lib/tinyusb/src/device/usbd.c.obj
 .bss.alarm_callbacks
                0x0000000020001230       0x10 CMakeFiles/streamingData.dir/home/l00ser/git_codes/raspberry_pico/pico_sdk_lib/pico-sdk/src/rp2_common/hardware_timer/timer.c.obj
 .bss.boot2_copyout
                0x0000000020001240      0x100 CMakeFiles/streamingData.dir/home/l00ser/git_codes/raspberry_pico/pico_sdk_lib/pico-sdk/src/rp2_common/hardware_flash/flash.c.obj
 .bss.buffer    0x0000000020001340       0x21 CMakeFiles/streamingData.dir/streamingData.cpp.obj
                0x0000000020001340                buffer
 *fill*         0x0000000020001361        0x3 
 .bss.claimed   0x0000000020001364        0x4 CMakeFiles/streamingData.dir/home/l00ser/git_codes/raspberry_pico/pico_sdk_lib/pico-sdk/src/rp2_common/hardware_sync/sync.c.obj
 .bss.configured_freq
                0x0000000020001368       0x28 CMakeFiles/streamingData.dir/home/l00ser/git_codes/raspberry_pico/pico_sdk_lib/pico-sdk/src/rp2_common/hardware_clocks/clocks.c.obj
 .bss.default_alarm_pool_entry_ids_high
                0x0000000020001390       0x10 CMakeFiles/streamingData.dir/home/l00ser/git_codes/raspberry_pico/pico_sdk_lib/pico-sdk/src/common/pico_time/time.c.obj
 .bss.default_alarm_pool_heap_nodes
                0x00000000200013a0       0x30 CMakeFiles/streamingData.dir/home/l00ser/git_codes/raspberry_pico/pico_sdk_lib/pico-sdk/src/common/pico_time/time.c.obj
 .bss.desc_str.7060
                0x00000000200013d0       0x28 CMakeFiles/streamingData.dir/home/l00ser/git_codes/raspberry_pico/pico_sdk_lib/pico-sdk/src/rp2_common/pico_stdio_usb/stdio_usb_descriptors.c.obj
 .bss.drivers   0x00000000200013f8        0x4 CMakeFiles/streamingData.dir/home/l00ser/git_codes/raspberry_pico/pico_sdk_lib/pico-sdk/src/rp2_common/pico_stdio/stdio.c.obj
 .bss.filter    0x00000000200013fc        0x4 CMakeFiles/streamingData.dir/home/l00ser/git_codes/raspberry_pico/pico_sdk_lib/pico-sdk/src/rp2_common/pico_stdio/stdio.c.obj
 .bss.heap_end.5846
                0x0000000020001400        0x4 CMakeFiles/streamingData.dir/home/l00ser/git_codes/raspberry_pico/pico_sdk_lib/pico-sdk/src/rp2_common/pico_runtime/runtime.c.obj
 .bss.hw_endpoints
                0x0000000020001404      0x400 CMakeFiles/streamingData.dir/home/l00ser/git_codes/raspberry_pico/pico_sdk_lib/pico-sdk/lib/tinyusb/src/portable/raspberrypi/rp2040/dcd_rp2040.c.obj
 .bss.lazy_vsnprintf
                0x0000000020001804        0x4 CMakeFiles/streamingData.dir/home/l00ser/git_codes/raspberry_pico/pico_sdk_lib/pico-sdk/src/rp2_common/pico_printf/printf.c.obj
 .bss.load_value